=== Running Test Script: very_minimal_table_loop.lua ===
DEBUG: Initializing base library
DEBUG: Got globals table handle: TableHandle(Handle { index: 0, generation: 1 })
DEBUG: Setting up _G._G first
DEBUG: _G._G setup complete
DEBUG: Starting function registration
DEBUG: Registering print...
DEBUG register_function: Registering 'print' in globals TableHandle(Handle { index: 0, generation: 1 })
DEBUG register_function: Created string handle StringHandle(Handle { index: 0, generation: 1 }) for 'print'
DEBUG register_function: About to set table field print -> CFunction
DEBUG register_function: Successfully registered 'print'
DEBUG: Registering type...
DEBUG register_function: Registering 'type' in globals TableHandle(Handle { index: 0, generation: 1 })
DEBUG register_function: Created string handle StringHandle(Handle { index: 1, generation: 2 }) for 'type'
DEBUG register_function: About to set table field type -> CFunction
DEBUG register_function: Successfully registered 'type'
DEBUG: Registering tostring...
DEBUG register_function: Registering 'tostring' in globals TableHandle(Handle { index: 0, generation: 1 })
DEBUG register_function: Created string handle StringHandle(Handle { index: 2, generation: 3 }) for 'tostring'
DEBUG register_function: About to set table field tostring -> CFunction
DEBUG register_function: Successfully registered 'tostring'
DEBUG: Registering tonumber...
DEBUG register_function: Registering 'tonumber' in globals TableHandle(Handle { index: 0, generation: 1 })
DEBUG register_function: Created string handle StringHandle(Handle { index: 3, generation: 4 }) for 'tonumber'
DEBUG register_function: About to set table field tonumber -> CFunction
DEBUG register_function: Successfully registered 'tonumber'
DEBUG: Registering assert...
DEBUG register_function: Registering 'assert' in globals TableHandle(Handle { index: 0, generation: 1 })
DEBUG register_function: Created string handle StringHandle(Handle { index: 30, generation: 31 }) for 'assert'
DEBUG register_function: About to set table field assert -> CFunction
DEBUG register_function: Successfully registered 'assert'
DEBUG: Registering error...
DEBUG register_function: Registering 'error' in globals TableHandle(Handle { index: 0, generation: 1 })
DEBUG register_function: Created string handle StringHandle(Handle { index: 31, generation: 32 }) for 'error'
DEBUG register_function: About to set table field error -> CFunction
DEBUG register_function: Successfully registered 'error'
DEBUG: Registering select...
DEBUG register_function: Registering 'select' in globals TableHandle(Handle { index: 0, generation: 1 })
DEBUG register_function: Created string handle StringHandle(Handle { index: 32, generation: 33 }) for 'select'
DEBUG register_function: About to set table field select -> CFunction
DEBUG register_function: Successfully registered 'select'
DEBUG: Registering next...
DEBUG register_function: Registering 'next' in globals TableHandle(Handle { index: 0, generation: 1 })
DEBUG register_function: Created string handle StringHandle(Handle { index: 4, generation: 5 }) for 'next'
DEBUG register_function: About to set table field next -> CFunction
DEBUG register_function: Successfully registered 'next'
DEBUG: Registering pairs...
DEBUG register_function: Registering 'pairs' in globals TableHandle(Handle { index: 0, generation: 1 })
DEBUG register_function: Created string handle StringHandle(Handle { index: 5, generation: 6 }) for 'pairs'
DEBUG register_function: About to set table field pairs -> CFunction
DEBUG register_function: Successfully registered 'pairs'
DEBUG: Registering ipairs...
DEBUG register_function: Registering 'ipairs' in globals TableHandle(Handle { index: 0, generation: 1 })
DEBUG register_function: Created string handle StringHandle(Handle { index: 6, generation: 7 }) for 'ipairs'
DEBUG register_function: About to set table field ipairs -> CFunction
DEBUG register_function: Successfully registered 'ipairs'
DEBUG: Registering rawget...
DEBUG register_function: Registering 'rawget' in globals TableHandle(Handle { index: 0, generation: 1 })
DEBUG register_function: Created string handle StringHandle(Handle { index: 9, generation: 10 }) for 'rawget'
DEBUG register_function: About to set table field rawget -> CFunction
DEBUG register_function: Successfully registered 'rawget'
DEBUG: Registering rawset...
DEBUG register_function: Registering 'rawset' in globals TableHandle(Handle { index: 0, generation: 1 })
DEBUG register_function: Created string handle StringHandle(Handle { index: 10, generation: 11 }) for 'rawset'
DEBUG register_function: About to set table field rawset -> CFunction
DEBUG register_function: Successfully registered 'rawset'
DEBUG: Registering rawequal...
DEBUG register_function: Registering 'rawequal' in globals TableHandle(Handle { index: 0, generation: 1 })
DEBUG register_function: Created string handle StringHandle(Handle { index: 11, generation: 12 }) for 'rawequal'
DEBUG register_function: About to set table field rawequal -> CFunction
DEBUG register_function: Successfully registered 'rawequal'
DEBUG: Registering getmetatable...
DEBUG register_function: Registering 'getmetatable' in globals TableHandle(Handle { index: 0, generation: 1 })
DEBUG register_function: Created string handle StringHandle(Handle { index: 7, generation: 8 }) for 'getmetatable'
DEBUG register_function: About to set table field getmetatable -> CFunction
DEBUG register_function: Successfully registered 'getmetatable'
DEBUG: Registering setmetatable...
DEBUG register_function: Registering 'setmetatable' in globals TableHandle(Handle { index: 0, generation: 1 })
DEBUG register_function: Created string handle StringHandle(Handle { index: 8, generation: 9 }) for 'setmetatable'
DEBUG register_function: About to set table field setmetatable -> CFunction
DEBUG register_function: Successfully registered 'setmetatable'
DEBUG: Registering pcall...
DEBUG register_function: Registering 'pcall' in globals TableHandle(Handle { index: 0, generation: 1 })
DEBUG register_function: Created string handle StringHandle(Handle { index: 33, generation: 34 }) for 'pcall'
DEBUG register_function: About to set table field pcall -> CFunction
DEBUG register_function: Successfully registered 'pcall'
DEBUG: Registering load...
DEBUG register_function: Registering 'load' in globals TableHandle(Handle { index: 0, generation: 1 })
DEBUG register_function: Created string handle StringHandle(Handle { index: 34, generation: 35 }) for 'load'
DEBUG register_function: About to set table field load -> CFunction
DEBUG register_function: Successfully registered 'load'
DEBUG: Registering unpack...
DEBUG register_function: Registering 'unpack' in globals TableHandle(Handle { index: 0, generation: 1 })
DEBUG register_function: Created string handle StringHandle(Handle { index: 35, generation: 36 }) for 'unpack'
DEBUG register_function: About to set table field unpack -> CFunction
DEBUG register_function: Successfully registered 'unpack'
DEBUG: Registering eval...
DEBUG register_function: Registering 'eval' in globals TableHandle(Handle { index: 0, generation: 1 })
DEBUG register_function: Created string handle StringHandle(Handle { index: 36, generation: 37 }) for 'eval'
DEBUG register_function: About to set table field eval -> CFunction
DEBUG register_function: Successfully registered 'eval'
DEBUG: All functions registered
DEBUG: Verifying functions before commit...
DEBUG: Pre-commit check - print function: Nil
DEBUG: Committing base library transaction...
DEBUG: Base library initialization complete
DEBUG: Post-commit verification...
DEBUG: Post-commit check - print function: CFunction(0x5604e228a2b0)
DEBUG STDLIB VERIFY: Checking for standard library functions...
DEBUG STDLIB VERIFY: Function 'assert' is registered as function
DEBUG STDLIB VERIFY: Function 'pairs' is registered as function
DEBUG STDLIB VERIFY: Function 'ipairs' is registered as function
DEBUG STDLIB VERIFY: Function 'tostring' is registered as function
DEBUG STDLIB VERIFY: Function 'type' is registered as function
DEBUG STDLIB VERIFY: Globals table has 0 array elements and 20 hash elements
DEBUG STDLIB VERIFY: Global 'tostring' -> <C function> (function)
DEBUG STDLIB VERIFY: Global 'assert' -> <C function> (function)
DEBUG STDLIB VERIFY: Global 'unpack' -> <C function> (function)
DEBUG STDLIB VERIFY: Global 'setmetatable' -> <C function> (function)
DEBUG STDLIB VERIFY: Global '_G' -> <table> (table)
DEBUG STDLIB VERIFY: Global 'next' -> <C function> (function)
DEBUG STDLIB VERIFY: Global 'tonumber' -> <C function> (function)
DEBUG STDLIB VERIFY: Global 'pairs' -> <C function> (function)
DEBUG STDLIB VERIFY: Global 'getmetatable' -> <C function> (function)
DEBUG STDLIB VERIFY: Global 'select' -> <C function> (function)
DEBUG STDLIB VERIFY: Global 'print' -> <C function> (function)
DEBUG STDLIB VERIFY: Global 'rawset' -> <C function> (function)
DEBUG STDLIB VERIFY: Global 'load' -> <C function> (function)
DEBUG STDLIB VERIFY: Global 'eval' -> <C function> (function)
DEBUG STDLIB VERIFY: Global 'error' -> <C function> (function)
DEBUG STDLIB VERIFY: Global 'rawget' -> <C function> (function)
DEBUG STDLIB VERIFY: Global 'ipairs' -> <C function> (function)
DEBUG STDLIB VERIFY: Global 'pcall' -> <C function> (function)
DEBUG STDLIB VERIFY: Global 'rawequal' -> <C function> (function)
DEBUG STDLIB VERIFY: Global 'type' -> <C function> (function)
Math library initialized
String library initialized
Table library initialized
DEBUG STDLIB VERIFY: Checking for standard library functions...
DEBUG STDLIB VERIFY: Function 'assert' is registered as function
DEBUG STDLIB VERIFY: Function 'pairs' is registered as function
DEBUG STDLIB VERIFY: Function 'ipairs' is registered as function
DEBUG STDLIB VERIFY: Function 'tostring' is registered as function
DEBUG STDLIB VERIFY: Function 'type' is registered as function
DEBUG STDLIB VERIFY: Globals table has 0 array elements and 23 hash elements
DEBUG STDLIB VERIFY: Global 'tostring' -> <C function> (function)
DEBUG STDLIB VERIFY: Global 'assert' -> <C function> (function)
DEBUG STDLIB VERIFY: Global 'unpack' -> <C function> (function)
DEBUG STDLIB VERIFY: Global 'setmetatable' -> <C function> (function)
DEBUG STDLIB VERIFY: Global '_G' -> <table> (table)
DEBUG STDLIB VERIFY: Global 'next' -> <C function> (function)
DEBUG STDLIB VERIFY: Global 'tonumber' -> <C function> (function)
DEBUG STDLIB VERIFY: Global 'pairs' -> <C function> (function)
DEBUG STDLIB VERIFY: Global 'getmetatable' -> <C function> (function)
DEBUG STDLIB VERIFY: Global 'math' -> <table> (table)
DEBUG STDLIB VERIFY: Global 'select' -> <C function> (function)
DEBUG STDLIB VERIFY: Global 'print' -> <C function> (function)
DEBUG STDLIB VERIFY: Global 'rawset' -> <C function> (function)
DEBUG STDLIB VERIFY: Global 'load' -> <C function> (function)
DEBUG STDLIB VERIFY: Global 'eval' -> <C function> (function)
DEBUG STDLIB VERIFY: Global 'error' -> <C function> (function)
DEBUG STDLIB VERIFY: Global 'rawget' -> <C function> (function)
DEBUG STDLIB VERIFY: Global 'string' -> <table> (table)
DEBUG STDLIB VERIFY: Global 'ipairs' -> <C function> (function)
DEBUG STDLIB VERIFY: Global 'table' -> <table> (table)
DEBUG STDLIB VERIFY: Global 'pcall' -> <C function> (function)
DEBUG STDLIB VERIFY: Global 'rawequal' -> <C function> (function)
DEBUG STDLIB VERIFY: Global 'type' -> <C function> (function)
DEBUG: Initializing base library
DEBUG: Got globals table handle: TableHandle(Handle { index: 0, generation: 1 })
DEBUG: Setting up _G._G first
DEBUG: _G._G setup complete
DEBUG: Starting function registration
DEBUG: Registering print...
DEBUG register_function: Registering 'print' in globals TableHandle(Handle { index: 0, generation: 1 })
DEBUG register_function: Created string handle StringHandle(Handle { index: 0, generation: 1 }) for 'print'
DEBUG register_function: About to set table field print -> CFunction
DEBUG register_function: Successfully registered 'print'
DEBUG: Registering type...
DEBUG register_function: Registering 'type' in globals TableHandle(Handle { index: 0, generation: 1 })
DEBUG register_function: Created string handle StringHandle(Handle { index: 1, generation: 2 }) for 'type'
DEBUG register_function: About to set table field type -> CFunction
DEBUG register_function: Successfully registered 'type'
DEBUG: Registering tostring...
DEBUG register_function: Registering 'tostring' in globals TableHandle(Handle { index: 0, generation: 1 })
DEBUG register_function: Created string handle StringHandle(Handle { index: 2, generation: 3 }) for 'tostring'
DEBUG register_function: About to set table field tostring -> CFunction
DEBUG register_function: Successfully registered 'tostring'
DEBUG: Registering tonumber...
DEBUG register_function: Registering 'tonumber' in globals TableHandle(Handle { index: 0, generation: 1 })
DEBUG register_function: Created string handle StringHandle(Handle { index: 3, generation: 4 }) for 'tonumber'
DEBUG register_function: About to set table field tonumber -> CFunction
DEBUG register_function: Successfully registered 'tonumber'
DEBUG: Registering assert...
DEBUG register_function: Registering 'assert' in globals TableHandle(Handle { index: 0, generation: 1 })
DEBUG register_function: Created string handle StringHandle(Handle { index: 30, generation: 31 }) for 'assert'
DEBUG register_function: About to set table field assert -> CFunction
DEBUG register_function: Successfully registered 'assert'
DEBUG: Registering error...
DEBUG register_function: Registering 'error' in globals TableHandle(Handle { index: 0, generation: 1 })
DEBUG register_function: Created string handle StringHandle(Handle { index: 31, generation: 32 }) for 'error'
DEBUG register_function: About to set table field error -> CFunction
DEBUG register_function: Successfully registered 'error'
DEBUG: Registering select...
DEBUG register_function: Registering 'select' in globals TableHandle(Handle { index: 0, generation: 1 })
DEBUG register_function: Created string handle StringHandle(Handle { index: 32, generation: 33 }) for 'select'
DEBUG register_function: About to set table field select -> CFunction
DEBUG register_function: Successfully registered 'select'
DEBUG: Registering next...
DEBUG register_function: Registering 'next' in globals TableHandle(Handle { index: 0, generation: 1 })
DEBUG register_function: Created string handle StringHandle(Handle { index: 4, generation: 5 }) for 'next'
DEBUG register_function: About to set table field next -> CFunction
DEBUG register_function: Successfully registered 'next'
DEBUG: Registering pairs...
DEBUG register_function: Registering 'pairs' in globals TableHandle(Handle { index: 0, generation: 1 })
DEBUG register_function: Created string handle StringHandle(Handle { index: 5, generation: 6 }) for 'pairs'
DEBUG register_function: About to set table field pairs -> CFunction
DEBUG register_function: Successfully registered 'pairs'
DEBUG: Registering ipairs...
DEBUG register_function: Registering 'ipairs' in globals TableHandle(Handle { index: 0, generation: 1 })
DEBUG register_function: Created string handle StringHandle(Handle { index: 6, generation: 7 }) for 'ipairs'
DEBUG register_function: About to set table field ipairs -> CFunction
DEBUG register_function: Successfully registered 'ipairs'
DEBUG: Registering rawget...
DEBUG register_function: Registering 'rawget' in globals TableHandle(Handle { index: 0, generation: 1 })
DEBUG register_function: Created string handle StringHandle(Handle { index: 9, generation: 10 }) for 'rawget'
DEBUG register_function: About to set table field rawget -> CFunction
DEBUG register_function: Successfully registered 'rawget'
DEBUG: Registering rawset...
DEBUG register_function: Registering 'rawset' in globals TableHandle(Handle { index: 0, generation: 1 })
DEBUG register_function: Created string handle StringHandle(Handle { index: 10, generation: 11 }) for 'rawset'
DEBUG register_function: About to set table field rawset -> CFunction
DEBUG register_function: Successfully registered 'rawset'
DEBUG: Registering rawequal...
DEBUG register_function: Registering 'rawequal' in globals TableHandle(Handle { index: 0, generation: 1 })
DEBUG register_function: Created string handle StringHandle(Handle { index: 11, generation: 12 }) for 'rawequal'
DEBUG register_function: About to set table field rawequal -> CFunction
DEBUG register_function: Successfully registered 'rawequal'
DEBUG: Registering getmetatable...
DEBUG register_function: Registering 'getmetatable' in globals TableHandle(Handle { index: 0, generation: 1 })
DEBUG register_function: Created string handle StringHandle(Handle { index: 7, generation: 8 }) for 'getmetatable'
DEBUG register_function: About to set table field getmetatable -> CFunction
DEBUG register_function: Successfully registered 'getmetatable'
DEBUG: Registering setmetatable...
DEBUG register_function: Registering 'setmetatable' in globals TableHandle(Handle { index: 0, generation: 1 })
DEBUG register_function: Created string handle StringHandle(Handle { index: 8, generation: 9 }) for 'setmetatable'
DEBUG register_function: About to set table field setmetatable -> CFunction
DEBUG register_function: Successfully registered 'setmetatable'
DEBUG: Registering pcall...
DEBUG register_function: Registering 'pcall' in globals TableHandle(Handle { index: 0, generation: 1 })
DEBUG register_function: Created string handle StringHandle(Handle { index: 33, generation: 34 }) for 'pcall'
DEBUG register_function: About to set table field pcall -> CFunction
DEBUG register_function: Successfully registered 'pcall'
DEBUG: Registering load...
DEBUG register_function: Registering 'load' in globals TableHandle(Handle { index: 0, generation: 1 })
DEBUG register_function: Created string handle StringHandle(Handle { index: 34, generation: 35 }) for 'load'
DEBUG register_function: About to set table field load -> CFunction
DEBUG register_function: Successfully registered 'load'
DEBUG: Registering unpack...
DEBUG register_function: Registering 'unpack' in globals TableHandle(Handle { index: 0, generation: 1 })
DEBUG register_function: Created string handle StringHandle(Handle { index: 35, generation: 36 }) for 'unpack'
DEBUG register_function: About to set table field unpack -> CFunction
DEBUG register_function: Successfully registered 'unpack'
DEBUG: Registering eval...
DEBUG register_function: Registering 'eval' in globals TableHandle(Handle { index: 0, generation: 1 })
DEBUG register_function: Created string handle StringHandle(Handle { index: 36, generation: 37 }) for 'eval'
DEBUG register_function: About to set table field eval -> CFunction
DEBUG register_function: Successfully registered 'eval'
DEBUG: All functions registered
DEBUG: Verifying functions before commit...
DEBUG: Pre-commit check - print function: CFunction(0x5604e228a2b0)
DEBUG: Committing base library transaction...
DEBUG: Base library initialization complete
DEBUG: Post-commit verification...
DEBUG: Post-commit check - print function: CFunction(0x5604e228a2b0)
DEBUG STDLIB VERIFY: Checking for standard library functions...
DEBUG STDLIB VERIFY: Function 'assert' is registered as function
DEBUG STDLIB VERIFY: Function 'pairs' is registered as function
DEBUG STDLIB VERIFY: Function 'ipairs' is registered as function
DEBUG STDLIB VERIFY: Function 'tostring' is registered as function
DEBUG STDLIB VERIFY: Function 'type' is registered as function
DEBUG STDLIB VERIFY: Globals table has 0 array elements and 23 hash elements
DEBUG STDLIB VERIFY: Global 'tostring' -> <C function> (function)
DEBUG STDLIB VERIFY: Global 'assert' -> <C function> (function)
DEBUG STDLIB VERIFY: Global 'unpack' -> <C function> (function)
DEBUG STDLIB VERIFY: Global 'setmetatable' -> <C function> (function)
DEBUG STDLIB VERIFY: Global '_G' -> <table> (table)
DEBUG STDLIB VERIFY: Global 'next' -> <C function> (function)
DEBUG STDLIB VERIFY: Global 'tonumber' -> <C function> (function)
DEBUG STDLIB VERIFY: Global 'pairs' -> <C function> (function)
DEBUG STDLIB VERIFY: Global 'getmetatable' -> <C function> (function)
DEBUG STDLIB VERIFY: Global 'math' -> <table> (table)
DEBUG STDLIB VERIFY: Global 'select' -> <C function> (function)
DEBUG STDLIB VERIFY: Global 'print' -> <C function> (function)
DEBUG STDLIB VERIFY: Global 'rawset' -> <C function> (function)
DEBUG STDLIB VERIFY: Global 'load' -> <C function> (function)
DEBUG STDLIB VERIFY: Global 'eval' -> <C function> (function)
DEBUG STDLIB VERIFY: Global 'error' -> <C function> (function)
DEBUG STDLIB VERIFY: Global 'rawget' -> <C function> (function)
DEBUG STDLIB VERIFY: Global 'string' -> <table> (table)
DEBUG STDLIB VERIFY: Global 'ipairs' -> <C function> (function)
DEBUG STDLIB VERIFY: Global 'table' -> <table> (table)
DEBUG STDLIB VERIFY: Global 'pcall' -> <C function> (function)
DEBUG STDLIB VERIFY: Global 'rawequal' -> <C function> (function)
DEBUG STDLIB VERIFY: Global 'type' -> <C function> (function)
Math library initialized
String library initialized
Table library initialized
DEBUG STDLIB VERIFY: Checking for standard library functions...
DEBUG STDLIB VERIFY: Function 'assert' is registered as function
DEBUG STDLIB VERIFY: Function 'pairs' is registered as function
DEBUG STDLIB VERIFY: Function 'ipairs' is registered as function
DEBUG STDLIB VERIFY: Function 'tostring' is registered as function
DEBUG STDLIB VERIFY: Function 'type' is registered as function
DEBUG STDLIB VERIFY: Globals table has 0 array elements and 23 hash elements
DEBUG STDLIB VERIFY: Global 'tostring' -> <C function> (function)
DEBUG STDLIB VERIFY: Global 'assert' -> <C function> (function)
DEBUG STDLIB VERIFY: Global 'unpack' -> <C function> (function)
DEBUG STDLIB VERIFY: Global 'setmetatable' -> <C function> (function)
DEBUG STDLIB VERIFY: Global '_G' -> <table> (table)
DEBUG STDLIB VERIFY: Global 'next' -> <C function> (function)
DEBUG STDLIB VERIFY: Global 'tonumber' -> <C function> (function)
DEBUG STDLIB VERIFY: Global 'pairs' -> <C function> (function)
DEBUG STDLIB VERIFY: Global 'getmetatable' -> <C function> (function)
DEBUG STDLIB VERIFY: Global 'math' -> <table> (table)
DEBUG STDLIB VERIFY: Global 'select' -> <C function> (function)
DEBUG STDLIB VERIFY: Global 'print' -> <C function> (function)
DEBUG STDLIB VERIFY: Global 'rawset' -> <C function> (function)
DEBUG STDLIB VERIFY: Global 'load' -> <C function> (function)
DEBUG STDLIB VERIFY: Global 'eval' -> <C function> (function)
DEBUG STDLIB VERIFY: Global 'error' -> <C function> (function)
DEBUG STDLIB VERIFY: Global 'rawget' -> <C function> (function)
DEBUG STDLIB VERIFY: Global 'string' -> <table> (table)
DEBUG STDLIB VERIFY: Global 'ipairs' -> <C function> (function)
DEBUG STDLIB VERIFY: Global 'table' -> <table> (table)
DEBUG STDLIB VERIFY: Global 'pcall' -> <C function> (function)
DEBUG STDLIB VERIFY: Global 'rawequal' -> <C function> (function)
DEBUG STDLIB VERIFY: Global 'type' -> <C function> (function)
DEBUG COMPILER: Compilation complete - main bytecode: 19, total prototypes: 0, strings: 3
DEBUG LOADER: Created 3 string handles
DEBUG LOADER: Module has 7 constants
DEBUG LOADER:   Constant 0: Number(10.0)
DEBUG LOADER:   Constant 1: Number(20.0)
DEBUG LOADER:   Constant 2: Number(30.0)
DEBUG LOADER:   Constant 3: Number(1.0)
DEBUG LOADER:   Constant 4: String(0)
DEBUG LOADER:   Constant 5: String(1)
DEBUG LOADER:   Constant 6: String(2)
DEBUG LOADER: Processing 0 nested prototypes
DEBUG LOADER: Processing second pass for prototype constants
DEBUG LOADER: Processing main function - 7 constants, 19 bytecode
DEBUG LOADER:   Main function constant 0: Number(10.0)
DEBUG LOADER:   Main function constant 1: Number(20.0)
DEBUG LOADER:   Main function constant 2: Number(30.0)
DEBUG LOADER:   Main function constant 3: Number(1.0)
DEBUG LOADER:   Main function constant 4: String(0)
DEBUG LOADER:   Main function constant 5: String(1)
DEBUG LOADER:   Main function constant 6: String(2)
DEBUG LOADER: Creating main function prototype
Table value at index 1:	10
Table value at index 1:	10
Table value at index 1:	10
Table value at index 1:	10
Table value at index 1:	10
Table value at index 1:	10
Table value at index 1:	10
Table value at index 1:	10
Table value at index 1:	10
Table value at index 1:	10
Table value at index 1:	10
Table value at index 1:	10
Table value at index 1:	10
Table value at index 1:	10
Table value at index 1:	10
Table value at index 1:	10
Table value at index 1:	10
Table value at index 1:	10
Table value at index 1:	10
Table value at index 1:	10
Table value at index 1:	10
Table value at index 1:	10
Table value at index 1:	10
Table value at index 1:	10
Table value at index 1:	10
Table value at index 1:	10
Table value at index 1:	10
Table value at index 1:	10
Table value at index 1:	10
Table value at index 1:	10
Table value at index 1:	10
Table value at index 1:	10
Table value at index 1:	10
Table value at index 1:	10
Table value at index 1:	10
Table value at index 1:	10
Table value at index 1:	10
Table value at index 1:	10
Table value at index 1:	10
Table value at index 1:	10
Table value at index 1:	10
Table value at index 1:	10
Table value at index 1:	10
Table value at index 1:	10
Table value at index 1:	10
Table value at index 1:	10
Table value at index 1:	10
Table value at index 1:	10
Table value at index 1:	10
Table value at index 1:	10
Table value at index 1:	10
Table value at index 1:	10
Table value at index 1:	10
Table value at index 1:	10
Table value at index 1:	10
Table value at index 1:	10
Table value at index 1:	10
Table value at index 1:	10
Table value at index 1:	10
Table value at index 1:	10
Table value at index 1:	10
Table value at index 1:	10
Table value at index 1:	10
Table value at index 1:	10
Table value at index 1:	10
Table value at index 1:	10
Table value at index 1:	10
Table value at index 1:	10
Table value at index 1:	10
Table value at index 1:	10
Table value at index 1:	10
Table value at index 1:	10
Table value at index 1:	10
Table value at index 1:	10
Table value at index 1:	10
Table value at index 1:	10
Table value at index 1:	10
Table value at index 1:	10
Table value at index 1:	10
Table value at index 1:	10
Table value at index 1:	10
Table value at index 1:	10
Table value at index 1:	10
Table value at index 1:	10
Table value at index 1:	10
Table value at index 1:	10
Table value at index 1:	10
Table value at index 1:	10
Table value at index 1:	10
Table value at index 1:	10
Table value at index 1:	10
Table value at index 1:	10
Table value at index 1:	10
Table value at index 1:	10
Table value at index 1:	10
Table value at index 1:	10
Table value at index 1:	10
Table value at index 1:	10
Table value at index 1:	10
Table value at index 1:	10
Table value at index 1:	10
Table value at index 1:	10
Table value at index 1:	10
Table value at index 1:	10
Table value at index 1:	10
Table value at index 1:	10
Table value at index 1:	10
Table value at index 1:	10
Table value at index 1:	10
Table value at index 1:	10
Table value at index 1:	10
Table value at index 1:	10
Table value at index 1:	10
Table value at index 1:	10
Table value at index 1:	10
Table value at index 1:	10
Table value at index 1:	10
Table value at index 1:	10
Table value at index 1:	10
Table value at index 1:	10
Table value at index 1:	10
Table value at index 1:	10
Table value at index 1:	10
Table value at index 1:	10
Table value at index 1:	10
Table value at index 1:	10
Table value at index 1:	10
Table value at index 1:	10
Table value at index 1:	10
Table value at index 1:	10
Table value at index 1:	10
Table value at index 1:	10
Table value at index 1:	10
Table value at index 1:	10
Table value at index 1:	10
Table value at index 1:	10
Table value at index 1:	10
Table value at index 1:	10
Table value at index 1:	10
Table value at index 1:	10
Table value at index 1:	10
Table value at index 1:	10
Table value at index 1:	10
Table value at index 1:	10
Table value at index 1:	10
Table value at index 1:	10
Table value at index 1:	10
Table value at index 1:	10
Table value at index 1:	10
Table value at index 1:	10
Table value at index 1:	10
Table value at index 1:	10
Table value at index 1:	10
Table value at index 1:	10
Table value at index 1:	10
Table value at index 1:	10
Table value at index 1:	10
Table value at index 1:	10
Table value at index 1:	10
Table value at index 1:	10
Table value at index 1:	10
Table value at index 1:	10
Table value at index 1:	10
Table value at index 1:	10
Table value at index 1:	10
Table value at index 1:	10
Table value at index 1:	10
Table value at index 1:	10
Table value at index 1:	10
Table value at index 1:	10
Table value at index 1:	10
Table value at index 1:	10
Table value at index 1:	10
Table value at index 1:	10
Table value at index 1:	10
Table value at index 1:	10
Table value at index 1:	10
Table value at index 1:	10
Table value at index 1:	10
Table value at index 1:	10
Table value at index 1:	10
Table value at index 1:	10
Table value at index 1:	10
Table value at index 1:	10
Table value at index 1:	10
Table value at index 1:	10
Table value at index 1:	10
Table value at index 1:	10
Table value at index 1:	10
Table value at index 1:	10
Table value at index 1:	10
Table value at index 1:	10
Table value at index 1:	10
Table value at index 1:	10
Table value at index 1:	10
Table value at index 1:	10
Table value at index 1:	10
Table value at index 1:	10
Table value at index 1:	10
Table value at index 1:	10
Table value at index 1:	10
Table value at index 1:	10
Table value at index 1:	10
Table value at index 1:	10
Table value at index 1:	10
Table value at index 1:	10
Table value at index 1:	10
Table value at index 1:	10
Table value at index 1:	10
Table value at index 1:	10
Table value at index 1:	10
Table value at index 1:	10
Table value at index 1:	10
Table value at index 1:	10
Table value at index 1:	10
Table value at index 1:	10
Table value at index 1:	10
Table value at index 1:	10
Table value at index 1:	10
Table value at index 1:	10
Table value at index 1:	10
Table value at index 1:	10
Table value at index 1:	10
Table value at index 1:	10
Table value at index 1:	10
Table value at index 1:	10
Table value at index 1:	10
Table value at index 1:	10
Table value at index 1:	10
Table value at index 1:	10
Table value at index 1:	10
Table value at index 1:	10
Table value at index 1:	10
Table value at index 1:	10
Table value at index 1:	10
Table value at index 1:	10
Table value at index 1:	10
Table value at index 1:	10
Table value at index 1:	10
Table value at index 1:	10
Table value at index 1:	10
Table value at index 1:	10
Table value at index 1:	10
Table value at index 1:	10
Table value at index 1:	10
Table value at index 1:	10
Table value at index 1:	10
Table value at index 1:	10
Table value at index 1:	10
Table value at index 1:	10
Table value at index 1:	10
Table value at index 1:	10
Table value at index 1:	10
Table value at index 1:	10
Table value at index 1:	10
Table value at index 1:	10
Table value at index 1:	10
Table value at index 1:	10
Table value at index 1:	10
Table value at index 1:	10
Table value at index 1:	10
Table value at index 1:	10
Table value at index 1:	10
Table value at index 1:	10
Table value at index 1:	10
Table value at index 1:	10
Table value at index 1:	10
Table value at index 1:	10
Table value at index 1:	10
Table value at index 1:	10
Table value at index 1:	10
Table value at index 1:	10
Table value at index 1:	10
Table value at index 1:	10
Table value at index 1:	10
Table value at index 1:	10
Table value at index 1:	10
Table value at index 1:	10
Table value at index 1:	10
Table value at index 1:	10
Table value at index 1:	10
Table value at index 1:	10
Table value at index 1:	10
Table value at index 1:	10
Table value at index 1:	10
Table value at index 1:	10
Table value at index 1:	10
Table value at index 1:	10
Table value at index 1:	10
Table value at index 1:	10
Table value at index 1:	10
Table value at index 1:	10
Table value at index 1:	10
Table value at index 1:	10
Table value at index 1:	10
Table value at index 1:	10
Table value at index 1:	10
Table value at index 1:	10
Table value at index 1:	10
Table value at index 1:	10
Table value at index 1:	10
Table value at index 1:	10
Table value at index 1:	10
Table value at index 1:	10
Table value at index 1:	10
Table value at index 1:	10
Table value at index 1:	10
Table value at index 1:	10
Table value at index 1:	10
Table value at index 1:	10
Table value at index 1:	10
Table value at index 1:	10
Table value at index 1:	10
Table value at index 1:	10
Table value at index 1:	10
Table value at index 1:	10
Table value at index 1:	10
Table value at index 1:	10
Table value at index 1:	10
Table value at index 1:	10
Table value at index 1:	10
Table value at index 1:	10
Table value at index 1:	10
Table value at index 1:	10
Table value at index 1:	10
Table value at index 1:	10
Table value at index 1:	10
Table value at index 1:	10
Table value at index 1:	10
Table value at index 1:	10
Table value at index 1:	10
Table value at index 1:	10
Table value at index 1:	10
Table value at index 1:	10
Table value at index 1:	10
Table value at index 1:	10
Table value at index 1:	10
Table value at index 1:	10
Table value at index 1:	10
Table value at index 1:	10
Table value at index 1:	10
Table value at index 1:	10
Table value at index 1:	10
Table value at index 1:	10
Table value at index 1:	10
Table value at index 1:	10
Table value at index 1:	10
Table value at index 1:	10
Table value at index 1:	10
Table value at index 1:	10
Table value at index 1:	10
Table value at index 1:	10
Table value at index 1:	10
Table value at index 1:	10
Table value at index 1:	10
Table value at index 1:	10
Table value at index 1:	10
Table value at index 1:	10
Table value at index 1:	10
Table value at index 1:	10
Table value at index 1:	10
Table value at index 1:	10
Table value at index 1:	10
Table value at index 1:	10
Table value at index 1:	10
Table value at index 1:	10
Table value at index 1:	10
Table value at index 1:	10
Table value at index 1:	10
Table value at index 1:	10
Table value at index 1:	10
Table value at index 1:	10
Table value at index 1:	10
Table value at index 1:	10
Table value at index 1:	10
Table value at index 1:	10
Table value at index 1:	10
Table value at index 1:	10
Table value at index 1:	10
Table value at index 1:	10
Table value at index 1:	10
Table value at index 1:	10
Table value at index 1:	10
Table value at index 1:	10
Table value at index 1:	10
Table value at index 1:	10
Table value at index 1:	10
Table value at index 1:	10
Table value at index 1:	10
Table value at index 1:	10
Table value at index 1:	10
Table value at index 1:	10
Table value at index 1:	10
Table value at index 1:	10
Table value at index 1:	10
Table value at index 1:	10
Table value at index 1:	10
Table value at index 1:	10
Table value at index 1:	10
Table value at index 1:	10
Table value at index 1:	10
Table value at index 1:	10
Table value at index 1:	10
Table value at index 1:	10
Table value at index 1:	10
Table value at index 1:	10
Table value at index 1:	10
Table value at index 1:	10
Table value at index 1:	10
Table value at index 1:	10
Table value at index 1:	10
Table value at index 1:	10
Table value at index 1:	10
Table value at index 1:	10
Table value at index 1:	10
Table value at index 1:	10
Table value at index 1:	10
Table value at index 1:	10
Table value at index 1:	10
Table value at index 1:	10
Table value at index 1:	10
Table value at index 1:	10
Table value at index 1:	10
Table value at index 1:	10
Table value at index 1:	10
Table value at index 1:	10
Table value at index 1:	10
Table value at index 1:	10
Table value at index 1:	10
Table value at index 1:	10
Table value at index 1:	10
Table value at index 1:	10
Table value at index 1:	10
Table value at index 1:	10
Table value at index 1:	10
Table value at index 1:	10
Table value at index 1:	10
Table value at index 1:	10
Table value at index 1:	10
Table value at index 1:	10
Table value at index 1:	10
Table value at index 1:	10
Table value at index 1:	10
Table value at index 1:	10
Table value at index 1:	10
Table value at index 1:	10
Table value at index 1:	10
Table value at index 1:	10
Table value at index 1:	10
Table value at index 1:	10
Table value at index 1:	10
Table value at index 1:	10
Table value at index 1:	10
Table value at index 1:	10
Table value at index 1:	10
Table value at index 1:	10
Table value at index 1:	10
Table value at index 1:	10
Table value at index 1:	10
Table value at index 1:	10
Table value at index 1:	10
Table value at index 1:	10
Table value at index 1:	10
Table value at index 1:	10
Table value at index 1:	10
Table value at index 1:	10
Table value at index 1:	10
Table value at index 1:	10
Table value at index 1:	10
Table value at index 1:	10
Table value at index 1:	10
Table value at index 1:	10
Table value at index 1:	10
Table value at index 1:	10
Table value at index 1:	10
Table value at index 1:	10
Table value at index 1:	10
Table value at index 1:	10
Table value at index 1:	10
Table value at index 1:	10
Table value at index 1:	10
Table value at index 1:	10
Table value at index 1:	10
Table value at index 1:	10
Table value at index 1:	10
Table value at index 1:	10
Table value at index 1:	10
Table value at index 1:	10
Table value at index 1:	10
Table value at index 1:	10
Table value at index 1:	10
Table value at index 1:	10
Table value at index 1:	10
Table value at index 1:	10
Table value at index 1:	10
Table value at index 1:	10
Table value at index 1:	10
Table value at index 1:	10
Table value at index 1:	10
Table value at index 1:	10
Table value at index 1:	10
Table value at index 1:	10
Table value at index 1:	10
Table value at index 1:	10
Table value at index 1:	10
Table value at index 1:	10
Table value at index 1:	10
Table value at index 1:	10
Table value at index 1:	10
Table value at index 1:	10
Table value at index 1:	10
Table value at index 1:	10
Table value at index 1:	10
Table value at index 1:	10
Table value at index 1:	10
Table value at index 1:	10
Table value at index 1:	10
Table value at index 1:	10
Table value at index 1:	10
Table value at index 1:	10
Table value at index 1:	10
Table value at index 1:	10
Table value at index 1:	10
Table value at index 1:	10
Table value at index 1:	10
Table value at index 1:	10
Table value at index 1:	10
Table value at index 1:	10
Table value at index 1:	10
Table value at index 1:	10
Table value at index 1:	10
Table value at index 1:	10
Table value at index 1:	10
Table value at index 1:	10
Table value at index 1:	10
Table value at index 1:	10
Table value at index 1:	10
Table value at index 1:	10
Table value at index 1:	10
Table value at index 1:	10
Table value at index 1:	10
Table value at index 1:	10
Table value at index 1:	10
Table value at index 1:	10
Table value at index 1:	10
Table value at index 1:	10
Table value at index 1:	10
Table value at index 1:	10
Table value at index 1:	10
Table value at index 1:	10
Table value at index 1:	10
Table value at index 1:	10
Table value at index 1:	10
Table value at index 1:	10
Table value at index 1:	10
Table value at index 1:	10
Table value at index 1:	10
Table value at index 1:	10
Table value at index 1:	10
Table value at index 1:	10
Table value at index 1:	10
Table value at index 1:	10
Table value at index 1:	10
Table value at index 1:	10
Table value at index 1:	10
Table value at index 1:	10
Table value at index 1:	10
Table value at index 1:	10
Table value at index 1:	10
Table value at index 1:	10
Table value at index 1:	10
Table value at index 1:	10
Table value at index 1:	10
Table value at index 1:	10
Table value at index 1:	10
Table value at index 1:	10
Table value at index 1:	10
Table value at index 1:	10
Table value at index 1:	10
Table value at index 1:	10
Table value at index 1:	10
Table value at index 1:	10
Table value at index 1:	10
Table value at index 1:	10
Table value at index 1:	10
Table value at index 1:	10
Table value at index 1:	10
Table value at index 1:	10
Table value at index 1:	10
Table value at index 1:	10
Table value at index 1:	10
Table value at index 1:	10
Table value at index 1:	10
Table value at index 1:	10
Table value at index 1:	10
Table value at index 1:	10
Table value at index 1:	10
Table value at index 1:	10
Table value at index 1:	10
Table value at index 1:	10
Table value at index 1:	10
Table value at index 1:	10
Table value at index 1:	10
Table value at index 1:	10
Table value at index 1:	10
Table value at index 1:	10
Table value at index 1:	10
Table value at index 1:	10
Table value at index 1:	10
Table value at index 1:	10
Table value at index 1:	10
Table value at index 1:	10
Table value at index 1:	10
Table value at index 1:	10
Table value at index 1:	10
Table value at index 1:	10
Table value at index 1:	10
Table value at index 1:	10
Table value at index 1:	10
Table value at index 1:	10
Table value at index 1:	10
Table value at index 1:	10
Table value at index 1:	10
Table value at index 1:	10
Table value at index 1:	10
Table value at index 1:	10
Table value at index 1:	10
Table value at index 1:	10
Table value at index 1:	10
Table value at index 1:	10
Table value at index 1:	10
Table value at index 1:	10
Table value at index 1:	10
Table value at index 1:	10
Table value at index 1:	10
Table value at index 1:	10
Table value at index 1:	10
Table value at index 1:	10
Table value at index 1:	10
Table value at index 1:	10
Table value at index 1:	10
Table value at index 1:	10
Table value at index 1:	10
Table value at index 1:	10
Table value at index 1:	10
Table value at index 1:	10
Table value at index 1:	10
Table value at index 1:	10
Table value at index 1:	10
Table value at index 1:	10
Table value at index 1:	10
Table value at index 1:	10
Table value at index 1:	10
Table value at index 1:	10
Table value at index 1:	10
Table value at index 1:	10
Table value at index 1:	10
Table value at index 1:	10
Table value at index 1:	10
Table value at index 1:	10
Table value at index 1:	10
Table value at index 1:	10
Table value at index 1:	10
Table value at index 1:	10
Table value at index 1:	10
Table value at index 1:	10
Table value at index 1:	10
Table value at index 1:	10
Table value at index 1:	10
Table value at index 1:	10
Table value at index 1:	10
Table value at index 1:	10
Table value at index 1:	10
Table value at index 1:	10
Table value at index 1:	10
Table value at index 1:	10
Table value at index 1:	10
Table value at index 1:	10
Table value at index 1:	10
Table value at index 1:	10
Table value at index 1:	10
Table value at index 1:	10
Table value at index 1:	10
Table value at index 1:	10
Table value at index 1:	10
Table value at index 1:	10
Table value at index 1:	10
Table value at index 1:	10
Table value at index 1:	10
Table value at index 1:	10
Table value at index 1:	10
Table value at index 1:	10
Table value at index 1:	10
Table value at index 1:	10
Table value at index 1:	10
Table value at index 1:	10
Table value at index 1:	10
Table value at index 1:	10
Table value at index 1:	10
Table value at index 1:	10
Table value at index 1:	10
Table value at index 1:	10
Table value at index 1:	10
Table value at index 1:	10
Table value at index 1:	10
Table value at index 1:	10
Table value at index 1:	10
Table value at index 1:	10
Table value at index 1:	10
Table value at index 1:	10
Table value at index 1:	10
Table value at index 1:	10
Table value at index 1:	10
Table value at index 1:	10
Table value at index 1:	10
Table value at index 1:	10
Table value at index 1:	10
Table value at index 1:	10
Table value at index 1:	10
Table value at index 1:	10
Table value at index 1:	10
Table value at index 1:	10
Table value at index 1:	10
Table value at index 1:	10
Table value at index 1:	10
Table value at index 1:	10
Table value at index 1:	10
Table value at index 1:	10
Table value at index 1:	10
Table value at index 1:	10
Table value at index 1:	10
Table value at index 1:	10
Table value at index 1:	10
Table value at index 1:	10
Table value at index 1:	10
Table value at index 1:	10
Table value at index 1:	10
Table value at index 1:	10
Table value at index 1:	10
Table value at index 1:	10
Table value at index 1:	10
Table value at index 1:	10
Table value at index 1:	10
Table value at index 1:	10
Table value at index 1:	10
Table value at index 1:	10
Table value at index 1:	10
Table value at index 1:	10
Table value at index 1:	10
Table value at index 1:	10
Table value at index 1:	10
Table value at index 1:	10
Table value at index 1:	10
Table value at index 1:	10
Table value at index 1:	10
Table value at index 1:	10
Table value at index 1:	10
Table value at index 1:	10
Table value at index 1:	10
Table value at index 1:	10
Table value at index 1:	10
Table value at index 1:	10
Table value at index 1:	10
Table value at index 1:	10
Table value at index 1:	10
Table value at index 1:	10
Table value at index 1:	10
Table value at index 1:	10
Table value at index 1:	10
Table value at index 1:	10
Table value at index 1:	10
Table value at index 1:	10
Table value at index 1:	10
Table value at index 1:	10
Table value at index 1:	10
Table value at index 1:	10
Table value at index 1:	10
Table value at index 1:	10
Table value at index 1:	10
Table value at index 1:	10
Table value at index 1:	10
Table value at index 1:	10
Table value at index 1:	10
Table value at index 1:	10
Table value at index 1:	10
Table value at index 1:	10
Table value at index 1:	10
Table value at index 1:	10
Table value at index 1:	10
Table value at index 1:	10
Table value at index 1:	10
Table value at index 1:	10
Table value at index 1:	10
Table value at index 1:	10
Table value at index 1:	10
Table value at index 1:	10
Table value at index 1:	10
Table value at index 1:	10
Table value at index 1:	10
Table value at index 1:	10
Table value at index 1:	10
Table value at index 1:	10
Table value at index 1:	10
Table value at index 1:	10
Table value at index 1:	10
Table value at index 1:	10
Table value at index 1:	10
Table value at index 1:	10
Table value at index 1:	10
Table value at index 1:	10
Table value at index 1:	10
Table value at index 1:	10
Table value at index 1:	10
Table value at index 1:	10
Table value at index 1:	10
Table value at index 1:	10
Table value at index 1:	10
Table value at index 1:	10
Table value at index 1:	10
Table value at index 1:	10
Table value at index 1:	10
Table value at index 1:	10
Table value at index 1:	10
Table value at index 1:	10
Table value at index 1:	10
Table value at index 1:	10
Table value at index 1:	10
Table value at index 1:	10
Table value at index 1:	10
Table value at index 1:	10
Table value at index 1:	10
Table value at index 1:	10
Table value at index 1:	10
Table value at index 1:	10
Table value at index 1:	10
Table value at index 1:	10
Table value at index 1:	10
Table value at index 1:	10
Table value at index 1:	10
Table value at index 1:	10
Table value at index 1:	10
Table value at index 1:	10
Table value at index 1:	10
Table value at index 1:	10
Table value at index 1:	10
Table value at index 1:	10
Table value at index 1:	10
Table value at index 1:	10
Table value at index 1:	10
Table value at index 1:	10
Table value at index 1:	10
Table value at index 1:	10
Table value at index 1:	10
Table value at index 1:	10
Table value at index 1:	10
Table value at index 1:	10
Table value at index 1:	10
Table value at index 1:	10
Table value at index 1:	10
Table value at index 1:	10
Table value at index 1:	10
Table value at index 1:	10
Table value at index 1:	10
Table value at index 1:	10
Table value at index 1:	10
Table value at index 1:	10
Table value at index 1:	10
Table value at index 1:	10
Table value at index 1:	10
Table value at index 1:	10
Table value at index 1:	10
Table value at index 1:	10
Table value at index 1:	10
Table value at index 1:	10
Table value at index 1:	10
Table value at index 1:	10
Table value at index 1:	10
Table value at index 1:	10
Table value at index 1:	10
Table value at index 1:	10
Table value at index 1:	10
Table value at index 1:	10
Table value at index 1:	10
Table value at index 1:	10
Table value at index 1:	10
Table value at index 1:	10
Table value at index 1:	10
Table value at index 1:	10
Table value at index 1:	10
Table value at index 1:	10
Table value at index 1:	10
Table value at index 1:	10
Table value at index 1:	10
Table value at index 1:	10
Table value at index 1:	10
Table value at index 1:	10
Table value at index 1:	10
Table value at index 1:	10
Table value at index 1:	10
Table value at index 1:	10
Table value at index 1:	10
Table value at index 1:	10
Table value at index 1:	10
Table value at index 1:	10
Table value at index 1:	10
Table value at index 1:	10
Table value at index 1:	10
Table value at index 1:	10
Table value at index 1:	10
Table value at index 1:	10
Table value at index 1:	10
Table value at index 1:	10
Table value at index 1:	10
Table value at index 1:	10
Table value at index 1:	10
Table value at index 1:	10
Table value at index 1:	10
Table value at index 1:	10
Table value at index 1:	10
Table value at index 1:	10
Table value at index 1:	10
Table value at index 1:	10
Table value at index 1:	10
Table value at index 1:	10
Table value at index 1:	10
Table value at index 1:	10
Table value at index 1:	10
Table value at index 1:	10
Table value at index 1:	10
Table value at index 1:	10
Table value at index 1:	10
Table value at index 1:	10
Table value at index 1:	10
Table value at index 1:	10
Table value at index 1:	10
Table value at index 1:	10
Table value at index 1:	10
Table value at index 1:	10
Table value at index 1:	10
Table value at index 1:	10
Table value at index 1:	10
Table value at index 1:	10
Table value at index 1:	10
Table value at index 1:	10
Table value at index 1:	10
Table value at index 1:	10
Table value at index 1:	10
Table value at index 1:	10
Table value at index 1:	10
Table value at index 1:	10
Table value at index 1:	10
Table value at index 1:	10
Table value at index 1:	10
Table value at index 1:	10
Table value at index 1:	10
Table value at index 1:	10
Table value at index 1:	10
Table value at index 1:	10
Table value at index 1:	10
Table value at index 1:	10
Table value at index 1:	10
Table value at index 1:	10
Table value at index 1:	10
Table value at index 1:	10
Table value at index 1:	10
Table value at index 1:	10
Table value at index 1:	10
Table value at index 1:	10
Table value at index 1:	10
Table value at index 1:	10
Table value at index 1:	10
Table value at index 1:	10
Table value at index 1:	10
Table value at index 1:	10
Table value at index 1:	10
Table value at index 1:	10
Table value at index 1:	10
Table value at index 1:	10
Table value at index 1:	10
Table value at index 1:	10
Table value at index 1:	10
Table value at index 1:	10
Table value at index 1:	10
Table value at index 1:	10
Table value at index 1:	10
Table value at index 1:	10
Table value at index 1:	10
Table value at index 1:	10
Table value at index 1:	10
Table value at index 1:	10
Table value at index 1:	10
Table value at index 1:	10
Table value at index 1:	10
Table value at index 1:	10
Table value at index 1:	10
Table value at index 1:	10
Table value at index 1:	10
Table value at index 1:	10
Table value at index 1:	10
Table value at index 1:	10
Table value at index 1:	10
Table value at index 1:	10
Table value at index 1:	10
Table value at index 1:	10
Table value at index 1:	10
Table value at index 1:	10
Table value at index 1:	10
Table value at index 1:	10
Table value at index 1:	10
Table value at index 1:	10
Table value at index 1:	10
Table value at index 1:	10
Table value at index 1:	10
Table value at index 1:	10
Table value at index 1:	10
Table value at index 1:	10
Table value at index 1:	10
Table value at index 1:	10
Table value at index 1:	10
Table value at index 1:	10
Table value at index 1:	10
Table value at index 1:	10
Table value at index 1:	10
Table value at index 1:	10
Table value at index 1:	10
Table value at index 1:	10
Table value at index 1:	10
Table value at index 1:	10
Table value at index 1:	10
Table value at index 1:	10
Table value at index 1:	10
Table value at index 1:	10
Table value at index 1:	10
Table value at index 1:	10
Table value at index 1:	10
Table value at index 1:	10
Table value at index 1:	10
Table value at index 1:	10
Table value at index 1:	10
Table value at index 1:	10
Table value at index 1:	10
Table value at index 1:	10
Table value at index 1:	10
Table value at index 1:	10
Table value at index 1:	10
Table value at index 1:	10
Table value at index 1:	10
Table value at index 1:	10
Table value at index 1:	10
Table value at index 1:	10
Table value at index 1:	10
Table value at index 1:	10
Table value at index 1:	10
Table value at index 1:	10
Table value at index 1:	10
Table value at index 1:	10
Table value at index 1:	10
Table value at index 1:	10
Table value at index 1:	10
Table value at index 1:	10
Table value at index 1:	10
Table value at index 1:	10
Table value at index 1:	10
Table value at index 1:	10
Table value at index 1:	10
Table value at index 1:	10
Table value at index 1:	10
Table value at index 1:	10
Table value at index 1:	10
Table value at index 1:	10
Table value at index 1:	10
Table value at index 1:	10
Table value at index 1:	10
Table value at index 1:	10
Table value at index 1:	10
Table value at index 1:	10
Table value at index 1:	10
Table value at index 1:	10
Table value at index 1:	10
Table value at index 1:	10
Table value at index 1:	10
Table value at index 1:	10
Table value at index 1:	10
Table value at index 1:	10
Table value at index 1:	10
Table value at index 1:	10
Table value at index 1:	10
Table value at index 1:	10
Table value at index 1:	10
Table value at index 1:	10
Table value at index 1:	10
Table value at index 1:	10
Table value at index 1:	10
Table value at index 1:	10
Table value at index 1:	10
Table value at index 1:	10
Table value at index 1:	10
Table value at index 1:	10
Table value at index 1:	10
Table value at index 1:	10
Table value at index 1:	10
Table value at index 1:	10
Table value at index 1:	10
Table value at index 1:	10
Table value at index 1:	10
Table value at index 1:	10
Table value at index 1:	10
Table value at index 1:	10
Table value at index 1:	10
Table value at index 1:	10
Table value at index 1:	10
Table value at index 1:	10
Table value at index 1:	10
Table value at index 1:	10
Table value at index 1:	10
Table value at index 1:	10
Table value at index 1:	10
Table value at index 1:	10
Table value at index 1:	10
Table value at index 1:	10
Table value at index 1:	10
Table value at index 1:	10
Table value at index 1:	10
Table value at index 1:	10
Table value at index 1:	10
Table value at index 1:	10
Table value at index 1:	10
Table value at index 1:	10
Table value at index 1:	10
Table value at index 1:	10
Table value at index 1:	10
Table value at index 1:	10
Table value at index 1:	10
Table value at index 1:	10
Table value at index 1:	10
Table value at index 1:	10
Table value at index 1:	10
Table value at index 1:	10
Table value at index 1:	10
Table value at index 1:	10
Table value at index 1:	10
Table value at index 1:	10
Table value at index 1:	10
Table value at index 1:	10
Table value at index 1:	10
Table value at index 1:	10
Table value at index 1:	10
Table value at index 1:	10
Table value at index 1:	10
Table value at index 1:	10
Table value at index 1:	10
Table value at index 1:	10
Table value at index 1:	10
Table value at index 1:	10
Table value at index 1:	10
Table value at index 1:	10
Table value at index 1:	10
Table value at index 1:	10
Table value at index 1:	10
Table value at index 1:	10
Table value at index 1:	10
Table value at index 1:	10
Table value at index 1:	10
Table value at index 1:	10
Table value at index 1:	10
Table value at index 1:	10
Table value at index 1:	10
Table value at index 1:	10
Table value at index 1:	10
Table value at index 1:	10
Table value at index 1:	10
Table value at index 1:	10
Table value at index 1:	10
Table value at index 1:	10
Table value at index 1:	10
Table value at index 1:	10
Table value at index 1:	10
Table value at index 1:	10
Table value at index 1:	10
Table value at index 1:	10
Table value at index 1:	10
Table value at index 1:	10
Table value at index 1:	10
Table value at index 1:	10
Table value at index 1:	10
Table value at index 1:	10
Table value at index 1:	10
Table value at index 1:	10
Table value at index 1:	10
Table value at index 1:	10
Table value at index 1:	10
Table value at index 1:	10
Table value at index 1:	10
Table value at index 1:	10
Table value at index 1:	10
Table value at index 1:	10
Table value at index 1:	10
Table value at index 1:	10
Table value at index 1:	10
Table value at index 1:	10
Table value at index 1:	10
Table value at index 1:	10
Table value at index 1:	10
Table value at index 1:	10
Table value at index 1:	10
Table value at index 1:	10
Table value at index 1:	10
Table value at index 1:	10
Table value at index 1:	10
Table value at index 1:	10
Table value at index 1:	10
Table value at index 1:	10
Table value at index 1:	10
Table value at index 1:	10
Table value at index 1:	10
Table value at index 1:	10
Table value at index 1:	10
Table value at index 1:	10
Table value at index 1:	10
Table value at index 1:	10
Table value at index 1:	10
Table value at index 1:	10
Table value at index 1:	10
Table value at index 1:	10
Table value at index 1:	10
Table value at index 1:	10
Table value at index 1:	10
Table value at index 1:	10
Table value at index 1:	10
Table value at index 1:	10
Table value at index 1:	10
Table value at index 1:	10
Table value at index 1:	10
Table value at index 1:	10
Table value at index 1:	10
Table value at index 1:	10
Table value at index 1:	10
Table value at index 1:	10
Table value at index 1:	10
Table value at index 1:	10
Table value at index 1:	10
Table value at index 1:	10
Table value at index 1:	10
Table value at index 1:	10
Table value at index 1:	10
Table value at index 1:	10
Table value at index 1:	10
Table value at index 1:	10
Table value at index 1:	10
Table value at index 1:	10
Table value at index 1:	10
Table value at index 1:	10
Table value at index 1:	10
Table value at index 1:	10
Table value at index 1:	10
Table value at index 1:	10
Table value at index 1:	10
Table value at index 1:	10
Table value at index 1:	10
Table value at index 1:	10
Table value at index 1:	10
Table value at index 1:	10
Table value at index 1:	10
Table value at index 1:	10
Table value at index 1:	10
Table value at index 1:	10
Table value at index 1:	10
Table value at index 1:	10
Table value at index 1:	10
Table value at index 1:	10
Table value at index 1:	10
Table value at index 1:	10
Table value at index 1:	10
Table value at index 1:	10
Table value at index 1:	10
Table value at index 1:	10
Table value at index 1:	10
Table value at index 1:	10
Table value at index 1:	10
Table value at index 1:	10
Table value at index 1:	10
Table value at index 1:	10
Table value at index 1:	10
Table value at index 1:	10
Table value at index 1:	10
Table value at index 1:	10
Table value at index 1:	10
Table value at index 1:	10
Table value at index 1:	10
Table value at index 1:	10
Table value at index 1:	10
Table value at index 1:	10
Table value at index 1:	10
Table value at index 1:	10
Table value at index 1:	10
Table value at index 1:	10
Table value at index 1:	10
Table value at index 1:	10
Table value at index 1:	10
Table value at index 1:	10
Table value at index 1:	10
Table value at index 1:	10
Table value at index 1:	10
Table value at index 1:	10
Table value at index 1:	10
Table value at index 1:	10
Table value at index 1:	10
Table value at index 1:	10
Table value at index 1:	10
Table value at index 1:	10
Table value at index 1:	10
Table value at index 1:	10
Table value at index 1:	10
Table value at index 1:	10
Table value at index 1:	10
Table value at index 1:	10
Table value at index 1:	10
Table value at index 1:	10
Table value at index 1:	10
Table value at index 1:	10
Table value at index 1:	10
Table value at index 1:	10
Table value at index 1:	10
Table value at index 1:	10
Table value at index 1:	10
Table value at index 1:	10
Table value at index 1:	10
Table value at index 1:	10
Table value at index 1:	10
Table value at index 1:	10
Table value at index 1:	10
Table value at index 1:	10
Table value at index 1:	10
Table value at index 1:	10
Table value at index 1:	10
Table value at index 1:	10
Table value at index 1:	10
Table value at index 1:	10
Table value at index 1:	10
Table value at index 1:	10
Table value at index 1:	10
Table value at index 1:	10
Table value at index 1:	10
Table value at index 1:	10
Table value at index 1:	10
Table value at index 1:	10
Table value at index 1:	10
Table value at index 1:	10
Table value at index 1:	10
Table value at index 1:	10
Table value at index 1:	10
Table value at index 1:	10
Table value at index 1:	10
Table value at index 1:	10
Table value at index 1:	10
Table value at index 1:	10
Table value at index 1:	10
Table value at index 1:	10
Table value at index 1:	10
Table value at index 1:	10
Table value at index 1:	10
Table value at index 1:	10
Table value at index 1:	10
Table value at index 1:	10
Table value at index 1:	10
Table value at index 1:	10
Table value at index 1:	10
Table value at index 1:	10
Table value at index 1:	10
Table value at index 1:	10
Table value at index 1:	10
Table value at index 1:	10
Table value at index 1:	10
Table value at index 1:	10
Table value at index 1:	10
Table value at index 1:	10
Table value at index 1:	10
Table value at index 1:	10
Table value at index 1:	10
Table value at index 1:	10
Table value at index 1:	10
Table value at index 1:	10
Table value at index 1:	10
Table value at index 1:	10
Table value at index 1:	10
Table value at index 1:	10
Table value at index 1:	10
Table value at index 1:	10
Table value at index 1:	10
Table value at index 1:	10
Table value at index 1:	10
Table value at index 1:	10
Table value at index 1:	10
Table value at index 1:	10
Table value at index 1:	10
Table value at index 1:	10
Table value at index 1:	10
Table value at index 1:	10
Table value at index 1:	10
Table value at index 1:	10
Table value at index 1:	10
Table value at index 1:	10
Table value at index 1:	10
Table value at index 1:	10
Table value at index 1:	10
Table value at index 1:	10
Table value at index 1:	10
Table value at index 1:	10
Table value at index 1:	10
Table value at index 1:	10
Table value at index 1:	10
Table value at index 1:	10
Table value at index 1:	10
Table value at index 1:	10
Table value at index 1:	10
Table value at index 1:	10
Table value at index 1:	10
Table value at index 1:	10
Table value at index 1:	10
Table value at index 1:	10
Table value at index 1:	10
Table value at index 1:	10
Table value at index 1:	10
Table value at index 1:	10
Table value at index 1:	10
Table value at index 1:	10
Table value at index 1:	10
Table value at index 1:	10
Table value at index 1:	10
Table value at index 1:	10
Table value at index 1:	10
Table value at index 1:	10
Table value at index 1:	10
Table value at index 1:	10
Table value at index 1:	10
Table value at index 1:	10
Table value at index 1:	10
Table value at index 1:	10
Table value at index 1:	10
Table value at index 1:	10
Table value at index 1:	10
Table value at index 1:	10
Table value at index 1:	10
Table value at index 1:	10
Table value at index 1:	10
Table value at index 1:	10
Table value at index 1:	10
Table value at index 1:	10
Table value at index 1:	10
Table value at index 1:	10
Table value at index 1:	10
Table value at index 1:	10
Table value at index 1:	10
Table value at index 1:	10
Table value at index 1:	10
Table value at index 1:	10
Table value at index 1:	10
Table value at index 1:	10
Table value at index 1:	10
Table value at index 1:	10
Table value at index 1:	10
Table value at index 1:	10
Table value at index 1:	10
Table value at index 1:	10
Table value at index 1:	10
Table value at index 1:	10
Table value at index 1:	10
Table value at index 1:	10
Table value at index 1:	10
Table value at index 1:	10
Table value at index 1:	10
Table value at index 1:	10
Table value at index 1:	10
Table value at index 1:	10
Table value at index 1:	10
Table value at index 1:	10
Table value at index 1:	10
Table value at index 1:	10
Table value at index 1:	10
Table value at index 1:	10
Table value at index 1:	10
Table value at index 1:	10
Table value at index 1:	10
Table value at index 1:	10
Table value at index 1:	10
Table value at index 1:	10
Table value at index 1:	10
Table value at index 1:	10
Table value at index 1:	10
Table value at index 1:	10
Table value at index 1:	10
Table value at index 1:	10
Table value at index 1:	10
Table value at index 1:	10
Table value at index 1:	10
Table value at index 1:	10
Table value at index 1:	10
Table value at index 1:	10
Table value at index 1:	10
Table value at index 1:	10
Table value at index 1:	10
Table value at index 1:	10
Table value at index 1:	10
Table value at index 1:	10
Table value at index 1:	10
Table value at index 1:	10
Table value at index 1:	10
Table value at index 1:	10
Table value at index 1:	10
Table value at index 1:	10
Table value at index 1:	10
Table value at index 1:	10
Table value at index 1:	10
Table value at index 1:	10
Table value at index 1:	10
Table value at index 1:	10
Table value at index 1:	10
Table value at index 1:	10
Table value at index 1:	10
Table value at index 1:	10
Table value at index 1:	10
Table value at index 1:	10
Table value at index 1:	10
Table value at index 1:	10
Table value at index 1:	10
Table value at index 1:	10
Table value at index 1:	10
Table value at index 1:	10
Table value at index 1:	10
Table value at index 1:	10
Table value at index 1:	10
Table value at index 1:	10
Table value at index 1:	10
Table value at index 1:	10
Table value at index 1:	10
Table value at index 1:	10
Table value at index 1:	10
Table value at index 1:	10
Table value at index 1:	10
Table value at index 1:	10
Table value at index 1:	10
Table value at index 1:	10
Table value at index 1:	10
Table value at index 1:	10
Table value at index 1:	10
Table value at index 1:	10
Table value at index 1:	10
Table value at index 1:	10
Table value at index 1:	10
Table value at index 1:	10
Table value at index 1:	10
Table value at index 1:	10
Table value at index 1:	10
Table value at index 1:	10
Table value at index 1:	10
Table value at index 1:	10
Table value at index 1:	10
Table value at index 1:	10
Table value at index 1:	10
Table value at index 1:	10
Table value at index 1:	10
Table value at index 1:	10
Table value at index 1:	10
Table value at index 1:	10
Table value at index 1:	10
Table value at index 1:	10
Table value at index 1:	10
Table value at index 1:	10
Table value at index 1:	10
Table value at index 1:	10
Table value at index 1:	10
Table value at index 1:	10
Table value at index 1:	10
Table value at index 1:	10
Table value at index 1:	10
Table value at index 1:	10
Table value at index 1:	10
Table value at index 1:	10
Table value at index 1:	10
Table value at index 1:	10
Table value at index 1:	10
Table value at index 1:	10
Table value at index 1:	10
Table value at index 1:	10
Table value at index 1:	10
Table value at index 1:	10
Table value at index 1:	10
Table value at index 1:	10
Table value at index 1:	10
Table value at index 1:	10
Table value at index 1:	10
Table value at index 1:	10
Table value at index 1:	10
Table value at index 1:	10
Table value at index 1:	10
Table value at index 1:	10
Table value at index 1:	10
Table value at index 1:	10
Table value at index 1:	10
Table value at index 1:	10
Table value at index 1:	10
Table value at index 1:	10
Table value at index 1:	10
Table value at index 1:	10
Table value at index 1:	10
Table value at index 1:	10
Table value at index 1:	10
Table value at index 1:	10
Table value at index 1:	10
Table value at index 1:	10
Table value at index 1:	10
Table value at index 1:	10
Table value at index 1:	10
Table value at index 1:	10
Table value at index 1:	10
Table value at index 1:	10
Table value at index 1:	10
Table value at index 1:	10
Table value at index 1:	10
Table value at index 1:	10
Table value at index 1:	10
Table value at index 1:	10
Table value at index 1:	10
Table value at index 1:	10
Table value at index 1:	10
Table value at index 1:	10
Table value at index 1:	10
Table value at index 1:	10
Table value at index 1:	10
Table value at index 1:	10
Table value at index 1:	10
Table value at index 1:	10
Table value at index 1:	10
Table value at index 1:	10
Table value at index 1:	10
Table value at index 1:	10
Table value at index 1:	10
Table value at index 1:	10
Table value at index 1:	10
Table value at index 1:	10
Table value at index 1:	10
Table value at index 1:	10
Table value at index 1:	10
Table value at index 1:	10
Table value at index 1:	10
Table value at index 1:	10
Table value at index 1:	10
Table value at index 1:	10
Table value at index 1:	10
Table value at index 1:	10
Table value at index 1:	10
Table value at index 1:	10
Table value at index 1:	10
Table value at index 1:	10
Table value at index 1:	10
Table value at index 1:	10
Table value at index 1:	10
Table value at index 1:	10
Table value at index 1:	10
Table value at index 1:	10
Table value at index 1:	10
Table value at index 1:	10
Table value at index 1:	10
Table value at index 1:	10
Table value at index 1:	10
Table value at index 1:	10
Table value at index 1:	10
Table value at index 1:	10
Table value at index 1:	10
Table value at index 1:	10
Table value at index 1:	10
Table value at index 1:	10
Table value at index 1:	10
Table value at index 1:	10
Table value at index 1:	10
Table value at index 1:	10
Table value at index 1:	10
Table value at index 1:	10
Table value at index 1:	10
Table value at index 1:	10
Table value at index 1:	10
Table value at index 1:	10
Table value at index 1:	10
Table value at index 1:	10
Table value at index 1:	10
Table value at index 1:	10
Table value at index 1:	10
Table value at index 1:	10
Table value at index 1:	10
Table value at index 1:	10
Table value at index 1:	10
Table value at index 1:	10
Table value at index 1:	10
Table value at index 1:	10
Table value at index 1:	10
Table value at index 1:	10
Table value at index 1:	10
Table value at index 1:	10
Table value at index 1:	10
Table value at index 1:	10
Table value at index 1:	10
Table value at index 1:	10
Table value at index 1:	10
Table value at index 1:	10
Table value at index 1:	10
Table value at index 1:	10
Table value at index 1:	10
Table value at index 1:	10
Table value at index 1:	10
Table value at index 1:	10
Table value at index 1:	10
Table value at index 1:	10
Table value at index 1:	10
Table value at index 1:	10
Table value at index 1:	10
Table value at index 1:	10
Table value at index 1:	10
Table value at index 1:	10
Table value at index 1:	10
Table value at index 1:	10
Table value at index 1:	10
Table value at index 1:	10
Table value at index 1:	10
Table value at index 1:	10
Table value at index 1:	10
Table value at index 1:	10
Table value at index 1:	10
Table value at index 1:	10
Table value at index 1:	10
Table value at index 1:	10
Table value at index 1:	10
Table value at index 1:	10
Table value at index 1:	10
Table value at index 1:	10
Table value at index 1:	10
Table value at index 1:	10
Table value at index 1:	10
Table value at index 1:	10
Table value at index 1:	10
Table value at index 1:	10
Table value at index 1:	10
Table value at index 1:	10
Table value at index 1:	10
Table value at index 1:	10
Table value at index 1:	10
Table value at index 1:	10
Table value at index 1:	10
Table value at index 1:	10
Table value at index 1:	10
Table value at index 1:	10
Table value at index 1:	10
Table value at index 1:	10
Table value at index 1:	10
Table value at index 1:	10
Table value at index 1:	10
Table value at index 1:	10
Table value at index 1:	10
Table value at index 1:	10
Table value at index 1:	10
Table value at index 1:	10
Table value at index 1:	10
Table value at index 1:	10
Table value at index 1:	10
Table value at index 1:	10
Table value at index 1:	10
Table value at index 1:	10
Table value at index 1:	10
Table value at index 1:	10
Table value at index 1:	10
Table value at index 1:	10
Table value at index 1:	10
Table value at index 1:	10
Table value at index 1:	10
Table value at index 1:	10
Table value at index 1:	10
Table value at index 1:	10
Table value at index 1:	10
Table value at index 1:	10
Table value at index 1:	10
Table value at index 1:	10
Table value at index 1:	10
Table value at index 1:	10
Table value at index 1:	10
Table value at index 1:	10
Table value at index 1:	10
Table value at index 1:	10
Table value at index 1:	10
Table value at index 1:	10
Table value at index 1:	10
Table value at index 1:	10
Table value at index 1:	10
Table value at index 1:	10
Table value at index 1:	10
Table value at index 1:	10
Table value at index 1:	10
Table value at index 1:	10
Table value at index 1:	10
Table value at index 1:	10
Table value at index 1:	10
Table value at index 1:	10
Table value at index 1:	10
Table value at index 1:	10
Table value at index 1:	10
Table value at index 1:	10
Table value at index 1:	10
Table value at index 1:	10
Table value at index 1:	10
Table value at index 1:	10
Table value at index 1:	10
Table value at index 1:	10
Table value at index 1:	10
Table value at index 1:	10
Table value at index 1:	10
Table value at index 1:	10
Table value at index 1:	10
Table value at index 1:	10
Table value at index 1:	10
Table value at index 1:	10
Table value at index 1:	10
Table value at index 1:	10
Table value at index 1:	10
Table value at index 1:	10
Table value at index 1:	10
Table value at index 1:	10
Table value at index 1:	10
Table value at index 1:	10
Table value at index 1:	10
Table value at index 1:	10
Table value at index 1:	10
Table value at index 1:	10
Table value at index 1:	10
Table value at index 1:	10
Table value at index 1:	10
Table value at index 1:	10
Table value at index 1:	10
Table value at index 1:	10
Table value at index 1:	10
Table value at index 1:	10
Table value at index 1:	10
Table value at index 1:	10
Table value at index 1:	10
Table value at index 1:	10
Table value at index 1:	10
Table value at index 1:	10
Table value at index 1:	10
Table value at index 1:	10
Table value at index 1:	10
Table value at index 1:	10
Table value at index 1:	10
Table value at index 1:	10
Table value at index 1:	10
Table value at index 1:	10
Table value at index 1:	10
Table value at index 1:	10
Table value at index 1:	10
Table value at index 1:	10
Table value at index 1:	10
Table value at index 1:	10
Table value at index 1:	10
Table value at index 1:	10
Table value at index 1:	10
Table value at index 1:	10
Table value at index 1:	10
Table value at index 1:	10
Table value at index 1:	10
Table value at index 1:	10
Table value at index 1:	10
Table value at index 1:	10
Table value at index 1:	10
Table value at index 1:	10
Table value at index 1:	10
Table value at index 1:	10
Table value at index 1:	10
Table value at index 1:	10
Table value at index 1:	10
Table value at index 1:	10
Table value at index 1:	10
Table value at index 1:	10
Table value at index 1:	10
Table value at index 1:	10
Table value at index 1:	10
Table value at index 1:	10
Table value at index 1:	10
Table value at index 1:	10
Table value at index 1:	10
Table value at index 1:	10
Table value at index 1:	10
Table value at index 1:	10
Table value at index 1:	10
Table value at index 1:	10
Table value at index 1:	10
Table value at index 1:	10
Table value at index 1:	10
Table value at index 1:	10
Table value at index 1:	10
Table value at index 1:	10
Table value at index 1:	10
Table value at index 1:	10
Table value at index 1:	10
Table value at index 1:	10
Table value at index 1:	10
Table value at index 1:	10
Table value at index 1:	10
Table value at index 1:	10
Table value at index 1:	10
Table value at index 1:	10
Table value at index 1:	10
Table value at index 1:	10
Table value at index 1:	10
Table value at index 1:	10
Table value at index 1:	10
Table value at index 1:	10
Table value at index 1:	10
Table value at index 1:	10
Table value at index 1:	10
Table value at index 1:	10
Table value at index 1:	10
Table value at index 1:	10
Table value at index 1:	10
Table value at index 1:	10
Table value at index 1:	10
Table value at index 1:	10
Table value at index 1:	10
Table value at index 1:	10
Table value at index 1:	10
Table value at index 1:	10
Table value at index 1:	10
Table value at index 1:	10
Table value at index 1:	10
Table value at index 1:	10
Table value at index 1:	10
Table value at index 1:	10
Table value at index 1:	10
Table value at index 1:	10
Table value at index 1:	10
Table value at index 1:	10
Table value at index 1:	10
Table value at index 1:	10
Table value at index 1:	10
Table value at index 1:	10
Table value at index 1:	10
Table value at index 1:	10
Table value at index 1:	10
Table value at index 1:	10
Table value at index 1:	10
Table value at index 1:	10
Table value at index 1:	10
Table value at index 1:	10
Table value at index 1:	10
Table value at index 1:	10
Table value at index 1:	10
Table value at index 1:	10
Table value at index 1:	10
Table value at index 1:	10
Table value at index 1:	10
Table value at index 1:	10
Table value at index 1:	10
Table value at index 1:	10
Table value at index 1:	10
Table value at index 1:	10
Table value at index 1:	10
Table value at index 1:	10
Table value at index 1:	10
Table value at index 1:	10
Table value at index 1:	10
Table value at index 1:	10
Table value at index 1:	10
Table value at index 1:	10
Table value at index 1:	10
Table value at index 1:	10
Table value at index 1:	10
Table value at index 1:	10
Table value at index 1:	10
Table value at index 1:	10
Table value at index 1:	10
Table value at index 1:	10
Table value at index 1:	10
Table value at index 1:	10
Table value at index 1:	10
Table value at index 1:	10
Table value at index 1:	10
Table value at index 1:	10
Table value at index 1:	10
Table value at index 1:	10
Table value at index 1:	10
Table value at index 1:	10
Table value at index 1:	10
Table value at index 1:	10
Table value at index 1:	10
Table value at index 1:	10
Table value at index 1:	10
Table value at index 1:	10
Table value at index 1:	10
Table value at index 1:	10
Table value at index 1:	10
Table value at index 1:	10
Table value at index 1:	10
Table value at index 1:	10
Table value at index 1:	10
Table value at index 1:	10
Table value at index 1:	10
Table value at index 1:	10
Table value at index 1:	10
Table value at index 1:	10
Table value at index 1:	10
Table value at index 1:	10
Table value at index 1:	10
Table value at index 1:	10
Table value at index 1:	10
Table value at index 1:	10
Table value at index 1:	10
Table value at index 1:	10
Table value at index 1:	10
Table value at index 1:	10
Table value at index 1:	10
Table value at index 1:	10
Table value at index 1:	10
Table value at index 1:	10
Table value at index 1:	10
Table value at index 1:	10
Table value at index 1:	10
Table value at index 1:	10
Table value at index 1:	10
Table value at index 1:	10
Table value at index 1:	10
Table value at index 1:	10
Table value at index 1:	10
Table value at index 1:	10
Table value at index 1:	10
Table value at index 1:	10
Table value at index 1:	10
Table value at index 1:	10
Table value at index 1:	10
Table value at index 1:	10
Table value at index 1:	10
Table value at index 1:	10
Table value at index 1:	10
Table value at index 1:	10
Table value at index 1:	10
Table value at index 1:	10
Table value at index 1:	10
Table value at index 1:	10
Table value at index 1:	10
Table value at index 1:	10
Table value at index 1:	10
Table value at index 1:	10
Table value at index 1:	10
Table value at index 1:	10
Table value at index 1:	10
Table value at index 1:	10
Table value at index 1:	10
Table value at index 1:	10
Table value at index 1:	10
Table value at index 1:	10
Table value at index 1:	10
Table value at index 1:	10
Table value at index 1:	10
Table value at index 1:	10
Table value at index 1:	10
Table value at index 1:	10
Table value at index 1:	10
Table value at index 1:	10
Table value at index 1:	10
Table value at index 1:	10
Table value at index 1:	10
Table value at index 1:	10
Table value at index 1:	10
Table value at index 1:	10
Table value at index 1:	10
Table value at index 1:	10
Table value at index 1:	10
Table value at index 1:	10
Table value at index 1:	10
Table value at index 1:	10
Table value at index 1:	10
Table value at index 1:	10
Table value at index 1:	10
Table value at index 1:	10
Table value at index 1:	10
Table value at index 1:	10
Table value at index 1:	10
Table value at index 1:	10
Table value at index 1:	10
Table value at index 1:	10
Table value at index 1:	10
Table value at index 1:	10
Table value at index 1:	10
Table value at index 1:	10
Table value at index 1:	10
Table value at index 1:	10
Table value at index 1:	10
Table value at index 1:	10
Table value at index 1:	10
Table value at index 1:	10
Table value at index 1:	10
Table value at index 1:	10
Table value at index 1:	10
Table value at index 1:	10
Table value at index 1:	10
Table value at index 1:	10
Table value at index 1:	10
Table value at index 1:	10
Table value at index 1:	10
Table value at index 1:	10
Table value at index 1:	10
Table value at index 1:	10
Table value at index 1:	10
Table value at index 1:	10
Table value at index 1:	10
Table value at index 1:	10
Table value at index 1:	10
Table value at index 1:	10
Table value at index 1:	10
Table value at index 1:	10
Table value at index 1:	10
Table value at index 1:	10
Table value at index 1:	10
Table value at index 1:	10
Table value at index 1:	10
Table value at index 1:	10
Table value at index 1:	10
Table value at index 1:	10
Table value at index 1:	10
Table value at index 1:	10
Table value at index 1:	10
Table value at index 1:	10
Table value at index 1:	10
Table value at index 1:	10
Table value at index 1:	10
Table value at index 1:	10
Table value at index 1:	10
Table value at index 1:	10
Table value at index 1:	10
Table value at index 1:	10
Table value at index 1:	10
Table value at index 1:	10
Table value at index 1:	10
Table value at index 1:	10
Table value at index 1:	10
Table value at index 1:	10
Table value at index 1:	10
Table value at index 1:	10
Table value at index 1:	10
Table value at index 1:	10
Table value at index 1:	10
Table value at index 1:	10
Table value at index 1:	10
Table value at index 1:	10
Table value at index 1:	10
Table value at index 1:	10
Table value at index 1:	10
Table value at index 1:	10
Table value at index 1:	10
Table value at index 1:	10
Table value at index 1:	10
Table value at index 1:	10
Table value at index 1:	10
Table value at index 1:	10
Table value at index 1:	10
Table value at index 1:	10
Table value at index 1:	10
Table value at index 1:	10
Table value at index 1:	10
Table value at index 1:	10
Table value at index 1:	10
Table value at index 1:	10
Table value at index 1:	10
Table value at index 1:	10
Table value at index 1:	10
Table value at index 1:	10
Table value at index 1:	10
Table value at index 1:	10
Table value at index 1:	10
Table value at index 1:	10
Table value at index 1:	10
Table value at index 1:	10
Table value at index 1:	10
Table value at index 1:	10
Table value at index 1:	10
Table value at index 1:	10
Table value at index 1:	10
Table value at index 1:	10
Table value at index 1:	10
Table value at index 1:	10
Table value at index 1:	10
Table value at index 1:	10
Table value at index 1:	10
Table value at index 1:	10
Table value at index 1:	10
Table value at index 1:	10
Table value at index 1:	10
Table value at index 1:	10
Table value at index 1:	10
Table value at index 1:	10
Table value at index 1:	10
Table value at index 1:	10
Table value at index 1:	10
Table value at index 1:	10
Table value at index 1:	10
Table value at index 1:	10
Table value at index 1:	10
Table value at index 1:	10
Table value at index 1:	10
Table value at index 1:	10
Table value at index 1:	10
Table value at index 1:	10
Table value at index 1:	10
Table value at index 1:	10
Table value at index 1:	10
Table value at index 1:	10
Table value at index 1:	10
Table value at index 1:	10
Table value at index 1:	10
Table value at index 1:	10
Table value at index 1:	10
Table value at index 1:	10
Table value at index 1:	10
Table value at index 1:	10
Table value at index 1:	10
Table value at index 1:	10
Table value at index 1:	10
Table value at index 1:	10
Table value at index 1:	10
Table value at index 1:	10
Table value at index 1:	10
Table value at index 1:	10
Table value at index 1:	10
Table value at index 1:	10
Table value at index 1:	10
Table value at index 1:	10
Table value at index 1:	10
Table value at index 1:	10
Table value at index 1:	10
Table value at index 1:	10
Table value at index 1:	10
Table value at index 1:	10
Table value at index 1:	10
Table value at index 1:	10
Table value at index 1:	10
Table value at index 1:	10
Table value at index 1:	10
Table value at index 1:	10
Table value at index 1:	10
Table value at index 1:	10
Table value at index 1:	10
Table value at index 1:	10
Table value at index 1:	10
Table value at index 1:	10
Table value at index 1:	10
Table value at index 1:	10
Table value at index 1:	10
Table value at index 1:	10
Table value at index 1:	10
Table value at index 1:	10
Table value at index 1:	10
Table value at index 1:	10
Table value at index 1:	10
Table value at index 1:	10
Table value at index 1:	10
Table value at index 1:	10
Table value at index 1:	10
Table value at index 1:	10
Table value at index 1:	10
Table value at index 1:	10
Table value at index 1:	10
Table value at index 1:	10
Table value at index 1:	10
Table value at index 1:	10
Table value at index 1:	10
Table value at index 1:	10
Table value at index 1:	10
Table value at index 1:	10
Table value at index 1:	10
Table value at index 1:	10
Table value at index 1:	10
Table value at index 1:	10
Table value at index 1:	10
Table value at index 1:	10
Table value at index 1:	10
Table value at index 1:	10
Table value at index 1:	10
Table value at index 1:	10
Table value at index 1:	10
Table value at index 1:	10
Table value at index 1:	10
Table value at index 1:	10
Table value at index 1:	10
Table value at index 1:	10
Table value at index 1:	10
Table value at index 1:	10
Table value at index 1:	10
Table value at index 1:	10
Table value at index 1:	10
Table value at index 1:	10
Table value at index 1:	10
Table value at index 1:	10
Table value at index 1:	10
Table value at index 1:	10
Table value at index 1:	10
Table value at index 1:	10
Table value at index 1:	10
Table value at index 1:	10
Table value at index 1:	10
Table value at index 1:	10
Table value at index 1:	10
Table value at index 1:	10
Table value at index 1:	10
Table value at index 1:	10
Table value at index 1:	10
Table value at index 1:	10
Table value at index 1:	10
Table value at index 1:	10
Table value at index 1:	10
Table value at index 1:	10
Table value at index 1:	10
Table value at index 1:	10
Table value at index 1:	10
Table value at index 1:	10
Table value at index 1:	10
Table value at index 1:	10
Table value at index 1:	10
Table value at index 1:	10
Table value at index 1:	10
Table value at index 1:	10
Table value at index 1:	10
Table value at index 1:	10
Table value at index 1:	10
Table value at index 1:	10
Table value at index 1:	10
Table value at index 1:	10
Table value at index 1:	10
Table value at index 1:	10
Table value at index 1:	10
Table value at index 1:	10
Table value at index 1:	10
Table value at index 1:	10
Table value at index 1:	10
Table value at index 1:	10
Table value at index 1:	10
Table value at index 1:	10
Table value at index 1:	10
Table value at index 1:	10
Table value at index 1:	10
Table value at index 1:	10
Table value at index 1:	10
Table value at index 1:	10
Table value at index 1:	10
Table value at index 1:	10
Table value at index 1:	10
Table value at index 1:	10
Table value at index 1:	10
Table value at index 1:	10
Table value at index 1:	10
Table value at index 1:	10
Table value at index 1:	10
Table value at index 1:	10
Table value at index 1:	10
Table value at index 1:	10
Table value at index 1:	10
Table value at index 1:	10
Table value at index 1:	10
Table value at index 1:	10
Table value at index 1:	10
Table value at index 1:	10
Table value at index 1:	10
Table value at index 1:	10
Table value at index 1:	10
Table value at index 1:	10
Table value at index 1:	10
Table value at index 1:	10
Table value at index 1:	10
Table value at index 1:	10
Table value at index 1:	10
Table value at index 1:	10
Table value at index 1:	10
Table value at index 1:	10
Table value at index 1:	10
Table value at index 1:	10
Table value at index 1:	10
Table value at index 1:	10
Table value at index 1:	10
Table value at index 1:	10
Table value at index 1:	10
Table value at index 1:	10
Table value at index 1:	10
Table value at index 1:	10
Table value at index 1:	10
Table value at index 1:	10
Table value at index 1:	10
Table value at index 1:	10
Table value at index 1:	10
Table value at index 1:	10
Table value at index 1:	10
Table value at index 1:	10
Table value at index 1:	10
Table value at index 1:	10
Table value at index 1:	10
Table value at index 1:	10
Table value at index 1:	10
Table value at index 1:	10
Table value at index 1:	10
Table value at index 1:	10
Table value at index 1:	10
Table value at index 1:	10
Table value at index 1:	10
Table value at index 1:	10
Table value at index 1:	10
Table value at index 1:	10
Table value at index 1:	10
Table value at index 1:	10
Table value at index 1:	10
Table value at index 1:	10
Table value at index 1:	10
Table value at index 1:	10
Table value at index 1:	10
Table value at index 1:	10
Table value at index 1:	10
Table value at index 1:	10
Table value at index 1:	10
Table value at index 1:	10
Table value at index 1:	10
Table value at index 1:	10
Table value at index 1:	10
Table value at index 1:	10
Table value at index 1:	10
Table value at index 1:	10
Table value at index 1:	10
Table value at index 1:	10
Table value at index 1:	10
Table value at index 1:	10
Table value at index 1:	10
Table value at index 1:	10
Table value at index 1:	10
Table value at index 1:	10
Table value at index 1:	10
Table value at index 1:	10
Table value at index 1:	10
Table value at index 1:	10
Table value at index 1:	10
Table value at index 1:	10
Table value at index 1:	10
Table value at index 1:	10
Table value at index 1:	10
Table value at index 1:	10
Table value at index 1:	10
Table value at index 1:	10
Table value at index 1:	10
Table value at index 1:	10
Table value at index 1:	10
Table value at index 1:	10
Table value at index 1:	10
Table value at index 1:	10
Table value at index 1:	10
Table value at index 1:	10
Table value at index 1:	10
Table value at index 1:	10
Table value at index 1:	10
Table value at index 1:	10
Table value at index 1:	10
Table value at index 1:	10
Table value at index 1:	10
Table value at index 1:	10
Table value at index 1:	10
Table value at index 1:	10
Table value at index 1:	10
Table value at index 1:	10
Table value at index 1:	10
Table value at index 1:	10
Table value at index 1:	10
Table value at index 1:	10
Table value at index 1:	10
Table value at index 1:	10
Table value at index 1:	10
Table value at index 1:	10
Table value at index 1:	10
Table value at index 1:	10
Table value at index 1:	10
Table value at index 1:	10
Table value at index 1:	10
Table value at index 1:	10
Table value at index 1:	10
Table value at index 1:	10
Table value at index 1:	10
Table value at index 1:	10
Table value at index 1:	10
Table value at index 1:	10
Table value at index 1:	10
Table value at index 1:	10
Table value at index 1:	10
Table value at index 1:	10
Table value at index 1:	10
Table value at index 1:	10
Table value at index 1:	10
Table value at index 1:	10
Table value at index 1:	10
Table value at index 1:	10
Table value at index 1:	10
Table value at index 1:	10
Table value at index 1:	10
Table value at index 1:	10
Table value at index 1:	10
Table value at index 1:	10
Table value at index 1:	10
Table value at index 1:	10
Table value at index 1:	10
Table value at index 1:	10
Table value at index 1:	10
Table value at index 1:	10
Table value at index 1:	10
Table value at index 1:	10
Table value at index 1:	10
Table value at index 1:	10
Table value at index 1:	10
Table value at index 1:	10
Table value at index 1:	10
Table value at index 1:	10
Table value at index 1:	10
Table value at index 1:	10
Table value at index 1:	10
Table value at index 1:	10
Table value at index 1:	10
Table value at index 1:	10
Table value at index 1:	10
Table value at index 1:	10
Table value at index 1:	10
Table value at index 1:	10
Table value at index 1:	10
Table value at index 1:	10
Table value at index 1:	10
Table value at index 1:	10
Table value at index 1:	10
Table value at index 1:	10
Table value at index 1:	10
Table value at index 1:	10
Table value at index 1:	10
Table value at index 1:	10
Table value at index 1:	10
Table value at index 1:	10
Table value at index 1:	10
Table value at index 1:	10
Table value at index 1:	10
Table value at index 1:	10
Table value at index 1:	10
Table value at index 1:	10
Table value at index 1:	10
Table value at index 1:	10
Table value at index 1:	10
Table value at index 1:	10
Table value at index 1:	10
Table value at index 1:	10
Table value at index 1:	10
Table value at index 1:	10
Table value at index 1:	10
Table value at index 1:	10
Table value at index 1:	10
Table value at index 1:	10
Table value at index 1:	10
Table value at index 1:	10
Table value at index 1:	10
Table value at index 1:	10
Table value at index 1:	10
Table value at index 1:	10
Table value at index 1:	10
Table value at index 1:	10
Table value at index 1:	10
Table value at index 1:	10
Table value at index 1:	10
Table value at index 1:	10
Table value at index 1:	10
Table value at index 1:	10
Table value at index 1:	10
Table value at index 1:	10
Table value at index 1:	10
Table value at index 1:	10
Table value at index 1:	10
Table value at index 1:	10
Table value at index 1:	10
Table value at index 1:	10
Table value at index 1:	10
Table value at index 1:	10
Table value at index 1:	10
Table value at index 1:	10
Table value at index 1:	10
Table value at index 1:	10
Table value at index 1:	10
Table value at index 1:	10
Table value at index 1:	10
Table value at index 1:	10
Table value at index 1:	10
Table value at index 1:	10
Table value at index 1:	10
Table value at index 1:	10
Table value at index 1:	10
Table value at index 1:	10
Table value at index 1:	10
Table value at index 1:	10
Table value at index 1:	10
Table value at index 1:	10
Table value at index 1:	10
Table value at index 1:	10
Table value at index 1:	10
Table value at index 1:	10
Table value at index 1:	10
Table value at index 1:	10
Table value at index 1:	10
Table value at index 1:	10
Table value at index 1:	10
Table value at index 1:	10
Table value at index 1:	10
Table value at index 1:	10
Table value at index 1:	10
Table value at index 1:	10
Table value at index 1:	10
Table value at index 1:	10
Table value at index 1:	10
Table value at index 1:	10
Table value at index 1:	10
Table value at index 1:	10
Table value at index 1:	10
Table value at index 1:	10
Table value at index 1:	10
Table value at index 1:	10
Table value at index 1:	10
Table value at index 1:	10
Table value at index 1:	10
Table value at index 1:	10
Table value at index 1:	10
Table value at index 1:	10
Table value at index 1:	10
Table value at index 1:	10
Table value at index 1:	10
Table value at index 1:	10
Table value at index 1:	10
Table value at index 1:	10
Table value at index 1:	10
Table value at index 1:	10
Table value at index 1:	10
Table value at index 1:	10
Table value at index 1:	10
Table value at index 1:	10
Table value at index 1:	10
Table value at index 1:	10
Table value at index 1:	10
Table value at index 1:	10
Table value at index 1:	10
Table value at index 1:	10
Table value at index 1:	10
Table value at index 1:	10
Table value at index 1:	10
Table value at index 1:	10
Table value at index 1:	10
Table value at index 1:	10
Table value at index 1:	10
Table value at index 1:	10
Table value at index 1:	10
Table value at index 1:	10
Table value at index 1:	10
Table value at index 1:	10
Table value at index 1:	10
Table value at index 1:	10
Table value at index 1:	10
Table value at index 1:	10
Table value at index 1:	10
Table value at index 1:	10
Table value at index 1:	10
Table value at index 1:	10
Table value at index 1:	10
Table value at index 1:	10
Table value at index 1:	10
Table value at index 1:	10
Table value at index 1:	10
Table value at index 1:	10
Table value at index 1:	10
Table value at index 1:	10
Table value at index 1:	10
Table value at index 1:	10
Table value at index 1:	10
Table value at index 1:	10
Table value at index 1:	10
Table value at index 1:	10
Table value at index 1:	10
Table value at index 1:	10
Table value at index 1:	10
Table value at index 1:	10
Table value at index 1:	10
Table value at index 1:	10
Table value at index 1:	10
Table value at index 1:	10
Table value at index 1:	10
Table value at index 1:	10
Table value at index 1:	10
Table value at index 1:	10
Table value at index 1:	10
Table value at index 1:	10
Table value at index 1:	10
Table value at index 1:	10
Table value at index 1:	10
Table value at index 1:	10
Table value at index 1:	10
Table value at index 1:	10
Table value at index 1:	10
Table value at index 1:	10
Table value at index 1:	10
Table value at index 1:	10
Table value at index 1:	10
Table value at index 1:	10
Table value at index 1:	10
Table value at index 1:	10
Table value at index 1:	10
Table value at index 1:	10
Table value at index 1:	10
Table value at index 1:	10
Table value at index 1:	10
Table value at index 1:	10
Table value at index 1:	10
Table value at index 1:	10
Table value at index 1:	10
Table value at index 1:	10
Table value at index 1:	10
Table value at index 1:	10
Table value at index 1:	10
Table value at index 1:	10
Table value at index 1:	10
Table value at index 1:	10
Table value at index 1:	10
Table value at index 1:	10
Table value at index 1:	10
Table value at index 1:	10
Table value at index 1:	10
Table value at index 1:	10
Table value at index 1:	10
Table value at index 1:	10
Table value at index 1:	10
Table value at index 1:	10
Table value at index 1:	10
Table value at index 1:	10
Table value at index 1:	10
Table value at index 1:	10
Table value at index 1:	10
Table value at index 1:	10
Table value at index 1:	10
Table value at index 1:	10
Table value at index 1:	10
Table value at index 1:	10
Table value at index 1:	10
Table value at index 1:	10
Table value at index 1:	10
Table value at index 1:	10
Table value at index 1:	10
Table value at index 1:	10
Table value at index 1:	10
Table value at index 1:	10
Table value at index 1:	10
Table value at index 1:	10
Table value at index 1:	10
Table value at index 1:	10
Table value at index 1:	10
Table value at index 1:	10
Table value at index 1:	10
Table value at index 1:	10
Table value at index 1:	10
Table value at index 1:	10
Table value at index 1:	10
Table value at index 1:	10
Table value at index 1:	10
Table value at index 1:	10
Table value at index 1:	10
Table value at index 1:	10
Table value at index 1:	10
Table value at index 1:	10
Table value at index 1:	10
Table value at index 1:	10
Table value at index 1:	10
Table value at index 1:	10
Table value at index 1:	10
Table value at index 1:	10
Table value at index 1:	10
Table value at index 1:	10
Table value at index 1:	10
Table value at index 1:	10
Table value at index 1:	10
Table value at index 1:	10
Table value at index 1:	10
Table value at index 1:	10
Table value at index 1:	10
Table value at index 1:	10
Table value at index 1:	10
Table value at index 1:	10
Table value at index 1:	10
Table value at index 1:	10
Table value at index 1:	10
Table value at index 1:	10
Table value at index 1:	10
Table value at index 1:	10
Table value at index 1:	10
Table value at index 1:	10
Table value at index 1:	10
Table value at index 1:	10
Table value at index 1:	10
Table value at index 1:	10
Table value at index 1:	10
Table value at index 1:	10
Table value at index 1:	10
Table value at index 1:	10
Table value at index 1:	10
Table value at index 1:	10
Table value at index 1:	10
Table value at index 1:	10
Table value at index 1:	10
Table value at index 1:	10
Table value at index 1:	10
Table value at index 1:	10
Table value at index 1:	10
Table value at index 1:	10
Table value at index 1:	10
Table value at index 1:	10
Table value at index 1:	10
Table value at index 1:	10
Table value at index 1:	10
Table value at index 1:	10
Table value at index 1:	10
Table value at index 1:	10
Table value at index 1:	10
Table value at index 1:	10
Table value at index 1:	10
Table value at index 1:	10
Table value at index 1:	10
Table value at index 1:	10
Table value at index 1:	10
Table value at index 1:	10
Table value at index 1:	10
Table value at index 1:	10
Table value at index 1:	10
Table value at index 1:	10
Table value at index 1:	10
Table value at index 1:	10
Table value at index 1:	10
Table value at index 1:	10
Table value at index 1:	10
Table value at index 1:	10
Table value at index 1:	10
Table value at index 1:	10
Table value at index 1:	10
Table value at index 1:	10
Table value at index 1:	10
Table value at index 1:	10
Table value at index 1:	10
Table value at index 1:	10
Table value at index 1:	10
Table value at index 1:	10
Table value at index 1:	10
Table value at index 1:	10
Table value at index 1:	10
Table value at index 1:	10
Table value at index 1:	10
Table value at index 1:	10
Table value at index 1:	10
Table value at index 1:	10
Table value at index 1:	10
Table value at index 1:	10
Table value at index 1:	10
Table value at index 1:	10
Table value at index 1:	10
Table value at index 1:	10
Table value at index 1:	10
Table value at index 1:	10
Table value at index 1:	10
Table value at index 1:	10
Table value at index 1:	10
Table value at index 1:	10
Table value at index 1:	10
Table value at index 1:	10
Table value at index 1:	10
Table value at index 1:	10
Table value at index 1:	10
Table value at index 1:	10
Table value at index 1:	10
Table value at index 1:	10
Table value at index 1:	10
Table value at index 1:	10
Table value at index 1:	10
Table value at index 1:	10
Table value at index 1:	10
Table value at index 1:	10
Table value at index 1:	10
Table value at index 1:	10
Table value at index 1:	10
Table value at index 1:	10
Table value at index 1:	10
Table value at index 1:	10
Table value at index 1:	10
Table value at index 1:	10
Table value at index 1:	10
Table value at index 1:	10
Table value at index 1:	10
Table value at index 1:	10
Table value at index 1:	10
Table value at index 1:	10
Table value at index 1:	10
Table value at index 1:	10
Table value at index 1:	10
Table value at index 1:	10
Table value at index 1:	10
Table value at index 1:	10
Table value at index 1:	10
Table value at index 1:	10
Table value at index 1:	10
Table value at index 1:	10
Table value at index 1:	10
Table value at index 1:	10
Table value at index 1:	10
Table value at index 1:	10
Table value at index 1:	10
Table value at index 1:	10
Table value at index 1:	10
Table value at index 1:	10
Table value at index 1:	10
Table value at index 1:	10
Table value at index 1:	10
Table value at index 1:	10
Table value at index 1:	10
Table value at index 1:	10
Table value at index 1:	10
Table value at index 1:	10
Table value at index 1:	10
Table value at index 1:	10
Table value at index 1:	10
Table value at index 1:	10
Table value at index 1:	10
Table value at index 1:	10
Table value at index 1:	10
Table value at index 1:	10
Table value at index 1:	10
Table value at index 1:	10
Table value at index 1:	10
Table value at index 1:	10
Table value at index 1:	10
Table value at index 1:	10
Table value at index 1:	10
Table value at index 1:	10
Table value at index 1:	10
Table value at index 1:	10
Table value at index 1:	10
Table value at index 1:	10
Table value at index 1:	10
Table value at index 1:	10
Table value at index 1:	10
Table value at index 1:	10
Table value at index 1:	10
Table value at index 1:	10
Table value at index 1:	10
Table value at index 1:	10
Table value at index 1:	10
Table value at index 1:	10
Table value at index 1:	10
Table value at index 1:	10
Table value at index 1:	10
Table value at index 1:	10
Table value at index 1:	10
Table value at index 1:	10
Table value at index 1:	10
Table value at index 1:	10
Table value at index 1:	10
Table value at index 1:	10
Table value at index 1:	10
Table value at index 1:	10
Table value at index 1:	10
Table value at index 1:	10
Table value at index 1:	10
Table value at index 1:	10
Table value at index 1:	10
Table value at index 1:	10
Table value at index 1:	10
Table value at index 1:	10
Table value at index 1:	10
Table value at index 1:	10
Table value at index 1:	10
Table value at index 1:	10
Table value at index 1:	10
Table value at index 1:	10
Table value at index 1:	10
Table value at index 1:	10
Table value at index 1:	10
Table value at index 1:	10
Table value at index 1:	10
Table value at index 1:	10
Table value at index 1:	10
Table value at index 1:	10
Table value at index 1:	10
Table value at index 1:	10
Table value at index 1:	10
Table value at index 1:	10
Table value at index 1:	10
Table value at index 1:	10
Table value at index 1:	10
Table value at index 1:	10
Table value at index 1:	10
Table value at index 1:	10
Table value at index 1:	10
Table value at index 1:	10
Table value at index 1:	10
Table value at index 1:	10
Table value at index 1:	10
Table value at index 1:	10
Table value at index 1:	10
Table value at index 1:	10
Table value at index 1:	10
Table value at index 1:	10
Table value at index 1:	10
Table value at index 1:	10
Table value at index 1:	10
Table value at index 1:	10
Table value at index 1:	10
Table value at index 1:	10
Table value at index 1:	10
Table value at index 1:	10
Table value at index 1:	10
Table value at index 1:	10
Table value at index 1:	10
Table value at index 1:	10
Table value at index 1:	10
Table value at index 1:	10
Table value at index 1:	10
Table value at index 1:	10
Table value at index 1:	10
Table value at index 1:	10
Table value at index 1:	10
Table value at index 1:	10
Table value at index 1:	10
Table value at index 1:	10
Table value at index 1:	10
Table value at index 1:	10
Table value at index 1:	10
Table value at index 1:	10
Table value at index 1:	10
Table value at index 1:	10
Table value at index 1:	10
Table value at index 1:	10
Table value at index 1:	10
Table value at index 1:	10
Table value at index 1:	10
Table value at index 1:	10
Table value at index 1:	10
Table value at index 1:	10
Table value at index 1:	10
Table value at index 1:	10
Table value at index 1:	10
Table value at index 1:	10
Table value at index 1:	10
Table value at index 1:	10
Table value at index 1:	10
Table value at index 1:	10
Table value at index 1:	10
Table value at index 1:	10
Table value at index 1:	10
Table value at index 1:	10
Table value at index 1:	10
Table value at index 1:	10
Table value at index 1:	10
Table value at index 1:	10
Table value at index 1:	10
Table value at index 1:	10
Table value at index 1:	10
Table value at index 1:	10
Table value at index 1:	10
Table value at index 1:	10
Table value at index 1:	10
Table value at index 1:	10
Table value at index 1:	10
Table value at index 1:	10
Table value at index 1:	10
Table value at index 1:	10
Table value at index 1:	10
Table value at index 1:	10
Table value at index 1:	10
Table value at index 1:	10
Table value at index 1:	10
Table value at index 1:	10
Table value at index 1:	10
Table value at index 1:	10
Table value at index 1:	10
Table value at index 1:	10
Table value at index 1:	10
Table value at index 1:	10
Table value at index 1:	10
Table value at index 1:	10
Table value at index 1:	10
Table value at index 1:	10
Table value at index 1:	10
Table value at index 1:	10
Table value at index 1:	10
Table value at index 1:	10
Table value at index 1:	10
Table value at index 1:	10
Table value at index 1:	10
Table value at index 1:	10
Table value at index 1:	10
Table value at index 1:	10
Table value at index 1:	10
Table value at index 1:	10
Table value at index 1:	10
Table value at index 1:	10
Table value at index 1:	10
Table value at index 1:	10
Table value at index 1:	10
Table value at index 1:	10
Table value at index 1:	10
Table value at index 1:	10
Table value at index 1:	10
Table value at index 1:	10
Table value at index 1:	10
Table value at index 1:	10
Table value at index 1:	10
Table value at index 1:	10
Table value at index 1:	10
Table value at index 1:	10
Table value at index 1:	10
Table value at index 1:	10
Table value at index 1:	10
Table value at index 1:	10
Table value at index 1:	10
Table value at index 1:	10
Table value at index 1:	10
Table value at index 1:	10
Table value at index 1:	10
Table value at index 1:	10
Table value at index 1:	10
Table value at index 1:	10
Table value at index 1:	10
Table value at index 1:	10
Table value at index 1:	10
Table value at index 1:	10
Table value at index 1:	10
Table value at index 1:	10
Table value at index 1:	10
Table value at index 1:	10
Table value at index 1:	10
Table value at index 1:	10
Table value at index 1:	10
Table value at index 1:	10
Table value at index 1:	10
Table value at index 1:	10
Table value at index 1:	10
Table value at index 1:	10
Table value at index 1:	10
Table value at index 1:	10
Table value at index 1:	10
Table value at index 1:	10
Table value at index 1:	10
Table value at index 1:	10
Table value at index 1:	10
Table value at index 1:	10
Table value at index 1:	10
Table value at index 1:	10
Table value at index 1:	10
Table value at index 1:	10
Table value at index 1:	10
Table value at index 1:	10
Table value at index 1:	10
Table value at index 1:	10
Table value at index 1:	10
Table value at index 1:	10
Table value at index 1:	10
Table value at index 1:	10
Table value at index 1:	10
Table value at index 1:	10
Table value at index 1:	10
Table value at index 1:	10
Table value at index 1:	10
Table value at index 1:	10
Table value at index 1:	10
Table value at index 1:	10
Table value at index 1:	10
Table value at index 1:	10
Table value at index 1:	10
Table value at index 1:	10
Table value at index 1:	10
Table value at index 1:	10
Table value at index 1:	10
Table value at index 1:	10
Table value at index 1:	10
Table value at index 1:	10
Table value at index 1:	10
Table value at index 1:	10
Table value at index 1:	10
Table value at index 1:	10
Table value at index 1:	10
Table value at index 1:	10
Table value at index 1:	10
Table value at index 1:	10
Table value at index 1:	10
Table value at index 1:	10
Table value at index 1:	10
Table value at index 1:	10
Table value at index 1:	10
Table value at index 1:	10
Table value at index 1:	10
Table value at index 1:	10
Table value at index 1:	10
Table value at index 1:	10
Table value at index 1:	10
Table value at index 1:	10
Table value at index 1:	10
Table value at index 1:	10
Table value at index 1:	10
Table value at index 1:	10
Table value at index 1:	10
Table value at index 1:	10
Table value at index 1:	10
Table value at index 1:	10
Table value at index 1:	10
Table value at index 1:	10
Table value at index 1:	10
Table value at index 1:	10
Table value at index 1:	10
Table value at index 1:	10
Table value at index 1:	10
Table value at index 1:	10
Table value at index 1:	10
Table value at index 1:	10
Table value at index 1:	10
Table value at index 1:	10
Table value at index 1:	10
Table value at index 1:	10
Table value at index 1:	10
Table value at index 1:	10
Table value at index 1:	10
Table value at index 1:	10
Table value at index 1:	10
Table value at index 1:	10
Table value at index 1:	10
Table value at index 1:	10
Table value at index 1:	10
Table value at index 1:	10
Table value at index 1:	10
Table value at index 1:	10
Table value at index 1:	10
Table value at index 1:	10
Table value at index 1:	10
Table value at index 1:	10
Table value at index 1:	10
Table value at index 1:	10
Table value at index 1:	10
Table value at index 1:	10
Table value at index 1:	10
Table value at index 1:	10
Table value at index 1:	10
Table value at index 1:	10
Table value at index 1:	10
Table value at index 1:	10
Table value at index 1:	10
Table value at index 1:	10
Table value at index 1:	10
Table value at index 1:	10
Table value at index 1:	10
Table value at index 1:	10
Table value at index 1:	10
Table value at index 1:	10
Table value at index 1:	10
Table value at index 1:	10
Table value at index 1:	10
Table value at index 1:	10
Table value at index 1:	10
Table value at index 1:	10
Table value at index 1:	10
Table value at index 1:	10
Table value at index 1:	10
Table value at index 1:	10
Table value at index 1:	10
Table value at index 1:	10
Table value at index 1:	10
Table value at index 1:	10
Table value at index 1:	10
Table value at index 1:	10
Table value at index 1:	10
Table value at index 1:	10
Table value at index 1:	10
Table value at index 1:	10
Table value at index 1:	10
Table value at index 1:	10
Table value at index 1:	10
Table value at index 1:	10
Table value at index 1:	10
Table value at index 1:	10
Table value at index 1:	10
Table value at index 1:	10
Table value at index 1:	10
Table value at index 1:	10
Table value at index 1:	10
Table value at index 1:	10
Table value at index 1:	10
Table value at index 1:	10
Table value at index 1:	10
Table value at index 1:	10
Table value at index 1:	10
Table value at index 1:	10
Table value at index 1:	10
Table value at index 1:	10
Table value at index 1:	10
Table value at index 1:	10
Table value at index 1:	10
Table value at index 1:	10
Table value at index 1:	10
Table value at index 1:	10
Table value at index 1:	10
Table value at index 1:	10
Table value at index 1:	10
Table value at index 1:	10
Table value at index 1:	10
Table value at index 1:	10
Table value at index 1:	10
Table value at index 1:	10
Table value at index 1:	10
Table value at index 1:	10
Table value at index 1:	10
Table value at index 1:	10
Table value at index 1:	10
Table value at index 1:	10
Table value at index 1:	10
Table value at index 1:	10
Table value at index 1:	10
Table value at index 1:	10
Table value at index 1:	10
Table value at index 1:	10
Table value at index 1:	10
Table value at index 1:	10
Table value at index 1:	10
Table value at index 1:	10
Table value at index 1:	10
Table value at index 1:	10
Table value at index 1:	10
Table value at index 1:	10
Table value at index 1:	10
Table value at index 1:	10
Table value at index 1:	10
Table value at index 1:	10
Table value at index 1:	10
Table value at index 1:	10
Table value at index 1:	10
Table value at index 1:	10
Table value at index 1:	10
Table value at index 1:	10
Table value at index 1:	10
Table value at index 1:	10
Table value at index 1:	10
Table value at index 1:	10
Table value at index 1:	10
Table value at index 1:	10
Table value at index 1:	10
Table value at index 1:	10
Table value at index 1:	10
Table value at index 1:	10
Table value at index 1:	10
Table value at index 1:	10
Table value at index 1:	10
Table value at index 1:	10
Table value at index 1:	10
Table value at index 1:	10
Table value at index 1:	10
Table value at index 1:	10
Table value at index 1:	10
Table value at index 1:	10
Table value at index 1:	10
Table value at index 1:	10
Table value at index 1:	10
Table value at index 1:	10
Table value at index 1:	10
Table value at index 1:	10
Table value at index 1:	10
Table value at index 1:	10
Table value at index 1:	10
Table value at index 1:	10
Table value at index 1:	10
Table value at index 1:	10
Table value at index 1:	10
Table value at index 1:	10
Table value at index 1:	10
Table value at index 1:	10
Table value at index 1:	10
Table value at index 1:	10
Table value at index 1:	10
Table value at index 1:	10
Table value at index 1:	10
Table value at index 1:	10
Table value at index 1:	10
Table value at index 1:	10
Table value at index 1:	10
Table value at index 1:	10
Table value at index 1:	10
Table value at index 1:	10
Table value at index 1:	10
Table value at index 1:	10
Table value at index 1:	10
Table value at index 1:	10
Table value at index 1:	10
Table value at index 1:	10
Table value at index 1:	10
Table value at index 1:	10
Table value at index 1:	10
Table value at index 1:	10
Table value at index 1:	10
Table value at index 1:	10
Table value at index 1:	10
Table value at index 1:	10
Table value at index 1:	10
Table value at index 1:	10
Table value at index 1:	10
Table value at index 1:	10
Table value at index 1:	10
Table value at index 1:	10
Table value at index 1:	10
Table value at index 1:	10
Table value at index 1:	10
Table value at index 1:	10
Table value at index 1:	10
Table value at index 1:	10
Table value at index 1:	10
Table value at index 1:	10
Table value at index 1:	10
Table value at index 1:	10
Table value at index 1:	10
Table value at index 1:	10
Table value at index 1:	10
Table value at index 1:	10
Table value at index 1:	10
Table value at index 1:	10
Table value at index 1:	10
Table value at index 1:	10
Table value at index 1:	10
Table value at index 1:	10
Table value at index 1:	10
Table value at index 1:	10
Table value at index 1:	10
Table value at index 1:	10
Table value at index 1:	10
Table value at index 1:	10
Table value at index 1:	10
Table value at index 1:	10
Table value at index 1:	10
Table value at index 1:	10
Table value at index 1:	10
Table value at index 1:	10
Table value at index 1:	10
Table value at index 1:	10
Table value at index 1:	10
Table value at index 1:	10
Table value at index 1:	10
Table value at index 1:	10
Table value at index 1:	10
Table value at index 1:	10
Table value at index 1:	10
Table value at index 1:	10
Table value at index 1:	10
Table value at index 1:	10
Table value at index 1:	10
Table value at index 1:	10
Table value at index 1:	10
Table value at index 1:	10
Table value at index 1:	10
Table value at index 1:	10
Table value at index 1:	10
Table value at index 1:	10
Table value at index 1:	10
Table value at index 1:	10
Table value at index 1:	10
Table value at index 1:	10
Table value at index 1:	10
Table value at index 1:	10
Table value at index 1:	10
Table value at index 1:	10
Table value at index 1:	10
Table value at index 1:	10
Table value at index 1:	10
Table value at index 1:	10
Table value at index 1:	10
Table value at index 1:	10
Table value at index 1:	10
Table value at index 1:	10
Table value at index 1:	10
Table value at index 1:	10
Table value at index 1:	10
Table value at index 1:	10
Table value at index 1:	10
Table value at index 1:	10
Table value at index 1:	10
Table value at index 1:	10
Table value at index 1:	10
Table value at index 1:	10
Table value at index 1:	10
Table value at index 1:	10
Table value at index 1:	10
Table value at index 1:	10
Table value at index 1:	10
Table value at index 1:	10
Table value at index 1:	10
Table value at index 1:	10
Table value at index 1:	10
Table value at index 1:	10
Table value at index 1:	10
Table value at index 1:	10
Table value at index 1:	10
Table value at index 1:	10
Table value at index 1:	10
Table value at index 1:	10
Table value at index 1:	10
Table value at index 1:	10
Table value at index 1:	10
Table value at index 1:	10
Table value at index 1:	10
Table value at index 1:	10
Table value at index 1:	10
Table value at index 1:	10
Table value at index 1:	10
Table value at index 1:	10
Table value at index 1:	10
Table value at index 1:	10
Table value at index 1:	10
Table value at index 1:	10
Table value at index 1:	10
Table value at index 1:	10
Table value at index 1:	10
Table value at index 1:	10
Table value at index 1:	10
Table value at index 1:	10
Table value at index 1:	10
Table value at index 1:	10
Table value at index 1:	10
Table value at index 1:	10
Table value at index 1:	10
Table value at index 1:	10
Table value at index 1:	10
Table value at index 1:	10
Table value at index 1:	10
Table value at index 1:	10
Table value at index 1:	10
Table value at index 1:	10
Table value at index 1:	10
Table value at index 1:	10
Table value at index 1:	10
Table value at index 1:	10
Table value at index 1:	10
Table value at index 1:	10
Table value at index 1:	10
Table value at index 1:	10
Table value at index 1:	10
Table value at index 1:	10
Table value at index 1:	10
Table value at index 1:	10
Table value at index 1:	10
Table value at index 1:	10
Table value at index 1:	10
Table value at index 1:	10
Table value at index 1:	10
Table value at index 1:	10
Table value at index 1:	10
Table value at index 1:	10
Table value at index 1:	10
Table value at index 1:	10
Table value at index 1:	10
Table value at index 1:	10
Table value at index 1:	10
Table value at index 1:	10
Table value at index 1:	10
Table value at index 1:	10
Table value at index 1:	10
Table value at index 1:	10
Table value at index 1:	10
Table value at index 1:	10
Table value at index 1:	10
Table value at index 1:	10
Table value at index 1:	10
Table value at index 1:	10
Table value at index 1:	10
Table value at index 1:	10
Table value at index 1:	10
Table value at index 1:	10
Table value at index 1:	10
Table value at index 1:	10
Table value at index 1:	10
Table value at index 1:	10
Table value at index 1:	10
Table value at index 1:	10
Table value at index 1:	10
Table value at index 1:	10
Table value at index 1:	10
Table value at index 1:	10
Table value at index 1:	10
Table value at index 1:	10
Table value at index 1:	10
Table value at index 1:	10
Table value at index 1:	10
Table value at index 1:	10
Table value at index 1:	10
Table value at index 1:	10
Table value at index 1:	10
Table value at index 1:	10
Table value at index 1:	10
Table value at index 1:	10
Table value at index 1:	10
Table value at index 1:	10
Table value at index 1:	10
Table value at index 1:	10
Table value at index 1:	10
Table value at index 1:	10
Table value at index 1:	10
Table value at index 1:	10
Table value at index 1:	10
Table value at index 1:	10
Table value at index 1:	10
Table value at index 1:	10
Table value at index 1:	10
Table value at index 1:	10
Table value at index 1:	10
Table value at index 1:	10
Table value at index 1:	10
Table value at index 1:	10
Table value at index 1:	10
Table value at index 1:	10
Table value at index 1:	10
Table value at index 1:	10
Table value at index 1:	10
Table value at index 1:	10
Table value at index 1:	10
Table value at index 1:	10
Table value at index 1:	10
Table value at index 1:	10
Table value at index 1:	10
Table value at index 1:	10
Table value at index 1:	10
Table value at index 1:	10
Table value at index 1:	10
Table value at index 1:	10
Table value at index 1:	10
Table value at index 1:	10
Table value at index 1:	10
Table value at index 1:	10
Table value at index 1:	10
Table value at index 1:	10
Table value at index 1:	10
Table value at index 1:	10
Table value at index 1:	10
Table value at index 1:	10
Table value at index 1:	10
Table value at index 1:	10
Table value at index 1:	10
Table value at index 1:	10
Table value at index 1:	10
Table value at index 1:	10
Table value at index 1:	10
Table value at index 1:	10
Table value at index 1:	10
Table value at index 1:	10
Table value at index 1:	10
Table value at index 1:	10
Table value at index 1:	10
Table value at index 1:	10
Table value at index 1:	10
Table value at index 1:	10
Table value at index 1:	10
Table value at index 1:	10
Table value at index 1:	10
Table value at index 1:	10
Table value at index 1:	10
Table value at index 1:	10
Table value at index 1:	10
Table value at index 1:	10
Table value at index 1:	10
Table value at index 1:	10
Table value at index 1:	10
Table value at index 1:	10
Table value at index 1:	10
Table value at index 1:	10
Table value at index 1:	10
Table value at index 1:	10
Table value at index 1:	10
Table value at index 1:	10
Table value at index 1:	10
Table value at index 1:	10
Table value at index 1:	10
Table value at index 1:	10
Table value at index 1:	10
Table value at index 1:	10
Table value at index 1:	10
Table value at index 1:	10
Table value at index 1:	10
Table value at index 1:	10
Table value at index 1:	10
Table value at index 1:	10
Table value at index 1:	10
Table value at index 1:	10
Table value at index 1:	10
Table value at index 1:	10
Table value at index 1:	10
Table value at index 1:	10
Table value at index 1:	10
Table value at index 1:	10
Table value at index 1:	10
Table value at index 1:	10
Table value at index 1:	10
Table value at index 1:	10
Table value at index 1:	10
Table value at index 1:	10
Table value at index 1:	10
Table value at index 1:	10
Table value at index 1:	10
Table value at index 1:	10
Table value at index 1:	10
Table value at index 1:	10
Table value at index 1:	10
Table value at index 1:	10
Table value at index 1:	10
Table value at index 1:	10
Table value at index 1:	10
Table value at index 1:	10
Table value at index 1:	10
Table value at index 1:	10
Table value at index 1:	10
Table value at index 1:	10
Table value at index 1:	10
Table value at index 1:	10
Table value at index 1:	10
Table value at index 1:	10
Table value at index 1:	10
Table value at index 1:	10
Table value at index 1:	10
Table value at index 1:	10
Table value at index 1:	10
Table value at index 1:	10
Table value at index 1:	10
Table value at index 1:	10
Table value at index 1:	10
Table value at index 1:	10
Table value at index 1:	10
Table value at index 1:	10
Table value at index 1:	10
Table value at index 1:	10
Table value at index 1:	10
Table value at index 1:	10
Table value at index 1:	10
Table value at index 1:	10
Table value at index 1:	10
Table value at index 1:	10
Table value at index 1:	10
Table value at index 1:	10
Table value at index 1:	10
Table value at index 1:	10
Table value at index 1:	10
Table value at index 1:	10
Table value at index 1:	10
Table value at index 1:	10
Table value at index 1:	10
Table value at index 1:	10
Table value at index 1:	10
Table value at index 1:	10
Table value at index 1:	10
Table value at index 1:	10
Table value at index 1:	10
Table value at index 1:	10
Table value at index 1:	10
Table value at index 1:	10
Table value at index 1:	10
Table value at index 1:	10
Table value at index 1:	10
Table value at index 1:	10
Table value at index 1:	10
Table value at index 1:	10
Table value at index 1:	10
Table value at index 1:	10
Table value at index 1:	10
Table value at index 1:	10
Table value at index 1:	10
Table value at index 1:	10
Table value at index 1:	10
Table value at index 1:	10
Table value at index 1:	10
Table value at index 1:	10
Table value at index 1:	10
Table value at index 1:	10
Table value at index 1:	10
Table value at index 1:	10
Table value at index 1:	10
Table value at index 1:	10
Table value at index 1:	10
Table value at index 1:	10
Table value at index 1:	10
Table value at index 1:	10
Table value at index 1:	10
Table value at index 1:	10
Table value at index 1:	10
Table value at index 1:	10
Table value at index 1:	10
Table value at index 1:	10
Table value at index 1:	10
Table value at index 1:	10
Table value at index 1:	10
Table value at index 1:	10
Table value at index 1:	10
Table value at index 1:	10
Table value at index 1:	10
Table value at index 1:	10
Table value at index 1:	10
Table value at index 1:	10
Table value at index 1:	10
Table value at index 1:	10
Table value at index 1:	10
Table value at index 1:	10
Table value at index 1:	10
Table value at index 1:	10
Table value at index 1:	10
Table value at index 1:	10
Table value at index 1:	10
Table value at index 1:	10
Table value at index 1:	10
Table value at index 1:	10
Table value at index 1:	10
Table value at index 1:	10
Table value at index 1:	10
Table value at index 1:	10
Table value at index 1:	10
Table value at index 1:	10
Table value at index 1:	10
Table value at index 1:	10
Table value at index 1:	10
Table value at index 1:	10
Table value at index 1:	10
Table value at index 1:	10
Table value at index 1:	10
Table value at index 1:	10
Table value at index 1:	10
Table value at index 1:	10
Table value at index 1:	10
Table value at index 1:	10
Table value at index 1:	10
Table value at index 1:	10
Table value at index 1:	10
Table value at index 1:	10
Table value at index 1:	10
Table value at index 1:	10
Table value at index 1:	10
Table value at index 1:	10
Table value at index 1:	10
Table value at index 1:	10
Table value at index 1:	10
Table value at index 1:	10
Table value at index 1:	10
Table value at index 1:	10
Table value at index 1:	10
Table value at index 1:	10
Table value at index 1:	10
Table value at index 1:	10
Table value at index 1:	10
Table value at index 1:	10
Table value at index 1:	10
Table value at index 1:	10
Table value at index 1:	10
Table value at index 1:	10
Table value at index 1:	10
Table value at index 1:	10
Table value at index 1:	10
Table value at index 1:	10
Table value at index 1:	10
Table value at index 1:	10
Table value at index 1:	10
Table value at index 1:	10
Table value at index 1:	10
Table value at index 1:	10
Table value at index 1:	10
Table value at index 1:	10
Table value at index 1:	10
Table value at index 1:	10
Table value at index 1:	10
Table value at index 1:	10
Table value at index 1:	10
Table value at index 1:	10
Table value at index 1:	10
Table value at index 1:	10
Table value at index 1:	10
Table value at index 1:	10
Table value at index 1:	10
Table value at index 1:	10
Table value at index 1:	10
Table value at index 1:	10
Table value at index 1:	10
Table value at index 1:	10
Table value at index 1:	10
Table value at index 1:	10
Table value at index 1:	10
Table value at index 1:	10
Table value at index 1:	10
Table value at index 1:	10
Table value at index 1:	10
Table value at index 1:	10
Table value at index 1:	10
Table value at index 1:	10
Table value at index 1:	10
Table value at index 1:	10
Table value at index 1:	10
Table value at index 1:	10
Table value at index 1:	10
Table value at index 1:	10
Table value at index 1:	10
Table value at index 1:	10
Table value at index 1:	10
Table value at index 1:	10
Table value at index 1:	10
Table value at index 1:	10
Table value at index 1:	10
Table value at index 1:	10
Table value at index 1:	10
Table value at index 1:	10
Table value at index 1:	10
Table value at index 1:	10
Table value at index 1:	10
Table value at index 1:	10
Table value at index 1:	10
Table value at index 1:	10
Table value at index 1:	10
Table value at index 1:	10
Table value at index 1:	10
Table value at index 1:	10
Table value at index 1:	10
Table value at index 1:	10
Table value at index 1:	10
Table value at index 1:	10
Table value at index 1:	10
Table value at index 1:	10
Table value at index 1:	10
Table value at index 1:	10
Table value at index 1:	10
Table value at index 1:	10
Table value at index 1:	10
Table value at index 1:	10
Table value at index 1:	10
Table value at index 1:	10
Table value at index 1:	10
Table value at index 1:	10
Table value at index 1:	10
Table value at index 1:	10
Table value at index 1:	10
Table value at index 1:	10
Table value at index 1:	10
Table value at index 1:	10
Table value at index 1:	10
Table value at index 1:	10
Table value at index 1:	10
Table value at index 1:	10
Table value at index 1:	10
Table value at index 1:	10
Table value at index 1:	10
Table value at index 1:	10
Table value at index 1:	10
Table value at index 1:	10
Table value at index 1:	10
Table value at index 1:	10
Table value at index 1:	10
Table value at index 1:	10
Table value at index 1:	10
Table value at index 1:	10
Table value at index 1:	10
Table value at index 1:	10
Table value at index 1:	10
Table value at index 1:	10
Table value at index 1:	10
Table value at index 1:	10
Table value at index 1:	10
Table value at index 1:	10
Table value at index 1:	10
Table value at index 1:	10
Table value at index 1:	10
Table value at index 1:	10
Table value at index 1:	10
Table value at index 1:	10
Table value at index 1:	10
Table value at index 1:	10
Table value at index 1:	10
Table value at index 1:	10
Table value at index 1:	10
Table value at index 1:	10
Table value at index 1:	10
Table value at index 1:	10
Table value at index 1:	10
Table value at index 1:	10
Table value at index 1:	10
Table value at index 1:	10
Table value at index 1:	10
Table value at index 1:	10
Table value at index 1:	10
Table value at index 1:	10
Table value at index 1:	10
Table value at index 1:	10
Table value at index 1:	10
Table value at index 1:	10
Table value at index 1:	10
Table value at index 1:	10
Table value at index 1:	10
Table value at index 1:	10
Table value at index 1:	10
Table value at index 1:	10
Table value at index 1:	10
Table value at index 1:	10
Table value at index 1:	10
Table value at index 1:	10
Table value at index 1:	10
Table value at index 1:	10
Table value at index 1:	10
Table value at index 1:	10
Table value at index 1:	10
Table value at index 1:	10
Table value at index 1:	10
Table value at index 1:	10
Table value at index 1:	10
Table value at index 1:	10
Table value at index 1:	10
Table value at index 1:	10
Table value at index 1:	10
Table value at index 1:	10
Table value at index 1:	10
Table value at index 1:	10
Table value at index 1:	10
Table value at index 1:	10
Table value at index 1:	10
Table value at index 1:	10
Table value at index 1:	10
Table value at index 1:	10
Table value at index 1:	10
Table value at index 1:	10
Table value at index 1:	10
Table value at index 1:	10
Table value at index 1:	10
Table value at index 1:	10
Table value at index 1:	10
Table value at index 1:	10
Table value at index 1:	10
Table value at index 1:	10
Table value at index 1:	10
Table value at index 1:	10
Table value at index 1:	10
Table value at index 1:	10
Table value at index 1:	10
Table value at index 1:	10
Table value at index 1:	10
Table value at index 1:	10
Table value at index 1:	10
Table value at index 1:	10
Table value at index 1:	10
Table value at index 1:	10
Table value at index 1:	10
Table value at index 1:	10
Table value at index 1:	10
Table value at index 1:	10
Table value at index 1:	10
Table value at index 1:	10
Table value at index 1:	10
Table value at index 1:	10
Table value at index 1:	10
Table value at index 1:	10
Table value at index 1:	10
Table value at index 1:	10
Table value at index 1:	10
Table value at index 1:	10
Table value at index 1:	10
Table value at index 1:	10
Table value at index 1:	10
Table value at index 1:	10
Table value at index 1:	10
Table value at index 1:	10
Table value at index 1:	10
Table value at index 1:	10
Table value at index 1:	10
Table value at index 1:	10
Table value at index 1:	10
Table value at index 1:	10
Table value at index 1:	10
Table value at index 1:	10
Table value at index 1:	10
Table value at index 1:	10
Table value at index 1:	10
Table value at index 1:	10
Table value at index 1:	10
Table value at index 1:	10
Table value at index 1:	10
Table value at index 1:	10
Table value at index 1:	10
Table value at index 1:	10
Table value at index 1:	10
Table value at index 1:	10
Table value at index 1:	10
Table value at index 1:	10
Table value at index 1:	10
Table value at index 1:	10
Table value at index 1:	10
Table value at index 1:	10
Table value at index 1:	10
Table value at index 1:	10
Table value at index 1:	10
Table value at index 1:	10
Table value at index 1:	10
Table value at index 1:	10
Table value at index 1:	10
Table value at index 1:	10
Table value at index 1:	10
Table value at index 1:	10
Table value at index 1:	10
Table value at index 1:	10
Table value at index 1:	10
Table value at index 1:	10
Table value at index 1:	10
Table value at index 1:	10
Table value at index 1:	10
Table value at index 1:	10
Table value at index 1:	10
Table value at index 1:	10
Table value at index 1:	10
Table value at index 1:	10
Table value at index 1:	10
Table value at index 1:	10
Table value at index 1:	10
Table value at index 1:	10
Table value at index 1:	10
Table value at index 1:	10
Table value at index 1:	10
Table value at index 1:	10
Table value at index 1:	10
Table value at index 1:	10
Table value at index 1:	10
Table value at index 1:	10
Table value at index 1:	10
Table value at index 1:	10
Table value at index 1:	10
Table value at index 1:	10
Table value at index 1:	10
Table value at index 1:	10
Table value at index 1:	10
Table value at index 1:	10
Table value at index 1:	10
Table value at index 1:	10
Table value at index 1:	10
Table value at index 1:	10
Table value at index 1:	10
Table value at index 1:	10
Table value at index 1:	10
Table value at index 1:	10
Table value at index 1:	10
Table value at index 1:	10
Table value at index 1:	10
Table value at index 1:	10
Table value at index 1:	10
Table value at index 1:	10
Table value at index 1:	10
Table value at index 1:	10
Table value at index 1:	10
Table value at index 1:	10
Table value at index 1:	10
Table value at index 1:	10
Table value at index 1:	10
Table value at index 1:	10
Table value at index 1:	10
Table value at index 1:	10
Table value at index 1:	10
Table value at index 1:	10
Table value at index 1:	10
Table value at index 1:	10
Table value at index 1:	10
Table value at index 1:	10
Table value at index 1:	10
Table value at index 1:	10
Table value at index 1:	10
Table value at index 1:	10
Table value at index 1:	10
Table value at index 1:	10
Table value at index 1:	10
Table value at index 1:	10
Table value at index 1:	10
Table value at index 1:	10
Table value at index 1:	10
Table value at index 1:	10
Table value at index 1:	10
Table value at index 1:	10
Table value at index 1:	10
Table value at index 1:	10
Table value at index 1:	10
Table value at index 1:	10
Table value at index 1:	10
Table value at index 1:	10
Table value at index 1:	10
Table value at index 1:	10
Table value at index 1:	10
Table value at index 1:	10
Table value at index 1:	10
Table value at index 1:	10
Table value at index 1:	10
Table value at index 1:	10
Table value at index 1:	10
Table value at index 1:	10
Table value at index 1:	10
Table value at index 1:	10
Table value at index 1:	10
Table value at index 1:	10
Table value at index 1:	10
Table value at index 1:	10
Table value at index 1:	10
Table value at index 1:	10
Table value at index 1:	10
Table value at index 1:	10
Table value at index 1:	10
Table value at index 1:	10
Table value at index 1:	10
Table value at index 1:	10
Table value at index 1:	10
Table value at index 1:	10
Table value at index 1:	10
Table value at index 1:	10
Table value at index 1:	10
Table value at index 1:	10
Table value at index 1:	10
Table value at index 1:	10
Table value at index 1:	10
Table value at index 1:	10
Table value at index 1:	10
Table value at index 1:	10
Table value at index 1:	10
Table value at index 1:	10
Table value at index 1:	10
Table value at index 1:	10
Table value at index 1:	10
Table value at index 1:	10
Table value at index 1:	10
Table value at index 1:	10
Table value at index 1:	10
Table value at index 1:	10
Table value at index 1:	10
Table value at index 1:	10
Table value at index 1:	10
Table value at index 1:	10
Table value at index 1:	10
Table value at index 1:	10
Table value at index 1:	10
Table value at index 1:	10
Table value at index 1:	10
Table value at index 1:	10
Table value at index 1:	10
Table value at index 1:	10
Table value at index 1:	10
Table value at index 1:	10
Table value at index 1:	10
Table value at index 1:	10
Table value at index 1:	10
Table value at index 1:	10
Table value at index 1:	10
Table value at index 1:	10
Table value at index 1:	10
Table value at index 1:	10
Table value at index 1:	10
Table value at index 1:	10
Table value at index 1:	10
Table value at index 1:	10
Table value at index 1:	10
Table value at index 1:	10
Table value at index 1:	10
Table value at index 1:	10
Table value at index 1:	10
Table value at index 1:	10
Table value at index 1:	10
Table value at index 1:	10
Table value at index 1:	10
Table value at index 1:	10
Table value at index 1:	10
Table value at index 1:	10
Table value at index 1:	10
Table value at index 1:	10
Table value at index 1:	10
Table value at index 1:	10
Table value at index 1:	10
Table value at index 1:	10
Table value at index 1:	10
Table value at index 1:	10
Table value at index 1:	10
Table value at index 1:	10
Table value at index 1:	10
Table value at index 1:	10
Table value at index 1:	10
Table value at index 1:	10
Table value at index 1:	10
Table value at index 1:	10
Table value at index 1:	10
Table value at index 1:	10
Table value at index 1:	10
Table value at index 1:	10
Table value at index 1:	10
Table value at index 1:	10
Table value at index 1:	10
Table value at index 1:	10
Table value at index 1:	10
Table value at index 1:	10
Table value at index 1:	10
Table value at index 1:	10
Table value at index 1:	10
Table value at index 1:	10
Table value at index 1:	10
Table value at index 1:	10
Table value at index 1:	10
Table value at index 1:	10
Table value at index 1:	10
Table value at index 1:	10
Table value at index 1:	10
Table value at index 1:	10
Table value at index 1:	10
Table value at index 1:	10
Table value at index 1:	10
Table value at index 1:	10
Table value at index 1:	10
Table value at index 1:	10
Table value at index 1:	10
Table value at index 1:	10
Table value at index 1:	10
Table value at index 1:	10
Table value at index 1:	10
Table value at index 1:	10
Table value at index 1:	10
Table value at index 1:	10
Table value at index 1:	10
Table value at index 1:	10
Table value at index 1:	10
Table value at index 1:	10
Table value at index 1:	10
Table value at index 1:	10
Table value at index 1:	10
Table value at index 1:	10
Table value at index 1:	10
Table value at index 1:	10
Table value at index 1:	10
Table value at index 1:	10
Table value at index 1:	10
Table value at index 1:	10
Table value at index 1:	10
Table value at index 1:	10
Table value at index 1:	10
Table value at index 1:	10
Table value at index 1:	10
Table value at index 1:	10
Table value at index 1:	10
Table value at index 1:	10
Table value at index 1:	10
Table value at index 1:	10
Table value at index 1:	10
Table value at index 1:	10
Table value at index 1:	10
Table value at index 1:	10
Table value at index 1:	10
Table value at index 1:	10
Table value at index 1:	10
Table value at index 1:	10
Table value at index 1:	10
Table value at index 1:	10
Table value at index 1:	10
Table value at index 1:	10
Table value at index 1:	10
Table value at index 1:	10
Table value at index 1:	10
Table value at index 1:	10
Table value at index 1:	10
Table value at index 1:	10
Table value at index 1:	10
Table value at index 1:	10
Table value at index 1:	10
Table value at index 1:	10
Table value at index 1:	10
Table value at index 1:	10
Table value at index 1:	10
Table value at index 1:	10
Table value at index 1:	10
Table value at index 1:	10
Table value at index 1:	10
Table value at index 1:	10
Table value at index 1:	10
Table value at index 1:	10
Table value at index 1:	10
Table value at index 1:	10
Table value at index 1:	10
Table value at index 1:	10
Table value at index 1:	10
Table value at index 1:	10
Table value at index 1:	10
Table value at index 1:	10
Table value at index 1:	10
Table value at index 1:	10
Table value at index 1:	10
Table value at index 1:	10
Table value at index 1:	10
Table value at index 1:	10
Table value at index 1:	10
Table value at index 1:	10
Table value at index 1:	10
Table value at index 1:	10
Table value at index 1:	10
Table value at index 1:	10
Table value at index 1:	10
Table value at index 1:	10
Table value at index 1:	10
Table value at index 1:	10
Table value at index 1:	10
Table value at index 1:	10
Table value at index 1:	10
Table value at index 1:	10
Table value at index 1:	10
Table value at index 1:	10
Table value at index 1:	10
Table value at index 1:	10
Table value at index 1:	10
Table value at index 1:	10
Table value at index 1:	10
Table value at index 1:	10
Table value at index 1:	10
Table value at index 1:	10
Table value at index 1:	10
Table value at index 1:	10
Table value at index 1:	10
Table value at index 1:	10
Table value at index 1:	10
Table value at index 1:	10
Table value at index 1:	10
Table value at index 1:	10
Table value at index 1:	10
Table value at index 1:	10
Table value at index 1:	10
Table value at index 1:	10
Table value at index 1:	10
Table value at index 1:	10
Table value at index 1:	10
Table value at index 1:	10
Table value at index 1:	10
Table value at index 1:	10
Table value at index 1:	10
Table value at index 1:	10
Table value at index 1:	10
Table value at index 1:	10
Table value at index 1:	10
Table value at index 1:	10
Table value at index 1:	10
Table value at index 1:	10
Table value at index 1:	10
Table value at index 1:	10
Table value at index 1:	10
Table value at index 1:	10
Table value at index 1:	10
Table value at index 1:	10
Table value at index 1:	10
Table value at index 1:	10
Table value at index 1:	10
Table value at index 1:	10
Table value at index 1:	10
Table value at index 1:	10
Table value at index 1:	10
Table value at index 1:	10
Table value at index 1:	10
Table value at index 1:	10
Table value at index 1:	10
Table value at index 1:	10
Table value at index 1:	10
Table value at index 1:	10
Table value at index 1:	10
Table value at index 1:	10
Table value at index 1:	10
Table value at index 1:	10
Table value at index 1:	10
Table value at index 1:	10
Table value at index 1:	10
Table value at index 1:	10
Table value at index 1:	10
Table value at index 1:	10
Table value at index 1:	10
Table value at index 1:	10
Table value at index 1:	10
Table value at index 1:	10
Table value at index 1:	10
Table value at index 1:	10
Table value at index 1:	10
Table value at index 1:	10
Table value at index 1:	10
Table value at index 1:	10
Table value at index 1:	10
Table value at index 1:	10
Table value at index 1:	10
Table value at index 1:	10
Table value at index 1:	10
Table value at index 1:	10
Table value at index 1:	10
Table value at index 1:	10
Table value at index 1:	10
Table value at index 1:	10
Table value at index 1:	10
Table value at index 1:	10
Table value at index 1:	10
Table value at index 1:	10
Table value at index 1:	10
Table value at index 1:	10
Table value at index 1:	10
Table value at index 1:	10
Table value at index 1:	10
Table value at index 1:	10
Table value at index 1:	10
Table value at index 1:	10
Table value at index 1:	10
Table value at index 1:	10
Table value at index 1:	10
Table value at index 1:	10
Table value at index 1:	10
Table value at index 1:	10
Table value at index 1:	10
Table value at index 1:	10
Table value at index 1:	10
Table value at index 1:	10
Table value at index 1:	10
Table value at index 1:	10
Table value at index 1:	10
Table value at index 1:	10
Table value at index 1:	10
Table value at index 1:	10
Table value at index 1:	10
Table value at index 1:	10
Table value at index 1:	10
Table value at index 1:	10
Table value at index 1:	10
Table value at index 1:	10
Table value at index 1:	10
Table value at index 1:	10
Table value at index 1:	10
Table value at index 1:	10
Table value at index 1:	10
Table value at index 1:	10
Table value at index 1:	10
Table value at index 1:	10
Table value at index 1:	10
Table value at index 1:	10
Table value at index 1:	10
Table value at index 1:	10
Table value at index 1:	10
Table value at index 1:	10
Table value at index 1:	10
Table value at index 1:	10
Table value at index 1:	10
Table value at index 1:	10
Table value at index 1:	10
Table value at index 1:	10
Table value at index 1:	10
Table value at index 1:	10
Table value at index 1:	10
Table value at index 1:	10
Table value at index 1:	10
Table value at index 1:	10
Table value at index 1:	10
Table value at index 1:	10
Table value at index 1:	10
Table value at index 1:	10
Table value at index 1:	10
Table value at index 1:	10
Table value at index 1:	10
Table value at index 1:	10
Table value at index 1:	10
Table value at index 1:	10
Table value at index 1:	10
Table value at index 1:	10
Table value at index 1:	10
Table value at index 1:	10
Table value at index 1:	10
Table value at index 1:	10
Table value at index 1:	10
Table value at index 1:	10
Table value at index 1:	10
Table value at index 1:	10
Table value at index 1:	10
Table value at index 1:	10
Table value at index 1:	10
Table value at index 1:	10
Table value at index 1:	10
Table value at index 1:	10
Table value at index 1:	10
Table value at index 1:	10
Table value at index 1:	10
Table value at index 1:	10
Table value at index 1:	10
Table value at index 1:	10
Table value at index 1:	10
Table value at index 1:	10
Table value at index 1:	10
Table value at index 1:	10
Table value at index 1:	10
Table value at index 1:	10
Table value at index 1:	10
Table value at index 1:	10
Table value at index 1:	10
Table value at index 1:	10
Table value at index 1:	10
Table value at index 1:	10
Table value at index 1:	10
Table value at index 1:	10
Table value at index 1:	10
Table value at index 1:	10
Table value at index 1:	10
Table value at index 1:	10
Table value at index 1:	10
Table value at index 1:	10
Table value at index 1:	10
Table value at index 1:	10
Table value at index 1:	10
Table value at index 1:	10
Table value at index 1:	10
Table value at index 1:	10
Table value at index 1:	10
Table value at index 1:	10
Table value at index 1:	10
Table value at index 1:	10
Table value at index 1:	10
Table value at index 1:	10
Table value at index 1:	10
Table value at index 1:	10
Table value at index 1:	10
Table value at index 1:	10
Table value at index 1:	10
Table value at index 1:	10
Table value at index 1:	10
Table value at index 1:	10
Table value at index 1:	10
Table value at index 1:	10
Table value at index 1:	10
Table value at index 1:	10
Table value at index 1:	10
Table value at index 1:	10
Table value at index 1:	10
Table value at index 1:	10
Table value at index 1:	10
Table value at index 1:	10
Table value at index 1:	10
Table value at index 1:	10
Table value at index 1:	10
Table value at index 1:	10
Table value at index 1:	10
Table value at index 1:	10
Table value at index 1:	10
Table value at index 1:	10
Table value at index 1:	10
Table value at index 1:	10
Table value at index 1:	10
Table value at index 1:	10
Table value at index 1:	10
Table value at index 1:	10
Table value at index 1:	10
Table value at index 1:	10
Table value at index 1:	10
Table value at index 1:	10
Table value at index 1:	10
Table value at index 1:	10
Table value at index 1:	10
Table value at index 1:	10
Table value at index 1:	10
Table value at index 1:	10
Table value at index 1:	10
Table value at index 1:	10
Table value at index 1:	10
Table value at index 1:	10
Table value at index 1:	10
Table value at index 1:	10
Table value at index 1:	10
Table value at index 1:	10
Table value at index 1:	10
Table value at index 1:	10
Table value at index 1:	10
Table value at index 1:	10
Table value at index 1:	10
Table value at index 1:	10
Table value at index 1:	10
Table value at index 1:	10
Table value at index 1:	10
Table value at index 1:	10
Table value at index 1:	10
Table value at index 1:	10
Table value at index 1:	10
Table value at index 1:	10
Table value at index 1:	10
Table value at index 1:	10
Table value at index 1:	10
Table value at index 1:	10
Table value at index 1:	10
Table value at index 1:	10
Table value at index 1:	10
Table value at index 1:	10
Table value at index 1:	10
Table value at index 1:	10
Table value at index 1:	10
Table value at index 1:	10
Table value at index 1:	10
Table value at index 1:	10
Table value at index 1:	10
Table value at index 1:	10
Table value at index 1:	10
Table value at index 1:	10
Table value at index 1:	10
Table value at index 1:	10
Table value at index 1:	10
Table value at index 1:	10
Table value at index 1:	10
Table value at index 1:	10
Table value at index 1:	10
Table value at index 1:	10
Table value at index 1:	10
Table value at index 1:	10
Table value at index 1:	10
Table value at index 1:	10
Table value at index 1:	10
Table value at index 1:	10
Table value at index 1:	10
Table value at index 1:	10
Table value at index 1:	10
Table value at index 1:	10
Table value at index 1:	10
Table value at index 1:	10
Table value at index 1:	10
Table value at index 1:	10
Table value at index 1:	10
Table value at index 1:	10
Table value at index 1:	10
Table value at index 1:	10
Table value at index 1:	10
Table value at index 1:	10
Table value at index 1:	10
Table value at index 1:	10
Table value at index 1:	10
Table value at index 1:	10
Table value at index 1:	10
Table value at index 1:	10
Table value at index 1:	10
Table value at index 1:	10
Table value at index 1:	10
Table value at index 1:	10
Table value at index 1:	10
Table value at index 1:	10
Table value at index 1:	10
Table value at index 1:	10
Table value at index 1:	10
Table value at index 1:	10
Table value at index 1:	10
Table value at index 1:	10
Table value at index 1:	10
Table value at index 1:	10
Table value at index 1:	10
Table value at index 1:	10
Table value at index 1:	10
Table value at index 1:	10
Table value at index 1:	10
Table value at index 1:	10
Table value at index 1:	10
Table value at index 1:	10
Table value at index 1:	10
Table value at index 1:	10
Table value at index 1:	10
Table value at index 1:	10
Table value at index 1:	10
Table value at index 1:	10
Table value at index 1:	10
Table value at index 1:	10
Table value at index 1:	10
Table value at index 1:	10
Table value at index 1:	10
Table value at index 1:	10
Table value at index 1:	10
Table value at index 1:	10
Table value at index 1:	10
Table value at index 1:	10
Table value at index 1:	10
Table value at index 1:	10
Table value at index 1:	10
Table value at index 1:	10
Table value at index 1:	10
Table value at index 1:	10
Table value at index 1:	10
Table value at index 1:	10
Table value at index 1:	10
Table value at index 1:	10
Table value at index 1:	10
Table value at index 1:	10
Table value at index 1:	10
Table value at index 1:	10
Table value at index 1:	10
Table value at index 1:	10
Table value at index 1:	10
Table value at index 1:	10
Table value at index 1:	10
Table value at index 1:	10
Table value at index 1:	10
Table value at index 1:	10
Table value at index 1:	10
Table value at index 1:	10
Table value at index 1:	10
Table value at index 1:	10
Table value at index 1:	10
Table value at index 1:	10
Table value at index 1:	10
Table value at index 1:	10
Table value at index 1:	10
Table value at index 1:	10
Table value at index 1:	10
Table value at index 1:	10
Table value at index 1:	10
Table value at index 1:	10
Table value at index 1:	10
Table value at index 1:	10
Table value at index 1:	10
Table value at index 1:	10
Table value at index 1:	10
Table value at index 1:	10
Table value at index 1:	10
Table value at index 1:	10
Table value at index 1:	10
Table value at index 1:	10
Table value at index 1:	10
Table value at index 1:	10
Table value at index 1:	10
Table value at index 1:	10
Table value at index 1:	10
Table value at index 1:	10
Table value at index 1:	10
Table value at index 1:	10
Table value at index 1:	10
Table value at index 1:	10
Table value at index 1:	10
Table value at index 1:	10
Table value at index 1:	10
Table value at index 1:	10
Table value at index 1:	10
Table value at index 1:	10
Table value at index 1:	10
Table value at index 1:	10
Table value at index 1:	10
Table value at index 1:	10
Table value at index 1:	10
Table value at index 1:	10
Table value at index 1:	10
Table value at index 1:	10
Table value at index 1:	10
Table value at index 1:	10
Table value at index 1:	10
Table value at index 1:	10
Table value at index 1:	10
Table value at index 1:	10
Table value at index 1:	10
Table value at index 1:	10
Table value at index 1:	10
Table value at index 1:	10
Table value at index 1:	10
Table value at index 1:	10
Table value at index 1:	10
Table value at index 1:	10
Table value at index 1:	10
Table value at index 1:	10
Table value at index 1:	10
Table value at index 1:	10
Table value at index 1:	10
Table value at index 1:	10
Table value at index 1:	10
Table value at index 1:	10
Table value at index 1:	10
Table value at index 1:	10
Table value at index 1:	10
Table value at index 1:	10
Table value at index 1:	10
Table value at index 1:	10
Table value at index 1:	10
Table value at index 1:	10
Table value at index 1:	10
Table value at index 1:	10
Table value at index 1:	10
Table value at index 1:	10
Table value at index 1:	10
Table value at index 1:	10
Table value at index 1:	10
Table value at index 1:	10
Table value at index 1:	10
Table value at index 1:	10
Table value at index 1:	10
Table value at index 1:	10
Table value at index 1:	10
Table value at index 1:	10
Table value at index 1:	10
Table value at index 1:	10
Table value at index 1:	10
Table value at index 1:	10
Table value at index 1:	10
Table value at index 1:	10
Table value at index 1:	10
Table value at index 1:	10
Table value at index 1:	10
Table value at index 1:	10
Table value at index 1:	10
Table value at index 1:	10
Table value at index 1:	10
Table value at index 1:	10
Table value at index 1:	10
Table value at index 1:	10
Table value at index 1:	10
Table value at index 1:	10
Table value at index 1:	10
Table value at index 1:	10
Table value at index 1:	10
Table value at index 1:	10
Table value at index 1:	10
Table value at index 1:	10
Table value at index 1:	10
Table value at index 1:	10
Table value at index 1:	10
Table value at index 1:	10
Table value at index 1:	10
Table value at index 1:	10
Table value at index 1:	10
Table value at index 1:	10
Table value at index 1:	10
Table value at index 1:	10
Table value at index 1:	10
Table value at index 1:	10
Table value at index 1:	10
Table value at index 1:	10
Table value at index 1:	10
Table value at index 1:	10
Table value at index 1:	10
Table value at index 1:	10
Table value at index 1:	10
Table value at index 1:	10
Table value at index 1:	10
Table value at index 1:	10
Table value at index 1:	10
Table value at index 1:	10
Table value at index 1:	10
Table value at index 1:	10
Table value at index 1:	10
Table value at index 1:	10
Table value at index 1:	10
Table value at index 1:	10
Table value at index 1:	10
Table value at index 1:	10
Table value at index 1:	10
Table value at index 1:	10
Table value at index 1:	10
Table value at index 1:	10
Table value at index 1:	10
Table value at index 1:	10
Table value at index 1:	10
Table value at index 1:	10
Table value at index 1:	10
Table value at index 1:	10
Table value at index 1:	10
Table value at index 1:	10
Table value at index 1:	10
Table value at index 1:	10
Table value at index 1:	10
Table value at index 1:	10
Table value at index 1:	10
Table value at index 1:	10
Table value at index 1:	10
Table value at index 1:	10
Table value at index 1:	10
Table value at index 1:	10
Table value at index 1:	10
Table value at index 1:	10
Table value at index 1:	10
Table value at index 1:	10
Table value at index 1:	10
Table value at index 1:	10
Table value at index 1:	10
Table value at index 1:	10
Table value at index 1:	10
Table value at index 1:	10
Table value at index 1:	10
Table value at index 1:	10
Table value at index 1:	10
Table value at index 1:	10
Table value at index 1:	10
Table value at index 1:	10
Table value at index 1:	10
Table value at index 1:	10
Table value at index 1:	10
Table value at index 1:	10
Table value at index 1:	10
Table value at index 1:	10
Table value at index 1:	10
Table value at index 1:	10
Table value at index 1:	10
Table value at index 1:	10
Table value at index 1:	10
Table value at index 1:	10
Table value at index 1:	10
Table value at index 1:	10
Table value at index 1:	10
Table value at index 1:	10
Table value at index 1:	10
Table value at index 1:	10
Table value at index 1:	10
Table value at index 1:	10
Table value at index 1:	10
Table value at index 1:	10
Table value at index 1:	10
Table value at index 1:	10
Table value at index 1:	10
Table value at index 1:	10
Table value at index 1:	10
Table value at index 1:	10
Table value at index 1:	10
Table value at index 1:	10
Table value at index 1:	10
Table value at index 1:	10
Table value at index 1:	10
Table value at index 1:	10
Table value at index 1:	10
Table value at index 1:	10
Table value at index 1:	10
Table value at index 1:	10
Table value at index 1:	10
Table value at index 1:	10
Table value at index 1:	10
Table value at index 1:	10
Table value at index 1:	10
Table value at index 1:	10
Table value at index 1:	10
Table value at index 1:	10
Table value at index 1:	10
Table value at index 1:	10
Table value at index 1:	10
Table value at index 1:	10
Table value at index 1:	10
Table value at index 1:	10
Table value at index 1:	10
Table value at index 1:	10
Table value at index 1:	10
Table value at index 1:	10
Table value at index 1:	10
Table value at index 1:	10
Table value at index 1:	10
Table value at index 1:	10
Table value at index 1:	10
Table value at index 1:	10
Table value at index 1:	10
Table value at index 1:	10
Table value at index 1:	10
Table value at index 1:	10
Table value at index 1:	10
Table value at index 1:	10
Table value at index 1:	10
Table value at index 1:	10
Table value at index 1:	10
Table value at index 1:	10
Table value at index 1:	10
Table value at index 1:	10
Table value at index 1:	10
Table value at index 1:	10
Table value at index 1:	10
Table value at index 1:	10
Table value at index 1:	10
Table value at index 1:	10
Table value at index 1:	10
Table value at index 1:	10
Table value at index 1:	10
Table value at index 1:	10
Table value at index 1:	10
Table value at index 1:	10
Table value at index 1:	10
Table value at index 1:	10
Table value at index 1:	10
Table value at index 1:	10
Table value at index 1:	10
Table value at index 1:	10
Table value at index 1:	10
Table value at index 1:	10
Table value at index 1:	10
Table value at index 1:	10
Table value at index 1:	10
Table value at index 1:	10
Table value at index 1:	10
Table value at index 1:	10
Table value at index 1:	10
Table value at index 1:	10
Table value at index 1:	10
Table value at index 1:	10
Table value at index 1:	10
Table value at index 1:	10
Table value at index 1:	10
Table value at index 1:	10
Table value at index 1:	10
Table value at index 1:	10
Table value at index 1:	10
Table value at index 1:	10
Table value at index 1:	10
Table value at index 1:	10
Table value at index 1:	10
Table value at index 1:	10
Table value at index 1:	10
Table value at index 1:	10
Table value at index 1:	10
Table value at index 1:	10
Table value at index 1:	10
Table value at index 1:	10
Table value at index 1:	10
Table value at index 1:	10
Table value at index 1:	10
Table value at index 1:	10
Table value at index 1:	10
Table value at index 1:	10
Table value at index 1:	10
Table value at index 1:	10
Table value at index 1:	10
Table value at index 1:	10
Table value at index 1:	10
Table value at index 1:	10
Table value at index 1:	10
Table value at index 1:	10
Table value at index 1:	10
Table value at index 1:	10
Table value at index 1:	10
Table value at index 1:	10
Table value at index 1:	10
Table value at index 1:	10
Table value at index 1:	10
Table value at index 1:	10
Table value at index 1:	10
Table value at index 1:	10
Table value at index 1:	10
Table value at index 1:	10
Table value at index 1:	10
Table value at index 1:	10
Table value at index 1:	10
Table value at index 1:	10
Table value at index 1:	10
Table value at index 1:	10
Table value at index 1:	10
Table value at index 1:	10
Table value at index 1:	10
Table value at index 1:	10
Table value at index 1:	10
Table value at index 1:	10
Table value at index 1:	10
Table value at index 1:	10
Table value at index 1:	10
Table value at index 1:	10
Table value at index 1:	10
Table value at index 1:	10
Table value at index 1:	10
Table value at index 1:	10
Table value at index 1:	10
Table value at index 1:	10
Table value at index 1:	10
Table value at index 1:	10
Table value at index 1:	10
Table value at index 1:	10
Table value at index 1:	10
Table value at index 1:	10
Table value at index 1:	10
Table value at index 1:	10
Table value at index 1:	10
Table value at index 1:	10
Table value at index 1:	10
Table value at index 1:	10
Table value at index 1:	10
Table value at index 1:	10
Table value at index 1:	10
Table value at index 1:	10
Table value at index 1:	10
Table value at index 1:	10
Table value at index 1:	10
Table value at index 1:	10
Table value at index 1:	10
Table value at index 1:	10
Table value at index 1:	10
Table value at index 1:	10
Table value at index 1:	10
Table value at index 1:	10
Table value at index 1:	10
Table value at index 1:	10
Table value at index 1:	10
Table value at index 1:	10
Table value at index 1:	10
Table value at index 1:	10
Table value at index 1:	10
Table value at index 1:	10
Table value at index 1:	10
Table value at index 1:	10
Table value at index 1:	10
Table value at index 1:	10
Table value at index 1:	10
Table value at index 1:	10
Table value at index 1:	10
Table value at index 1:	10
Table value at index 1:	10
Table value at index 1:	10
Table value at index 1:	10
Table value at index 1:	10
Table value at index 1:	10
Table value at index 1:	10
Table value at index 1:	10
Table value at index 1:	10
Table value at index 1:	10
Table value at index 1:	10
Table value at index 1:	10
Table value at index 1:	10
Table value at index 1:	10
Table value at index 1:	10
Table value at index 1:	10
Table value at index 1:	10
Table value at index 1:	10
Table value at index 1:	10
Table value at index 1:	10
Table value at index 1:	10
Table value at index 1:	10
Table value at index 1:	10
Table value at index 1:	10
Table value at index 1:	10
Table value at index 1:	10
Table value at index 1:	10
Table value at index 1:	10
Table value at index 1:	10
Table value at index 1:	10
Table value at index 1:	10
Table value at index 1:	10
Table value at index 1:	10
Table value at index 1:	10
Table value at index 1:	10
Table value at index 1:	10
Table value at index 1:	10
Table value at index 1:	10
Table value at index 1:	10
Table value at index 1:	10
Table value at index 1:	10
Table value at index 1:	10
Table value at index 1:	10
Table value at index 1:	10
Table value at index 1:	10
Table value at index 1:	10
Table value at index 1:	10
Table value at index 1:	10
Table value at index 1:	10
Table value at index 1:	10
Table value at index 1:	10
Table value at index 1:	10
Table value at index 1:	10
Table value at index 1:	10
Table value at index 1:	10
Table value at index 1:	10
Table value at index 1:	10
Table value at index 1:	10
Table value at index 1:	10
Table value at index 1:	10
Table value at index 1:	10
Table value at index 1:	10
Table value at index 1:	10
Table value at index 1:	10
Table value at index 1:	10
Table value at index 1:	10
Table value at index 1:	10
Table value at index 1:	10
Table value at index 1:	10
Table value at index 1:	10
Table value at index 1:	10
Table value at index 1:	10
Table value at index 1:	10
Table value at index 1:	10
Table value at index 1:	10
Table value at index 1:	10
Table value at index 1:	10
Table value at index 1:	10
Table value at index 1:	10
Table value at index 1:	10
Table value at index 1:	10
Table value at index 1:	10
Table value at index 1:	10
Table value at index 1:	10
Table value at index 1:	10
Table value at index 1:	10
Table value at index 1:	10
Table value at index 1:	10
Table value at index 1:	10
Table value at index 1:	10
Table value at index 1:	10
Table value at index 1:	10
Table value at index 1:	10
Table value at index 1:	10
Table value at index 1:	10
Table value at index 1:	10
Table value at index 1:	10
Table value at index 1:	10
Table value at index 1:	10
Table value at index 1:	10
Table value at index 1:	10
Table value at index 1:	10
Table value at index 1:	10
Table value at index 1:	10
Table value at index 1:	10
Table value at index 1:	10
Table value at index 1:	10
Table value at index 1:	10
Table value at index 1:	10
Table value at index 1:	10
Table value at index 1:	10
Table value at index 1:	10
Table value at index 1:	10
Table value at index 1:	10
Table value at index 1:	10
Table value at index 1:	10
Table value at index 1:	10
Table value at index 1:	10
Table value at index 1:	10
Table value at index 1:	10
Table value at index 1:	10
Table value at index 1:	10
Table value at index 1:	10
Table value at index 1:	10
Table value at index 1:	10
Table value at index 1:	10
Table value at index 1:	10
Table value at index 1:	10
Table value at index 1:	10
Table value at index 1:	10
Table value at index 1:	10
Table value at index 1:	10
Table value at index 1:	10
Table value at index 1:	10
Table value at index 1:	10
Table value at index 1:	10
Table value at index 1:	10
Table value at index 1:	10
Table value at index 1:	10
Table value at index 1:	10
Table value at index 1:	10
Table value at index 1:	10
Table value at index 1:	10
Table value at index 1:	10
Table value at index 1:	10
Table value at index 1:	10
Table value at index 1:	10
Table value at index 1:	10
Table value at index 1:	10
Table value at index 1:	10
Table value at index 1:	10
Table value at index 1:	10
Table value at index 1:	10
Table value at index 1:	10
Table value at index 1:	10
Table value at index 1:	10
Table value at index 1:	10
Table value at index 1:	10
Table value at index 1:	10
Table value at index 1:	10
Table value at index 1:	10
Table value at index 1:	10
Table value at index 1:	10
Table value at index 1:	10
Table value at index 1:	10
Table value at index 1:	10
Table value at index 1:	10
Table value at index 1:	10
Table value at index 1:	10
Table value at index 1:	10
Table value at index 1:	10
Table value at index 1:	10
Table value at index 1:	10
Table value at index 1:	10
Table value at index 1:	10
Table value at index 1:	10
Table value at index 1:	10
Table value at index 1:	10
Table value at index 1:	10
Table value at index 1:	10
Table value at index 1:	10
Table value at index 1:	10
Table value at index 1:	10
Table value at index 1:	10
Table value at index 1:	10
Table value at index 1:	10
Table value at index 1:	10
Table value at index 1:	10
Table value at index 1:	10
Table value at index 1:	10
Table value at index 1:	10
Table value at index 1:	10
Table value at index 1:	10
Table value at index 1:	10
Table value at index 1:	10
Table value at index 1:	10
Table value at index 1:	10
Table value at index 1:	10
Table value at index 1:	10
Table value at index 1:	10
Table value at index 1:	10
Table value at index 1:	10
Table value at index 1:	10
Table value at index 1:	10
Table value at index 1:	10
Table value at index 1:	10
Table value at index 1:	10
Table value at index 1:	10
Table value at index 1:	10
Table value at index 1:	10
Table value at index 1:	10
Table value at index 1:	10
Table value at index 1:	10
Table value at index 1:	10
Table value at index 1:	10
Table value at index 1:	10
Table value at index 1:	10
Table value at index 1:	10
Table value at index 1:	10
Table value at index 1:	10
Table value at index 1:	10
Table value at index 1:	10
Table value at index 1:	10
Table value at index 1:	10
Table value at index 1:	10
Table value at index 1:	10
Table value at index 1:	10
Table value at index 1:	10
Table value at index 1:	10
Table value at index 1:	10
Table value at index 1:	10
Table value at index 1:	10
Table value at index 1:	10
Table value at index 1:	10
Table value at index 1:	10
Table value at index 1:	10
Table value at index 1:	10
Table value at index 1:	10
Table value at index 1:	10
Table value at index 1:	10
Table value at index 1:	10
Table value at index 1:	10
Table value at index 1:	10
Table value at index 1:	10
Table value at index 1:	10
Table value at index 1:	10
Table value at index 1:	10
Table value at index 1:	10
Table value at index 1:	10
Table value at index 1:	10
Table value at index 1:	10
Table value at index 1:	10
Table value at index 1:	10
Table value at index 1:	10
Table value at index 1:	10
Table value at index 1:	10
Table value at index 1:	10
Table value at index 1:	10
Table value at index 1:	10
Table value at index 1:	10
Table value at index 1:	10
Table value at index 1:	10
Table value at index 1:	10
Table value at index 1:	10
Table value at index 1:	10
Table value at index 1:	10
Table value at index 1:	10
Table value at index 1:	10
Table value at index 1:	10
Table value at index 1:	10
Table value at index 1:	10
Table value at index 1:	10
Table value at index 1:	10
Table value at index 1:	10
Table value at index 1:	10
Table value at index 1:	10
Table value at index 1:	10
Table value at index 1:	10
Table value at index 1:	10
Table value at index 1:	10
Table value at index 1:	10
Table value at index 1:	10
Table value at index 1:	10
Table value at index 1:	10
Table value at index 1:	10
Table value at index 1:	10
Table value at index 1:	10
Table value at index 1:	10
Table value at index 1:	10
Table value at index 1:	10
Table value at index 1:	10
Table value at index 1:	10
Table value at index 1:	10
Table value at index 1:	10
Table value at index 1:	10
Table value at index 1:	10
Table value at index 1:	10
Table value at index 1:	10
Table value at index 1:	10
Table value at index 1:	10
Table value at index 1:	10
Table value at index 1:	10
Table value at index 1:	10
Table value at index 1:	10
Table value at index 1:	10
Table value at index 1:	10
Table value at index 1:	10
Table value at index 1:	10
Table value at index 1:	10
Table value at index 1:	10
Table value at index 1:	10
Table value at index 1:	10
Table value at index 1:	10
Table value at index 1:	10
Table value at index 1:	10
Table value at index 1:	10
Table value at index 1:	10
Table value at index 1:	10
Table value at index 1:	10
Table value at index 1:	10
Table value at index 1:	10
Table value at index 1:	10
Table value at index 1:	10
Table value at index 1:	10
Table value at index 1:	10
Table value at index 1:	10
Table value at index 1:	10
Table value at index 1:	10
Table value at index 1:	10
Table value at index 1:	10
Table value at index 1:	10
Table value at index 1:	10
Table value at index 1:	10
Table value at index 1:	10
Table value at index 1:	10
Table value at index 1:	10
Table value at index 1:	10
Table value at index 1:	10
Table value at index 1:	10
Table value at index 1:	10
Table value at index 1:	10
Table value at index 1:	10
Table value at index 1:	10
Table value at index 1:	10
Table value at index 1:	10
Table value at index 1:	10
Table value at index 1:	10
Table value at index 1:	10
Table value at index 1:	10
Table value at index 1:	10
Table value at index 1:	10
Table value at index 1:	10
Table value at index 1:	10
Table value at index 1:	10
Table value at index 1:	10
Table value at index 1:	10
Table value at index 1:	10
Table value at index 1:	10
Table value at index 1:	10
Table value at index 1:	10
Table value at index 1:	10
Table value at index 1:	10
Table value at index 1:	10
Table value at index 1:	10
Table value at index 1:	10
Table value at index 1:	10
Table value at index 1:	10
Table value at index 1:	10
Table value at index 1:	10
Table value at index 1:	10
Table value at index 1:	10
Table value at index 1:	10
Table value at index 1:	10
Table value at index 1:	10
Table value at index 1:	10
Table value at index 1:	10
Table value at index 1:	10
Table value at index 1:	10
Table value at index 1:	10
Table value at index 1:	10
Table value at index 1:	10
Table value at index 1:	10
Table value at index 1:	10
Table value at index 1:	10
Table value at index 1:	10
Table value at index 1:	10
Table value at index 1:	10
Table value at index 1:	10
Table value at index 1:	10
Table value at index 1:	10
Table value at index 1:	10
Table value at index 1:	10
Table value at index 1:	10
Table value at index 1:	10
Table value at index 1:	10
Table value at index 1:	10
Table value at index 1:	10
Table value at index 1:	10
Table value at index 1:	10
Table value at index 1:	10
Table value at index 1:	10
Table value at index 1:	10
Table value at index 1:	10
Table value at index 1:	10
Table value at index 1:	10
Table value at index 1:	10
Table value at index 1:	10
Table value at index 1:	10
Table value at index 1:	10
Table value at index 1:	10
Table value at index 1:	10
Table value at index 1:	10
Table value at index 1:	10
Table value at index 1:	10
Table value at index 1:	10
Table value at index 1:	10
Table value at index 1:	10
Table value at index 1:	10
Table value at index 1:	10
Table value at index 1:	10
Table value at index 1:	10
Table value at index 1:	10
Table value at index 1:	10
Table value at index 1:	10
Table value at index 1:	10
Table value at index 1:	10
Table value at index 1:	10
Table value at index 1:	10
Table value at index 1:	10
Table value at index 1:	10
Table value at index 1:	10
Table value at index 1:	10
Table value at index 1:	10
Table value at index 1:	10
Table value at index 1:	10
Table value at index 1:	10
Table value at index 1:	10
Table value at index 1:	10
Table value at index 1:	10
Table value at index 1:	10
Table value at index 1:	10
Table value at index 1:	10
Table value at index 1:	10
Table value at index 1:	10
Table value at index 1:	10
Table value at index 1:	10
Table value at index 1:	10
Table value at index 1:	10
Table value at index 1:	10
Table value at index 1:	10
Table value at index 1:	10
Table value at index 1:	10
Table value at index 1:	10
Table value at index 1:	10
Table value at index 1:	10
Table value at index 1:	10
Table value at index 1:	10
Table value at index 1:	10
Table value at index 1:	10
Table value at index 1:	10
Table value at index 1:	10
Table value at index 1:	10
Table value at index 1:	10
Table value at index 1:	10
Table value at index 1:	10
Table value at index 1:	10
Table value at index 1:	10
Table value at index 1:	10
Table value at index 1:	10
Table value at index 1:	10
Table value at index 1:	10
Table value at index 1:	10
Table value at index 1:	10
Table value at index 1:	10
Table value at index 1:	10
Table value at index 1:	10
Table value at index 1:	10
Table value at index 1:	10
Table value at index 1:	10
Table value at index 1:	10
Table value at index 1:	10
Table value at index 1:	10
Table value at index 1:	10
Table value at index 1:	10
Table value at index 1:	10
Table value at index 1:	10
Table value at index 1:	10
Table value at index 1:	10
Table value at index 1:	10
Table value at index 1:	10
Table value at index 1:	10
Table value at index 1:	10
Table value at index 1:	10
Table value at index 1:	10
Table value at index 1:	10
Table value at index 1:	10
Table value at index 1:	10
Table value at index 1:	10
Table value at index 1:	10
Table value at index 1:	10
Table value at index 1:	10
Table value at index 1:	10
Table value at index 1:	10
Table value at index 1:	10
Table value at index 1:	10
Table value at index 1:	10
Table value at index 1:	10
Table value at index 1:	10
Table value at index 1:	10
Table value at index 1:	10
Table value at index 1:	10
Table value at index 1:	10
Table value at index 1:	10
Table value at index 1:	10
Table value at index 1:	10
Table value at index 1:	10
Table value at index 1:	10
Table value at index 1:	10
Table value at index 1:	10
Table value at index 1:	10
Table value at index 1:	10
Table value at index 1:	10
Table value at index 1:	10
Table value at index 1:	10
Table value at index 1:	10
Table value at index 1:	10
Table value at index 1:	10
Table value at index 1:	10
Table value at index 1:	10
Table value at index 1:	10
Table value at index 1:	10
Table value at index 1:	10
Table value at index 1:	10
Table value at index 1:	10
Table value at index 1:	10
Table value at index 1:	10
Table value at index 1:	10
Table value at index 1:	10
Table value at index 1:	10
Table value at index 1:	10
Table value at index 1:	10
Table value at index 1:	10
Table value at index 1:	10
Table value at index 1:	10
Table value at index 1:	10
Table value at index 1:	10
Table value at index 1:	10
Table value at index 1:	10
Table value at index 1:	10
Table value at index 1:	10
Table value at index 1:	10
Table value at index 1:	10
Table value at index 1:	10
Table value at index 1:	10
Table value at index 1:	10
Table value at index 1:	10
Table value at index 1:	10
Table value at index 1:	10
Table value at index 1:	10
Table value at index 1:	10
Table value at index 1:	10
Table value at index 1:	10
Table value at index 1:	10
Table value at index 1:	10
Table value at index 1:	10
Table value at index 1:	10
Table value at index 1:	10
Table value at index 1:	10
Table value at index 1:	10
Table value at index 1:	10
Table value at index 1:	10
Table value at index 1:	10
Table value at index 1:	10
Table value at index 1:	10
Table value at index 1:	10
Table value at index 1:	10
Table value at index 1:	10
Table value at index 1:	10
Table value at index 1:	10
Table value at index 1:	10
Table value at index 1:	10
Table value at index 1:	10
Table value at index 1:	10
Table value at index 1:	10
Table value at index 1:	10
Table value at index 1:	10
Table value at index 1:	10
Table value at index 1:	10
Table value at index 1:	10
Table value at index 1:	10
Table value at index 1:	10
Table value at index 1:	10
Table value at index 1:	10
Table value at index 1:	10
Table value at index 1:	10
Table value at index 1:	10
Table value at index 1:	10
Table value at index 1:	10
Table value at index 1:	10
Table value at index 1:	10
Table value at index 1:	10
Table value at index 1:	10
Table value at index 1:	10
Table value at index 1:	10
Table value at index 1:	10
Table value at index 1:	10
Table value at index 1:	10
Table value at index 1:	10
Table value at index 1:	10
Table value at index 1:	10
Table value at index 1:	10
Table value at index 1:	10
Table value at index 1:	10
Table value at index 1:	10
Table value at index 1:	10
Table value at index 1:	10
Table value at index 1:	10
Table value at index 1:	10
Table value at index 1:	10
Table value at index 1:	10
Table value at index 1:	10
Table value at index 1:	10
Table value at index 1:	10
Table value at index 1:	10
Table value at index 1:	10
Table value at index 1:	10
Table value at index 1:	10
Table value at index 1:	10
Table value at index 1:	10
Table value at index 1:	10
Table value at index 1:	10
Table value at index 1:	10
Table value at index 1:	10
Table value at index 1:	10
Table value at index 1:	10
Table value at index 1:	10
Table value at index 1:	10
Table value at index 1:	10
Table value at index 1:	10
Table value at index 1:	10
Table value at index 1:	10
Table value at index 1:	10
Table value at index 1:	10
Table value at index 1:	10
Table value at index 1:	10
Table value at index 1:	10
Table value at index 1:	10
Table value at index 1:	10
Table value at index 1:	10
Table value at index 1:	10
Table value at index 1:	10
Table value at index 1:	10
Table value at index 1:	10
Table value at index 1:	10
Table value at index 1:	10
Table value at index 1:	10
Table value at index 1:	10
Table value at index 1:	10
Table value at index 1:	10
Table value at index 1:	10
Table value at index 1:	10
Table value at index 1:	10
Table value at index 1:	10
Table value at index 1:	10
Table value at index 1:	10
Table value at index 1:	10
Table value at index 1:	10
Table value at index 1:	10
Table value at index 1:	10
Table value at index 1:	10
Table value at index 1:	10
Table value at index 1:	10
Table value at index 1:	10
Table value at index 1:	10
Table value at index 1:	10
Table value at index 1:	10
Table value at index 1:	10
Table value at index 1:	10
Table value at index 1:	10
Table value at index 1:	10
Table value at index 1:	10
Table value at index 1:	10
Table value at index 1:	10
Table value at index 1:	10
Table value at index 1:	10
Table value at index 1:	10
Table value at index 1:	10
Table value at index 1:	10
Table value at index 1:	10
Table value at index 1:	10
Table value at index 1:	10
Table value at index 1:	10
Table value at index 1:	10
Table value at index 1:	10
Table value at index 1:	10
Table value at index 1:	10
Table value at index 1:	10
Table value at index 1:	10
Table value at index 1:	10
Table value at index 1:	10
Table value at index 1:	10
Table value at index 1:	10
Table value at index 1:	10
Table value at index 1:	10
Table value at index 1:	10
Table value at index 1:	10
Table value at index 1:	10
Table value at index 1:	10
Table value at index 1:	10
Table value at index 1:	10
Table value at index 1:	10
Table value at index 1:	10
Table value at index 1:	10
Table value at index 1:	10
Table value at index 1:	10
Table value at index 1:	10
Table value at index 1:	10
Table value at index 1:	10
Table value at index 1:	10
Table value at index 1:	10
Table value at index 1:	10
Table value at index 1:	10
Table value at index 1:	10
Table value at index 1:	10
Table value at index 1:	10
Table value at index 1:	10
Table value at index 1:	10
Table value at index 1:	10
Table value at index 1:	10
Table value at index 1:	10
Table value at index 1:	10
Table value at index 1:	10
Table value at index 1:	10
Table value at index 1:	10
Table value at index 1:	10
Table value at index 1:	10
Table value at index 1:	10
Table value at index 1:	10
Table value at index 1:	10
Table value at index 1:	10
Table value at index 1:	10
Table value at index 1:	10
Table value at index 1:	10
Table value at index 1:	10
Table value at index 1:	10
Table value at index 1:	10
Table value at index 1:	10
Table value at index 1:	10
Table value at index 1:	10
Table value at index 1:	10
Table value at index 1:	10
Table value at index 1:	10
Table value at index 1:	10
Table value at index 1:	10
Table value at index 1:	10
Table value at index 1:	10
Table value at index 1:	10
Table value at index 1:	10
Table value at index 1:	10
Table value at index 1:	10
Table value at index 1:	10
Table value at index 1:	10
Table value at index 1:	10
Table value at index 1:	10
Table value at index 1:	10
Table value at index 1:	10
Table value at index 1:	10
Table value at index 1:	10
Table value at index 1:	10
Table value at index 1:	10
Table value at index 1:	10
Table value at index 1:	10
Table value at index 1:	10
Table value at index 1:	10
Table value at index 1:	10
Table value at index 1:	10
Table value at index 1:	10
Table value at index 1:	10
Table value at index 1:	10
Table value at index 1:	10
Table value at index 1:	10
Table value at index 1:	10
Table value at index 1:	10
Table value at index 1:	10
Table value at index 1:	10
Table value at index 1:	10
Table value at index 1:	10
Table value at index 1:	10
Table value at index 1:	10
Table value at index 1:	10
Table value at index 1:	10
Table value at index 1:	10
Table value at index 1:	10
Table value at index 1:	10
Table value at index 1:	10
Table value at index 1:	10
Table value at index 1:	10
Table value at index 1:	10
Table value at index 1:	10
Table value at index 1:	10
Table value at index 1:	10
Table value at index 1:	10
Table value at index 1:	10
Table value at index 1:	10
Table value at index 1:	10
Table value at index 1:	10
Table value at index 1:	10
Table value at index 1:	10
Table value at index 1:	10
Table value at index 1:	10
Table value at index 1:	10
Table value at index 1:	10
Table value at index 1:	10
Table value at index 1:	10
Table value at index 1:	10
Table value at index 1:	10
Table value at index 1:	10
Table value at index 1:	10
Table value at index 1:	10
Table value at index 1:	10
Table value at index 1:	10
Table value at index 1:	10
Table value at index 1:	10
Table value at index 1:	10
Table value at index 1:	10
Table value at index 1:	10
Table value at index 1:	10
Table value at index 1:	10
Table value at index 1:	10
Table value at index 1:	10
Table value at index 1:	10
Table value at index 1:	10
Table value at index 1:	10
Table value at index 1:	10
Table value at index 1:	10
Table value at index 1:	10
Table value at index 1:	10
Table value at index 1:	10
Table value at index 1:	10
Table value at index 1:	10
Table value at index 1:	10
Table value at index 1:	10
Table value at index 1:	10
Table value at index 1:	10
Table value at index 1:	10
Table value at index 1:	10
Table value at index 1:	10
Table value at index 1:	10
Table value at index 1:	10
Table value at index 1:	10
Table value at index 1:	10
Table value at index 1:	10
Table value at index 1:	10
Table value at index 1:	10
Table value at index 1:	10
Table value at index 1:	10
Table value at index 1:	10
Table value at index 1:	10
Table value at index 1:	10
Table value at index 1:	10
Table value at index 1:	10
Table value at index 1:	10
Table value at index 1:	10
Table value at index 1:	10
Table value at index 1:	10
Table value at index 1:	10
Table value at index 1:	10
Table value at index 1:	10
Table value at index 1:	10
Table value at index 1:	10
Table value at index 1:	10
Table value at index 1:	10
Table value at index 1:	10
Table value at index 1:	10
Table value at index 1:	10
Table value at index 1:	10
Table value at index 1:	10
Table value at index 1:	10
Table value at index 1:	10
Table value at index 1:	10
Table value at index 1:	10
Table value at index 1:	10
Table value at index 1:	10
Table value at index 1:	10
Table value at index 1:	10
Table value at index 1:	10
Table value at index 1:	10
Table value at index 1:	10
Table value at index 1:	10
Table value at index 1:	10
Table value at index 1:	10
Table value at index 1:	10
Table value at index 1:	10
Table value at index 1:	10
Table value at index 1:	10
Table value at index 1:	10
Table value at index 1:	10
Table value at index 1:	10
Table value at index 1:	10
Table value at index 1:	10
Table value at index 1:	10
Table value at index 1:	10
Table value at index 1:	10
Table value at index 1:	10
Table value at index 1:	10
Table value at index 1:	10
Table value at index 1:	10
Table value at index 1:	10
Table value at index 1:	10
Table value at index 1:	10
Table value at index 1:	10
Table value at index 1:	10
Table value at index 1:	10
Table value at index 1:	10
Table value at index 1:	10
Table value at index 1:	10
Table value at index 1:	10
Table value at index 1:	10
Table value at index 1:	10
Table value at index 1:	10
Table value at index 1:	10
Table value at index 1:	10
Table value at index 1:	10
Table value at index 1:	10
Table value at index 1:	10
Table value at index 1:	10
Table value at index 1:	10
Table value at index 1:	10
Table value at index 1:	10
Table value at index 1:	10
Table value at index 1:	10
Table value at index 1:	10
Table value at index 1:	10
Table value at index 1:	10
Table value at index 1:	10
Table value at index 1:	10
Table value at index 1:	10
Table value at index 1:	10
Table value at index 1:	10
Table value at index 1:	10
Table value at index 1:	10
Table value at index 1:	10
Table value at index 1:	10
Table value at index 1:	10
Table value at index 1:	10
Table value at index 1:	10
Table value at index 1:	10
Table value at index 1:	10
Table value at index 1:	10
Table value at index 1:	10
Table value at index 1:	10
Table value at index 1:	10
Table value at index 1:	10
Table value at index 1:	10
Table value at index 1:	10
Table value at index 1:	10
Table value at index 1:	10
Table value at index 1:	10
Table value at index 1:	10
Table value at index 1:	10
Table value at index 1:	10
Table value at index 1:	10
Table value at index 1:	10
Table value at index 1:	10
Table value at index 1:	10
Table value at index 1:	10
Table value at index 1:	10
Table value at index 1:	10
Table value at index 1:	10
Table value at index 1:	10
Table value at index 1:	10
Table value at index 1:	10
Table value at index 1:	10
Table value at index 1:	10
Table value at index 1:	10
Table value at index 1:	10
Table value at index 1:	10
Table value at index 1:	10
Table value at index 1:	10
Table value at index 1:	10
Table value at index 1:	10
Table value at index 1:	10
Table value at index 1:	10
Table value at index 1:	10
Table value at index 1:	10
Table value at index 1:	10
Table value at index 1:	10
Table value at index 1:	10
Table value at index 1:	10
Table value at index 1:	10
Table value at index 1:	10
Table value at index 1:	10
Table value at index 1:	10
Table value at index 1:	10
Table value at index 1:	10
Table value at index 1:	10
Table value at index 1:	10
Table value at index 1:	10
Table value at index 1:	10
Table value at index 1:	10
Table value at index 1:	10
Table value at index 1:	10
Table value at index 1:	10
Table value at index 1:	10
Table value at index 1:	10
Table value at index 1:	10
Table value at index 1:	10
Table value at index 1:	10
Table value at index 1:	10
Table value at index 1:	10
Table value at index 1:	10
Table value at index 1:	10
Table value at index 1:	10
Table value at index 1:	10
Table value at index 1:	10
Table value at index 1:	10
Table value at index 1:	10
Table value at index 1:	10
Table value at index 1:	10
Table value at index 1:	10
Table value at index 1:	10
Table value at index 1:	10
Table value at index 1:	10
Table value at index 1:	10
Table value at index 1:	10
Table value at index 1:	10
Table value at index 1:	10
Table value at index 1:	10
Table value at index 1:	10
Table value at index 1:	10
Table value at index 1:	10
Table value at index 1:	10
Table value at index 1:	10
Table value at index 1:	10
Table value at index 1:	10
Table value at index 1:	10
Table value at index 1:	10
Table value at index 1:	10
Table value at index 1:	10
Table value at index 1:	10
Table value at index 1:	10
Table value at index 1:	10
Table value at index 1:	10
Table value at index 1:	10
Table value at index 1:	10
Table value at index 1:	10
Table value at index 1:	10
Table value at index 1:	10
Table value at index 1:	10
Table value at index 1:	10
Table value at index 1:	10
Table value at index 1:	10
Table value at index 1:	10
Table value at index 1:	10
Table value at index 1:	10
Table value at index 1:	10
Table value at index 1:	10
Table value at index 1:	10
Table value at index 1:	10
Table value at index 1:	10
Table value at index 1:	10
Table value at index 1:	10
Table value at index 1:	10
Table value at index 1:	10
Table value at index 1:	10
Table value at index 1:	10
Table value at index 1:	10
Table value at index 1:	10
Table value at index 1:	10
Table value at index 1:	10
Table value at index 1:	10
Table value at index 1:	10
Table value at index 1:	10
Table value at index 1:	10
Table value at index 1:	10
Table value at index 1:	10
Table value at index 1:	10
Table value at index 1:	10
Table value at index 1:	10
Table value at index 1:	10
Table value at index 1:	10
Table value at index 1:	10
Table value at index 1:	10
Table value at index 1:	10
Table value at index 1:	10
Table value at index 1:	10
Table value at index 1:	10
Table value at index 1:	10
Table value at index 1:	10
Table value at index 1:	10
Table value at index 1:	10
Table value at index 1:	10
Table value at index 1:	10
Table value at index 1:	10
Table value at index 1:	10
Table value at index 1:	10
Table value at index 1:	10
Table value at index 1:	10
Table value at index 1:	10
Table value at index 1:	10
Table value at index 1:	10
Table value at index 1:	10
Table value at index 1:	10
Table value at index 1:	10
Table value at index 1:	10
Table value at index 1:	10
Table value at index 1:	10
Table value at index 1:	10
Table value at index 1:	10
Table value at index 1:	10
Table value at index 1:	10
Table value at index 1:	10
Table value at index 1:	10
Table value at index 1:	10
Table value at index 1:	10
Table value at index 1:	10
Table value at index 1:	10
Table value at index 1:	10
Table value at index 1:	10
Table value at index 1:	10
Table value at index 1:	10
Table value at index 1:	10
Table value at index 1:	10
Table value at index 1:	10
Table value at index 1:	10
Table value at index 1:	10
Table value at index 1:	10
Table value at index 1:	10
Table value at index 1:	10
Table value at index 1:	10
Table value at index 1:	10
Table value at index 1:	10
Table value at index 1:	10
Table value at index 1:	10
Table value at index 1:	10
Table value at index 1:	10
Table value at index 1:	10
Table value at index 1:	10
Table value at index 1:	10
Table value at index 1:	10
Table value at index 1:	10
Table value at index 1:	10
Table value at index 1:	10
Table value at index 1:	10
Table value at index 1:	10
Table value at index 1:	10
Table value at index 1:	10
Table value at index 1:	10
Table value at index 1:	10
Table value at index 1:	10
Table value at index 1:	10
Table value at index 1:	10
Table value at index 1:	10
Table value at index 1:	10
Table value at index 1:	10
Table value at index 1:	10
Table value at index 1:	10
Table value at index 1:	10
Table value at index 1:	10
Table value at index 1:	10
Table value at index 1:	10
Table value at index 1:	10
Table value at index 1:	10
Table value at index 1:	10
Table value at index 1:	10
Table value at index 1:	10
Table value at index 1:	10
Table value at index 1:	10
Table value at index 1:	10
Table value at index 1:	10
Table value at index 1:	10
Table value at index 1:	10
Table value at index 1:	10
Table value at index 1:	10
Table value at index 1:	10
Table value at index 1:	10
Table value at index 1:	10
Table value at index 1:	10
Table value at index 1:	10
Table value at index 1:	10
Table value at index 1:	10
Table value at index 1:	10
Table value at index 1:	10
Table value at index 1:	10
Table value at index 1:	10
Table value at index 1:	10
Table value at index 1:	10
Table value at index 1:	10
Table value at index 1:	10
Table value at index 1:	10
Table value at index 1:	10
Table value at index 1:	10
Table value at index 1:	10
Table value at index 1:	10
Table value at index 1:	10
Table value at index 1:	10
Table value at index 1:	10
Table value at index 1:	10
Table value at index 1:	10
Table value at index 1:	10
Table value at index 1:	10
Table value at index 1:	10
Table value at index 1:	10
Table value at index 1:	10
Table value at index 1:	10
Table value at index 1:	10
Table value at index 1:	10
Table value at index 1:	10
Table value at index 1:	10
Table value at index 1:	10
Table value at index 1:	10
Table value at index 1:	10
Table value at index 1:	10
Table value at index 1:	10
Table value at index 1:	10
Table value at index 1:	10
Table value at index 1:	10
Table value at index 1:	10
Table value at index 1:	10
Table value at index 1:	10
Table value at index 1:	10
Table value at index 1:	10
Table value at index 1:	10
Table value at index 1:	10
Table value at index 1:	10
Table value at index 1:	10
Table value at index 1:	10
Table value at index 1:	10
Table value at index 1:	10
Table value at index 1:	10
Table value at index 1:	10
Table value at index 1:	10
Table value at index 1:	10
Table value at index 1:	10
Table value at index 1:	10
Table value at index 1:	10
Table value at index 1:	10
Table value at index 1:	10
Table value at index 1:	10
Table value at index 1:	10
Table value at index 1:	10
Table value at index 1:	10
Table value at index 1:	10
Table value at index 1:	10
Table value at index 1:	10
Table value at index 1:	10
Table value at index 1:	10
Table value at index 1:	10
Table value at index 1:	10
Table value at index 1:	10
Table value at index 1:	10
Table value at index 1:	10
Table value at index 1:	10
Table value at index 1:	10
Table value at index 1:	10
Table value at index 1:	10
Table value at index 1:	10
Table value at index 1:	10
Table value at index 1:	10
Table value at index 1:	10
Table value at index 1:	10
Table value at index 1:	10
Table value at index 1:	10
Table value at index 1:	10
Table value at index 1:	10
Table value at index 1:	10
Table value at index 1:	10
Table value at index 1:	10
Table value at index 1:	10
Table value at index 1:	10
Table value at index 1:	10
Table value at index 1:	10
Table value at index 1:	10
Table value at index 1:	10
Table value at index 1:	10
Table value at index 1:	10
Table value at index 1:	10
Table value at index 1:	10
Table value at index 1:	10
Table value at index 1:	10
Table value at index 1:	10
Table value at index 1:	10
Table value at index 1:	10
Table value at index 1:	10
Table value at index 1:	10
Table value at index 1:	10
Table value at index 1:	10
Table value at index 1:	10
Table value at index 1:	10
Table value at index 1:	10
Table value at index 1:	10
Table value at index 1:	10
Table value at index 1:	10
Table value at index 1:	10
Table value at index 1:	10
Table value at index 1:	10
Table value at index 1:	10
Table value at index 1:	10
Table value at index 1:	10
Table value at index 1:	10
Table value at index 1:	10
Table value at index 1:	10
Table value at index 1:	10
Table value at index 1:	10
Table value at index 1:	10
Table value at index 1:	10
Table value at index 1:	10
Table value at index 1:	10
Table value at index 1:	10
Table value at index 1:	10
Table value at index 1:	10
Table value at index 1:	10
Table value at index 1:	10
Table value at index 1:	10
Table value at index 1:	10
Table value at index 1:	10
Table value at index 1:	10
Table value at index 1:	10
Table value at index 1:	10
Table value at index 1:	10
Table value at index 1:	10
Table value at index 1:	10
Table value at index 1:	10
Table value at index 1:	10
Table value at index 1:	10
Table value at index 1:	10
Table value at index 1:	10
Table value at index 1:	10
Table value at index 1:	10
Table value at index 1:	10
Table value at index 1:	10
Table value at index 1:	10
Table value at index 1:	10
Table value at index 1:	10
Table value at index 1:	10
Table value at index 1:	10
Table value at index 1:	10
Table value at index 1:	10
Table value at index 1:	10
Table value at index 1:	10
Table value at index 1:	10
Table value at index 1:	10
Table value at index 1:	10
Table value at index 1:	10
Table value at index 1:	10
Table value at index 1:	10
Table value at index 1:	10
Table value at index 1:	10
Table value at index 1:	10
Table value at index 1:	10
Table value at index 1:	10
Table value at index 1:	10
Table value at index 1:	10
Table value at index 1:	10
Table value at index 1:	10
Table value at index 1:	10
Table value at index 1:	10
Table value at index 1:	10
Table value at index 1:	10
Table value at index 1:	10
Table value at index 1:	10
Table value at index 1:	10
Table value at index 1:	10
Table value at index 1:	10
Table value at index 1:	10
Table value at index 1:	10
Table value at index 1:	10
Table value at index 1:	10
Table value at index 1:	10
Table value at index 1:	10
Table value at index 1:	10
Table value at index 1:	10
Table value at index 1:	10
Table value at index 1:	10
Table value at index 1:	10
Table value at index 1:	10
Table value at index 1:	10
Table value at index 1:	10
Table value at index 1:	10
Table value at index 1:	10
Table value at index 1:	10
Table value at index 1:	10
Table value at index 1:	10
Table value at index 1:	10
Table value at index 1:	10
Table value at index 1:	10
Table value at index 1:	10
Table value at index 1:	10
Table value at index 1:	10
Table value at index 1:	10
Table value at index 1:	10
Table value at index 1:	10
Table value at index 1:	10
Table value at index 1:	10
Table value at index 1:	10
Table value at index 1:	10
Table value at index 1:	10
Table value at index 1:	10
Table value at index 1:	10
Table value at index 1:	10
Table value at index 1:	10
Table value at index 1:	10
Table value at index 1:	10
Table value at index 1:	10
Table value at index 1:	10
Table value at index 1:	10
Table value at index 1:	10
Table value at index 1:	10
Table value at index 1:	10
Table value at index 1:	10
Table value at index 1:	10
Table value at index 1:	10
Table value at index 1:	10
Table value at index 1:	10
Table value at index 1:	10
Table value at index 1:	10
Table value at index 1:	10
Table value at index 1:	10
Table value at index 1:	10
Table value at index 1:	10
Table value at index 1:	10
Table value at index 1:	10
Table value at index 1:	10
Table value at index 1:	10
Table value at index 1:	10
Table value at index 1:	10
Table value at index 1:	10
Table value at index 1:	10
Table value at index 1:	10
Table value at index 1:	10
Table value at index 1:	10
Table value at index 1:	10
Table value at index 1:	10
Table value at index 1:	10
Table value at index 1:	10
Table value at index 1:	10
Table value at index 1:	10
Table value at index 1:	10
Table value at index 1:	10
Table value at index 1:	10
Table value at index 1:	10
Table value at index 1:	10
Table value at index 1:	10
Table value at index 1:	10
Table value at index 1:	10
Table value at index 1:	10
Table value at index 1:	10
Table value at index 1:	10
Table value at index 1:	10
Table value at index 1:	10
Table value at index 1:	10
Table value at index 1:	10
Table value at index 1:	10
Table value at index 1:	10
Table value at index 1:	10
Table value at index 1:	10
Table value at index 1:	10
Table value at index 1:	10
Table value at index 1:	10
Table value at index 1:	10
Table value at index 1:	10
Table value at index 1:	10
Table value at index 1:	10
Table value at index 1:	10
Table value at index 1:	10
Table value at index 1:	10
Table value at index 1:	10
Table value at index 1:	10
Table value at index 1:	10
Table value at index 1:	10
Table value at index 1:	10
Table value at index 1:	10
Table value at index 1:	10
Table value at index 1:	10
Table value at index 1:	10
Table value at index 1:	10
Table value at index 1:	10
Table value at index 1:	10
Table value at index 1:	10
Table value at index 1:	10
Table value at index 1:	10
Table value at index 1:	10
Table value at index 1:	10
Table value at index 1:	10
Table value at index 1:	10
Table value at index 1:	10
Table value at index 1:	10
Table value at index 1:	10
Table value at index 1:	10
Table value at index 1:	10
Table value at index 1:	10
Table value at index 1:	10
Table value at index 1:	10
Table value at index 1:	10
Table value at index 1:	10
Table value at index 1:	10
Table value at index 1:	10
Table value at index 1:	10
Table value at index 1:	10
Table value at index 1:	10
Table value at index 1:	10
Table value at index 1:	10
Table value at index 1:	10
Table value at index 1:	10
Table value at index 1:	10
Table value at index 1:	10
Table value at index 1:	10
Table value at index 1:	10
Table value at index 1:	10
Table value at index 1:	10
Table value at index 1:	10
Table value at index 1:	10
Table value at index 1:	10
Table value at index 1:	10
Table value at index 1:	10
Table value at index 1:	10
Table value at index 1:	10
Table value at index 1:	10
Table value at index 1:	10
Table value at index 1:	10
Table value at index 1:	10
Table value at index 1:	10
Table value at index 1:	10
Table value at index 1:	10
Table value at index 1:	10
Table value at index 1:	10
Table value at index 1:	10
Table value at index 1:	10
Table value at index 1:	10
Table value at index 1:	10
Table value at index 1:	10
Table value at index 1:	10
Table value at index 1:	10
Table value at index 1:	10
Table value at index 1:	10
Table value at index 1:	10
Table value at index 1:	10
Table value at index 1:	10
Table value at index 1:	10
Table value at index 1:	10
Table value at index 1:	10
Table value at index 1:	10
Table value at index 1:	10
Table value at index 1:	10
Table value at index 1:	10
Table value at index 1:	10
Table value at index 1:	10
Table value at index 1:	10
Table value at index 1:	10
Table value at index 1:	10
Table value at index 1:	10
Table value at index 1:	10
Table value at index 1:	10
Table value at index 1:	10
Table value at index 1:	10
Table value at index 1:	10
Table value at index 1:	10
Table value at index 1:	10
Table value at index 1:	10
Table value at index 1:	10
Table value at index 1:	10
Table value at index 1:	10
Table value at index 1:	10
Table value at index 1:	10
Table value at index 1:	10
Table value at index 1:	10
Table value at index 1:	10
Table value at index 1:	10
Table value at index 1:	10
Table value at index 1:	10
Table value at index 1:	10
Table value at index 1:	10
Table value at index 1:	10
Table value at index 1:	10
Table value at index 1:	10
Table value at index 1:	10
Table value at index 1:	10
Table value at index 1:	10
Table value at index 1:	10
Table value at index 1:	10
Table value at index 1:	10
Table value at index 1:	10
Table value at index 1:	10
Table value at index 1:	10
Table value at index 1:	10
Table value at index 1:	10
Table value at index 1:	10
Table value at index 1:	10
Table value at index 1:	10
Table value at index 1:	10
Table value at index 1:	10
Table value at index 1:	10
Table value at index 1:	10
Table value at index 1:	10
Table value at index 1:	10
Table value at index 1:	10
Table value at index 1:	10
Table value at index 1:	10
Table value at index 1:	10
Table value at index 1:	10
Table value at index 1:	10
Table value at index 1:	10
Table value at index 1:	10
Table value at index 1:	10
Table value at index 1:	10
Table value at index 1:	10
Table value at index 1:	10
Table value at index 1:	10
Table value at index 1:	10
Table value at index 1:	10
Table value at index 1:	10
Table value at index 1:	10
Table value at index 1:	10
Table value at index 1:	10
Table value at index 1:	10
Table value at index 1:	10
Table value at index 1:	10
Table value at index 1:	10
Table value at index 1:	10
Table value at index 1:	10
Table value at index 1:	10
Table value at index 1:	10
Table value at index 1:	10
Table value at index 1:	10
Table value at index 1:	10
Table value at index 1:	10
Table value at index 1:	10
Table value at index 1:	10
Table value at index 1:	10
Table value at index 1:	10
Table value at index 1:	10
Table value at index 1:	10
Table value at index 1:	10
Table value at index 1:	10
Table value at index 1:	10
Table value at index 1:	10
Table value at index 1:	10
Table value at index 1:	10
Table value at index 1:	10
Table value at index 1:	10
Table value at index 1:	10
Table value at index 1:	10
Table value at index 1:	10
Table value at index 1:	10
Table value at index 1:	10
Table value at index 1:	10
Table value at index 1:	10
Table value at index 1:	10
Table value at index 1:	10
Table value at index 1:	10
Table value at index 1:	10
Table value at index 1:	10
Table value at index 1:	10
Table value at index 1:	10
Table value at index 1:	10
Table value at index 1:	10
Table value at index 1:	10
Table value at index 1:	10
Table value at index 1:	10
Table value at index 1:	10
Table value at index 1:	10
Table value at index 1:	10
Table value at index 1:	10
Table value at index 1:	10
Table value at index 1:	10
Table value at index 1:	10
Table value at index 1:	10
Table value at index 1:	10
Table value at index 1:	10
Table value at index 1:	10
Table value at index 1:	10
Table value at index 1:	10
Table value at index 1:	10
Table value at index 1:	10
Table value at index 1:	10
Table value at index 1:	10
Table value at index 1:	10
Table value at index 1:	10
Table value at index 1:	10
Table value at index 1:	10
Table value at index 1:	10
Table value at index 1:	10
Table value at index 1:	10
Table value at index 1:	10
Table value at index 1:	10
Table value at index 1:	10
Table value at index 1:	10
Table value at index 1:	10
Table value at index 1:	10
Table value at index 1:	10
Table value at index 1:	10
Table value at index 1:	10
Table value at index 1:	10
Table value at index 1:	10
Table value at index 1:	10
Table value at index 1:	10
Table value at index 1:	10
Table value at index 1:	10
Table value at index 1:	10
Table value at index 1:	10
Table value at index 1:	10
Table value at index 1:	10
Table value at index 1:	10
Table value at index 1:	10
Table value at index 1:	10
Table value at index 1:	10
Table value at index 1:	10
Table value at index 1:	10
Table value at index 1:	10
Table value at index 1:	10
Table value at index 1:	10
Table value at index 1:	10
Table value at index 1:	10
Table value at index 1:	10
Table value at index 1:	10
Table value at index 1:	10
Table value at index 1:	10
Table value at index 1:	10
Table value at index 1:	10
Table value at index 1:	10
Table value at index 1:	10
Table value at index 1:	10
Table value at index 1:	10
Table value at index 1:	10
Table value at index 1:	10
Table value at index 1:	10
Table value at index 1:	10
Table value at index 1:	10
Table value at index 1:	10
Table value at index 1:	10
Table value at index 1:	10
Table value at index 1:	10
Table value at index 1:	10
Table value at index 1:	10
Table value at index 1:	10
Table value at index 1:	10
Table value at index 1:	10
Table value at index 1:	10
Table value at index 1:	10
Table value at index 1:	10
Table value at index 1:	10
Table value at index 1:	10
Table value at index 1:	10
Table value at index 1:	10
Table value at index 1:	10
Table value at index 1:	10
Table value at index 1:	10
Table value at index 1:	10
Table value at index 1:	10
Table value at index 1:	10
Table value at index 1:	10
Table value at index 1:	10
Table value at index 1:	10
Table value at index 1:	10
Table value at index 1:	10
Table value at index 1:	10
Table value at index 1:	10
Table value at index 1:	10
Table value at index 1:	10
Table value at index 1:	10
Table value at index 1:	10
Table value at index 1:	10
Table value at index 1:	10
Table value at index 1:	10
Table value at index 1:	10
Table value at index 1:	10
Table value at index 1:	10
Table value at index 1:	10
Table value at index 1:	10
Table value at index 1:	10
Table value at index 1:	10
Table value at index 1:	10
Table value at index 1:	10
Table value at index 1:	10
Table value at index 1:	10
Table value at index 1:	10
Table value at index 1:	10
Table value at index 1:	10
Table value at index 1:	10
Table value at index 1:	10
Table value at index 1:	10
Table value at index 1:	10
Table value at index 1:	10
Table value at index 1:	10
Table value at index 1:	10
Table value at index 1:	10
Table value at index 1:	10
Table value at index 1:	10
Table value at index 1:	10
Table value at index 1:	10
Table value at index 1:	10
Table value at index 1:	10
Table value at index 1:	10
Table value at index 1:	10
Table value at index 1:	10
Table value at index 1:	10
Table value at index 1:	10
Table value at index 1:	10
Table value at index 1:	10
Table value at index 1:	10
Table value at index 1:	10
Table value at index 1:	10
Table value at index 1:	10
Table value at index 1:	10
Table value at index 1:	10
Table value at index 1:	10
Table value at index 1:	10
Table value at index 1:	10
Table value at index 1:	10
Table value at index 1:	10
Table value at index 1:	10
Table value at index 1:	10
Table value at index 1:	10
Table value at index 1:	10
Table value at index 1:	10
Table value at index 1:	10
Table value at index 1:	10
Table value at index 1:	10
Table value at index 1:	10
Table value at index 1:	10
Table value at index 1:	10
Table value at index 1:	10
Table value at index 1:	10
Table value at index 1:	10
Table value at index 1:	10
Table value at index 1:	10
Table value at index 1:	10
Table value at index 1:	10
Table value at index 1:	10
Table value at index 1:	10
Table value at index 1:	10
Table value at index 1:	10
Table value at index 1:	10
Table value at index 1:	10
Table value at index 1:	10
Table value at index 1:	10
Table value at index 1:	10
Table value at index 1:	10
Table value at index 1:	10
Table value at index 1:	10
Table value at index 1:	10
Table value at index 1:	10
Table value at index 1:	10
Table value at index 1:	10
Table value at index 1:	10
Table value at index 1:	10
Table value at index 1:	10
Table value at index 1:	10
Table value at index 1:	10
Table value at index 1:	10
Table value at index 1:	10
Table value at index 1:	10
Table value at index 1:	10
Table value at index 1:	10
Table value at index 1:	10
Table value at index 1:	10
Table value at index 1:	10
Table value at index 1:	10
Table value at index 1:	10
Table value at index 1:	10
Table value at index 1:	10
Table value at index 1:	10
Table value at index 1:	10
Table value at index 1:	10
Table value at index 1:	10
Table value at index 1:	10
Table value at index 1:	10
Table value at index 1:	10
Table value at index 1:	10
Table value at index 1:	10
Table value at index 1:	10
Table value at index 1:	10
Table value at index 1:	10
Table value at index 1:	10
Table value at index 1:	10
Table value at index 1:	10
Table value at index 1:	10
Table value at index 1:	10
Table value at index 1:	10
Table value at index 1:	10
Table value at index 1:	10
Table value at index 1:	10
Table value at index 1:	10
Table value at index 1:	10
Table value at index 1:	10
Table value at index 1:	10
Table value at index 1:	10
Table value at index 1:	10
Table value at index 1:	10
Table value at index 1:	10
Table value at index 1:	10
Table value at index 1:	10
Table value at index 1:	10
Table value at index 1:	10
Table value at index 1:	10
Table value at index 1:	10
Table value at index 1:	10
Table value at index 1:	10
Table value at index 1:	10
Table value at index 1:	10
Table value at index 1:	10
Table value at index 1:	10
Table value at index 1:	10
Table value at index 1:	10
Table value at index 1:	10
Table value at index 1:	10
Table value at index 1:	10
Table value at index 1:	10
Table value at index 1:	10
Table value at index 1:	10
Table value at index 1:	10
Table value at index 1:	10
Table value at index 1:	10
Table value at index 1:	10
Table value at index 1:	10
Table value at index 1:	10
Table value at index 1:	10
Table value at index 1:	10
Table value at index 1:	10
Table value at index 1:	10
Table value at index 1:	10
Table value at index 1:	10
Table value at index 1:	10
Table value at index 1:	10
Table value at index 1:	10
Table value at index 1:	10
Table value at index 1:	10
Table value at index 1:	10
Table value at index 1:	10
Table value at index 1:	10
Table value at index 1:	10
Table value at index 1:	10
Table value at index 1:	10
Table value at index 1:	10
Table value at index 1:	10
Table value at index 1:	10
Table value at index 1:	10
Table value at index 1:	10
Table value at index 1:	10
Table value at index 1:	10
Table value at index 1:	10
Table value at index 1:	10
Table value at index 1:	10
Table value at index 1:	10
Table value at index 1:	10
Table value at index 1:	10
Table value at index 1:	10
Table value at index 1:	10
Table value at index 1:	10
Table value at index 1:	10
Table value at index 1:	10
Table value at index 1:	10
Table value at index 1:	10
Table value at index 1:	10
Table value at index 1:	10
Table value at index 1:	10
Table value at index 1:	10
Table value at index 1:	10
Table value at index 1:	10
Table value at index 1:	10
Table value at index 1:	10
Table value at index 1:	10
Table value at index 1:	10
Table value at index 1:	10
Table value at index 1:	10
Table value at index 1:	10
Table value at index 1:	10
Table value at index 1:	10
Table value at index 1:	10
Table value at index 1:	10
Table value at index 1:	10
Table value at index 1:	10
Table value at index 1:	10
Table value at index 1:	10
Table value at index 1:	10
Table value at index 1:	10
Table value at index 1:	10
Table value at index 1:	10
Table value at index 1:	10
Table value at index 1:	10
Table value at index 1:	10
Table value at index 1:	10
Table value at index 1:	10
Table value at index 1:	10
Table value at index 1:	10
Table value at index 1:	10
Table value at index 1:	10
Table value at index 1:	10
Table value at index 1:	10
Table value at index 1:	10
Table value at index 1:	10
Table value at index 1:	10
Table value at index 1:	10
Table value at index 1:	10
Table value at index 1:	10
Table value at index 1:	10
Table value at index 1:	10
Table value at index 1:	10
Table value at index 1:	10
Table value at index 1:	10
Table value at index 1:	10
Table value at index 1:	10
Table value at index 1:	10
Table value at index 1:	10
Table value at index 1:	10
Table value at index 1:	10
Table value at index 1:	10
Table value at index 1:	10
Table value at index 1:	10
Table value at index 1:	10
Table value at index 1:	10
Table value at index 1:	10
Table value at index 1:	10
Table value at index 1:	10
Table value at index 1:	10
Table value at index 1:	10
Table value at index 1:	10
Table value at index 1:	10
Table value at index 1:	10
Table value at index 1:	10
Table value at index 1:	10
Table value at index 1:	10
Table value at index 1:	10
Table value at index 1:	10
Table value at index 1:	10
Table value at index 1:	10
Table value at index 1:	10
Table value at index 1:	10
Table value at index 1:	10
Table value at index 1:	10
Table value at index 1:	10
Table value at index 1:	10
Table value at index 1:	10
Table value at index 1:	10
Table value at index 1:	10
Table value at index 1:	10
Table value at index 1:	10
Table value at index 1:	10
Table value at index 1:	10
Table value at index 1:	10
Table value at index 1:	10
Table value at index 1:	10
Table value at index 1:	10
Table value at index 1:	10
Table value at index 1:	10
Table value at index 1:	10
Table value at index 1:	10
Table value at index 1:	10
Table value at index 1:	10
Table value at index 1:	10
Table value at index 1:	10
Table value at index 1:	10
Table value at index 1:	10
Table value at index 1:	10
Table value at index 1:	10
Table value at index 1:	10
Table value at index 1:	10
Table value at index 1:	10
Table value at index 1:	10
Table value at index 1:	10
Table value at index 1:	10
Table value at index 1:	10
Table value at index 1:	10
Table value at index 1:	10
Table value at index 1:	10
Table value at index 1:	10
Table value at index 1:	10
Table value at index 1:	10
Table value at index 1:	10
Table value at index 1:	10
Table value at index 1:	10
Table value at index 1:	10
Table value at index 1:	10
Table value at index 1:	10
Table value at index 1:	10
Table value at index 1:	10
Table value at index 1:	10
Table value at index 1:	10
Table value at index 1:	10
Table value at index 1:	10
Table value at index 1:	10
Table value at index 1:	10
Table value at index 1:	10
Table value at index 1:	10
Table value at index 1:	10
Table value at index 1:	10
Table value at index 1:	10
Table value at index 1:	10
Table value at index 1:	10
Table value at index 1:	10
Table value at index 1:	10
Table value at index 1:	10
Table value at index 1:	10
Table value at index 1:	10
Table value at index 1:	10
Table value at index 1:	10
Table value at index 1:	10
Table value at index 1:	10
Table value at index 1:	10
Table value at index 1:	10
Table value at index 1:	10
Table value at index 1:	10
Table value at index 1:	10
Table value at index 1:	10
Table value at index 1:	10
Table value at index 1:	10
Table value at index 1:	10
Table value at index 1:	10
Table value at index 1:	10
Table value at index 1:	10
Table value at index 1:	10
Table value at index 1:	10
Table value at index 1:	10
Table value at index 1:	10
Table value at index 1:	10
Table value at index 1:	10
Table value at index 1:	10
Table value at index 1:	10
Table value at index 1:	10
Table value at index 1:	10
Table value at index 1:	10
Table value at index 1:	10
Table value at index 1:	10
Table value at index 1:	10
Table value at index 1:	10
Table value at index 1:	10
Table value at index 1:	10
Table value at index 1:	10
Table value at index 1:	10
Table value at index 1:	10
Table value at index 1:	10
Table value at index 1:	10
Table value at index 1:	10
Table value at index 1:	10
Table value at index 1:	10
Table value at index 1:	10
Table value at index 1:	10
Table value at index 1:	10
Table value at index 1:	10
Table value at index 1:	10
Table value at index 1:	10
Table value at index 1:	10
Table value at index 1:	10
Table value at index 1:	10
Table value at index 1:	10
Table value at index 1:	10
Table value at index 1:	10
Table value at index 1:	10
Table value at index 1:	10
Table value at index 1:	10
Table value at index 1:	10
Table value at index 1:	10
Table value at index 1:	10
Table value at index 1:	10
Table value at index 1:	10
Table value at index 1:	10
Table value at index 1:	10
Table value at index 1:	10
Table value at index 1:	10
Table value at index 1:	10
Table value at index 1:	10
Table value at index 1:	10
Table value at index 1:	10
Table value at index 1:	10
Table value at index 1:	10
Table value at index 1:	10
Table value at index 1:	10
Table value at index 1:	10
Table value at index 1:	10
Table value at index 1:	10
Table value at index 1:	10
Table value at index 1:	10
Table value at index 1:	10
Table value at index 1:	10
Table value at index 1:	10
Table value at index 1:	10
Table value at index 1:	10
Table value at index 1:	10
Table value at index 1:	10
Table value at index 1:	10
Table value at index 1:	10
Table value at index 1:	10
Table value at index 1:	10
Table value at index 1:	10
Table value at index 1:	10
Table value at index 1:	10
Table value at index 1:	10
Table value at index 1:	10
Table value at index 1:	10
Table value at index 1:	10
Table value at index 1:	10
Table value at index 1:	10
Table value at index 1:	10
Table value at index 1:	10
Table value at index 1:	10
Table value at index 1:	10
Table value at index 1:	10
Table value at index 1:	10
Table value at index 1:	10
Table value at index 1:	10
Table value at index 1:	10
Table value at index 1:	10
Table value at index 1:	10
Table value at index 1:	10
Table value at index 1:	10
Table value at index 1:	10
Table value at index 1:	10
Table value at index 1:	10
Table value at index 1:	10
Table value at index 1:	10
Table value at index 1:	10
Table value at index 1:	10
Table value at index 1:	10
Table value at index 1:	10
Table value at index 1:	10
Table value at index 1:	10
Table value at index 1:	10
Table value at index 1:	10
Table value at index 1:	10
Table value at index 1:	10
Table value at index 1:	10
Table value at index 1:	10
Table value at index 1:	10
Table value at index 1:	10
Table value at index 1:	10
Table value at index 1:	10
Table value at index 1:	10
Table value at index 1:	10
Table value at index 1:	10
Table value at index 1:	10
Table value at index 1:	10
Table value at index 1:	10
Table value at index 1:	10
Table value at index 1:	10
Table value at index 1:	10
Table value at index 1:	10
Table value at index 1:	10
Table value at index 1:	10
Table value at index 1:	10
Table value at index 1:	10
Table value at index 1:	10
Table value at index 1:	10
Table value at index 1:	10
Table value at index 1:	10
Table value at index 1:	10
Table value at index 1:	10
Table value at index 1:	10
Table value at index 1:	10
Table value at index 1:	10
Table value at index 1:	10
Table value at index 1:	10
Table value at index 1:	10
Table value at index 1:	10
Table value at index 1:	10
Table value at index 1:	10
Table value at index 1:	10
Table value at index 1:	10
Table value at index 1:	10
Table value at index 1:	10
Table value at index 1:	10
Table value at index 1:	10
Table value at index 1:	10
Table value at index 1:	10
Table value at index 1:	10
Table value at index 1:	10
Table value at index 1:	10
Table value at index 1:	10
Table value at index 1:	10
Table value at index 1:	10
Table value at index 1:	10
Table value at index 1:	10
Table value at index 1:	10
Table value at index 1:	10
Table value at index 1:	10
Table value at index 1:	10
Table value at index 1:	10
Table value at index 1:	10
Table value at index 1:	10
Table value at index 1:	10
Table value at index 1:	10
Table value at index 1:	10
Table value at index 1:	10
Table value at index 1:	10
Table value at index 1:	10
Table value at index 1:	10
Table value at index 1:	10
Table value at index 1:	10
Table value at index 1:	10
Table value at index 1:	10
Table value at index 1:	10
Table value at index 1:	10
Table value at index 1:	10
Table value at index 1:	10
Table value at index 1:	10
Table value at index 1:	10
Table value at index 1:	10
Table value at index 1:	10
Table value at index 1:	10
Table value at index 1:	10
Table value at index 1:	10
Table value at index 1:	10
Table value at index 1:	10
Table value at index 1:	10
Table value at index 1:	10
Table value at index 1:	10
Table value at index 1:	10
Table value at index 1:	10
Table value at index 1:	10
Table value at index 1:	10
Table value at index 1:	10
Table value at index 1:	10
Table value at index 1:	10
Table value at index 1:	10
Table value at index 1:	10
Table value at index 1:	10
Table value at index 1:	10
Table value at index 1:	10
Table value at index 1:	10
Table value at index 1:	10
Table value at index 1:	10
Table value at index 1:	10
Table value at index 1:	10
Table value at index 1:	10
Table value at index 1:	10
Table value at index 1:	10
Table value at index 1:	10
Table value at index 1:	10
Table value at index 1:	10
Table value at index 1:	10
Table value at index 1:	10
Table value at index 1:	10
Table value at index 1:	10
Table value at index 1:	10
Table value at index 1:	10
Table value at index 1:	10
Table value at index 1:	10
Table value at index 1:	10
Table value at index 1:	10
Table value at index 1:	10
Table value at index 1:	10
Table value at index 1:	10
Table value at index 1:	10
Table value at index 1:	10
Table value at index 1:	10
Table value at index 1:	10
Table value at index 1:	10
Table value at index 1:	10
Table value at index 1:	10
Table value at index 1:	10
Table value at index 1:	10
Table value at index 1:	10
Table value at index 1:	10
Table value at index 1:	10
Table value at index 1:	10
Table value at index 1:	10
Table value at index 1:	10
Table value at index 1:	10
Table value at index 1:	10
Table value at index 1:	10
Table value at index 1:	10
Table value at index 1:	10
Table value at index 1:	10
Table value at index 1:	10
Table value at index 1:	10
Table value at index 1:	10
Table value at index 1:	10
Table value at index 1:	10
Table value at index 1:	10
Table value at index 1:	10
Table value at index 1:	10
Table value at index 1:	10
Table value at index 1:	10
Table value at index 1:	10
Table value at index 1:	10
Table value at index 1:	10
Table value at index 1:	10
Table value at index 1:	10
Table value at index 1:	10
Table value at index 1:	10
Table value at index 1:	10
Table value at index 1:	10
Table value at index 1:	10
Table value at index 1:	10
Table value at index 1:	10
Table value at index 1:	10
Table value at index 1:	10
Table value at index 1:	10
Table value at index 1:	10
Table value at index 1:	10
Table value at index 1:	10
Table value at index 1:	10
Table value at index 1:	10
Table value at index 1:	10
Table value at index 1:	10
Table value at index 1:	10
Table value at index 1:	10
Table value at index 1:	10
Table value at index 1:	10
Table value at index 1:	10
Table value at index 1:	10
Table value at index 1:	10
Table value at index 1:	10
Table value at index 1:	10
Table value at index 1:	10
Table value at index 1:	10
Table value at index 1:	10
Table value at index 1:	10
Table value at index 1:	10
Table value at index 1:	10
Table value at index 1:	10
Table value at index 1:	10
Table value at index 1:	10
Table value at index 1:	10
Table value at index 1:	10
Table value at index 1:	10
Table value at index 1:	10
Table value at index 1:	10
Table value at index 1:	10
Table value at index 1:	10
Table value at index 1:	10
Table value at index 1:	10
Table value at index 1:	10
Table value at index 1:	10
Table value at index 1:	10
Table value at index 1:	10
Table value at index 1:	10
Table value at index 1:	10
Table value at index 1:	10
Table value at index 1:	10
Table value at index 1:	10
Table value at index 1:	10
Table value at index 1:	10
Table value at index 1:	10
Table value at index 1:	10
Table value at index 1:	10
Table value at index 1:	10
Table value at index 1:	10
Table value at index 1:	10
Table value at index 1:	10
Table value at index 1:	10
Table value at index 1:	10
Table value at index 1:	10
Table value at index 1:	10
Table value at index 1:	10
Table value at index 1:	10
Table value at index 1:	10
Table value at index 1:	10
Table value at index 1:	10
Table value at index 1:	10
Table value at index 1:	10
Table value at index 1:	10
Table value at index 1:	10
Table value at index 1:	10
Table value at index 1:	10
Table value at index 1:	10
Table value at index 1:	10
Table value at index 1:	10
Table value at index 1:	10
Table value at index 1:	10
Table value at index 1:	10
Table value at index 1:	10
Table value at index 1:	10
Table value at index 1:	10
Table value at index 1:	10
Table value at index 1:	10
Table value at index 1:	10
Table value at index 1:	10
Table value at index 1:	10
Table value at index 1:	10
Table value at index 1:	10
Table value at index 1:	10
Table value at index 1:	10
Table value at index 1:	10
Table value at index 1:	10
Table value at index 1:	10
Table value at index 1:	10
Table value at index 1:	10
Table value at index 1:	10
Table value at index 1:	10
Table value at index 1:	10
Table value at index 1:	10
Table value at index 1:	10
Table value at index 1:	10
Table value at index 1:	10
Table value at index 1:	10
Table value at index 1:	10
Table value at index 1:	10
Table value at index 1:	10
Table value at index 1:	10
Table value at index 1:	10
Table value at index 1:	10
Table value at index 1:	10
Table value at index 1:	10
Table value at index 1:	10
Table value at index 1:	10
Table value at index 1:	10
Table value at index 1:	10
Table value at index 1:	10
Table value at index 1:	10
Table value at index 1:	10
Table value at index 1:	10
Table value at index 1:	10
Table value at index 1:	10
Table value at index 1:	10
Table value at index 1:	10
Table value at index 1:	10
Table value at index 1:	10
Table value at index 1:	10
Table value at index 1:	10
Table value at index 1:	10
Table value at index 1:	10
Table value at index 1:	10
Table value at index 1:	10
Table value at index 1:	10
Table value at index 1:	10
Table value at index 1:	10
Table value at index 1:	10
Table value at index 1:	10
Table value at index 1:	10
Table value at index 1:	10
Table value at index 1:	10
Table value at index 1:	10
Table value at index 1:	10
Table value at index 1:	10
Table value at index 1:	10
Table value at index 1:	10
Table value at index 1:	10
Table value at index 1:	10
Table value at index 1:	10
Table value at index 1:	10
Table value at index 1:	10
Table value at index 1:	10
Table value at index 1:	10
Table value at index 1:	10
Table value at index 1:	10
Table value at index 1:	10
Table value at index 1:	10
Table value at index 1:	10
Table value at index 1:	10
Table value at index 1:	10
Table value at index 1:	10
Table value at index 1:	10
Table value at index 1:	10
Table value at index 1:	10
Table value at index 1:	10
Table value at index 1:	10
Table value at index 1:	10
Table value at index 1:	10
Table value at index 1:	10
Table value at index 1:	10
Table value at index 1:	10
Table value at index 1:	10
Table value at index 1:	10
Table value at index 1:	10
Table value at index 1:	10
Table value at index 1:	10
Table value at index 1:	10
Table value at index 1:	10
Table value at index 1:	10
Table value at index 1:	10
Table value at index 1:	10
Table value at index 1:	10
Table value at index 1:	10
Table value at index 1:	10
Table value at index 1:	10
Table value at index 1:	10
Table value at index 1:	10
Table value at index 1:	10
Table value at index 1:	10
Table value at index 1:	10
Table value at index 1:	10
Table value at index 1:	10
Table value at index 1:	10
Table value at index 1:	10
Table value at index 1:	10
Table value at index 1:	10
Table value at index 1:	10
Table value at index 1:	10
Table value at index 1:	10
Table value at index 1:	10
Table value at index 1:	10
Table value at index 1:	10
Table value at index 1:	10
Table value at index 1:	10
Table value at index 1:	10
Table value at index 1:	10
Table value at index 1:	10
Table value at index 1:	10
Table value at index 1:	10
Table value at index 1:	10
Table value at index 1:	10
Table value at index 1:	10
Table value at index 1:	10
Table value at index 1:	10
Table value at index 1:	10
Table value at index 1:	10
Table value at index 1:	10
Table value at index 1:	10
Table value at index 1:	10
Table value at index 1:	10
Table value at index 1:	10
Table value at index 1:	10
Table value at index 1:	10
Table value at index 1:	10
Table value at index 1:	10
Table value at index 1:	10
Table value at index 1:	10
Table value at index 1:	10
Table value at index 1:	10
Table value at index 1:	10
Table value at index 1:	10
Table value at index 1:	10
Table value at index 1:	10
Table value at index 1:	10
Table value at index 1:	10
Table value at index 1:	10
Table value at index 1:	10
Table value at index 1:	10
Table value at index 1:	10
Table value at index 1:	10
Table value at index 1:	10
Table value at index 1:	10
Table value at index 1:	10
Table value at index 1:	10
Table value at index 1:	10
Table value at index 1:	10
Table value at index 1:	10
Table value at index 1:	10
Table value at index 1:	10
Table value at index 1:	10
Table value at index 1:	10
Table value at index 1:	10
Table value at index 1:	10
Table value at index 1:	10
Table value at index 1:	10
Table value at index 1:	10
Table value at index 1:	10
Table value at index 1:	10
Table value at index 1:	10
Table value at index 1:	10
Table value at index 1:	10
Table value at index 1:	10
Table value at index 1:	10
Table value at index 1:	10
Table value at index 1:	10
Table value at index 1:	10
Table value at index 1:	10
Table value at index 1:	10
Table value at index 1:	10
Table value at index 1:	10
Table value at index 1:	10
Table value at index 1:	10
Table value at index 1:	10
Table value at index 1:	10
Table value at index 1:	10
Table value at index 1:	10
Table value at index 1:	10
Table value at index 1:	10
Table value at index 1:	10
Table value at index 1:	10
Table value at index 1:	10
Table value at index 1:	10
Table value at index 1:	10
Table value at index 1:	10
Table value at index 1:	10
Table value at index 1:	10
Table value at index 1:	10
Table value at index 1:	10
Table value at index 1:	10
Table value at index 1:	10
Table value at index 1:	10
Table value at index 1:	10
Table value at index 1:	10
Table value at index 1:	10
Table value at index 1:	10
Table value at index 1:	10
Table value at index 1:	10
Table value at index 1:	10
Table value at index 1:	10
Table value at index 1:	10
Table value at index 1:	10
Table value at index 1:	10
Table value at index 1:	10
Table value at index 1:	10
Table value at index 1:	10
Table value at index 1:	10
Table value at index 1:	10
Table value at index 1:	10
Table value at index 1:	10
Table value at index 1:	10
Table value at index 1:	10
Table value at index 1:	10
Table value at index 1:	10
Table value at index 1:	10
Table value at index 1:	10
Table value at index 1:	10
Table value at index 1:	10
Table value at index 1:	10
Table value at index 1:	10
Table value at index 1:	10
Table value at index 1:	10
Table value at index 1:	10
Table value at index 1:	10
Table value at index 1:	10
Table value at index 1:	10
Table value at index 1:	10
Table value at index 1:	10
Table value at index 1:	10
Table value at index 1:	10
Table value at index 1:	10
Table value at index 1:	10
Table value at index 1:	10
Table value at index 1:	10
Table value at index 1:	10
Table value at index 1:	10
Table value at index 1:	10
Table value at index 1:	10
Table value at index 1:	10
Table value at index 1:	10
Table value at index 1:	10
Table value at index 1:	10
Table value at index 1:	10
Table value at index 1:	10
Table value at index 1:	10
Table value at index 1:	10
Table value at index 1:	10
Table value at index 1:	10
Table value at index 1:	10
Table value at index 1:	10
Table value at index 1:	10
Table value at index 1:	10
Table value at index 1:	10
Table value at index 1:	10
Table value at index 1:	10
Table value at index 1:	10
Table value at index 1:	10
Table value at index 1:	10
Table value at index 1:	10
Table value at index 1:	10
Table value at index 1:	10
Table value at index 1:	10
Table value at index 1:	10
Table value at index 1:	10
Table value at index 1:	10
Table value at index 1:	10
Table value at index 1:	10
Table value at index 1:	10
Table value at index 1:	10
Table value at index 1:	10
Table value at index 1:	10
Table value at index 1:	10
Table value at index 1:	10
Table value at index 1:	10
Table value at index 1:	10
Table value at index 1:	10
Table value at index 1:	10
Table value at index 1:	10
Table value at index 1:	10
Table value at index 1:	10
Table value at index 1:	10
Table value at index 1:	10
Table value at index 1:	10
Table value at index 1:	10
Table value at index 1:	10
Table value at index 1:	10
Table value at index 1:	10
Table value at index 1:	10
Table value at index 1:	10
Table value at index 1:	10
Table value at index 1:	10
Table value at index 1:	10
Table value at index 1:	10
Table value at index 1:	10
Table value at index 1:	10
Table value at index 1:	10
Table value at index 1:	10
Table value at index 1:	10
Table value at index 1:	10
Table value at index 1:	10
Table value at index 1:	10
Table value at index 1:	10
Table value at index 1:	10
Table value at index 1:	10
Table value at index 1:	10
Table value at index 1:	10
Table value at index 1:	10
Table value at index 1:	10
Table value at index 1:	10
Table value at index 1:	10
Table value at index 1:	10
Table value at index 1:	10
Table value at index 1:	10
Table value at index 1:	10
Table value at index 1:	10
Table value at index 1:	10
Table value at index 1:	10
Table value at index 1:	10
Table value at index 1:	10
Table value at index 1:	10
Table value at index 1:	10
Table value at index 1:	10
Table value at index 1:	10
Table value at index 1:	10
Table value at index 1:	10
Table value at index 1:	10
Table value at index 1:	10
Table value at index 1:	10
Table value at index 1:	10
Table value at index 1:	10
Table value at index 1:	10
Table value at index 1:	10
Table value at index 1:	10
Table value at index 1:	10
Table value at index 1:	10
Table value at index 1:	10
Table value at index 1:	10
Table value at index 1:	10
Table value at index 1:	10
Table value at index 1:	10
Table value at index 1:	10
Table value at index 1:	10
Table value at index 1:	10
Table value at index 1:	10
Table value at index 1:	10
Table value at index 1:	10
Table value at index 1:	10
Table value at index 1:	10
Table value at index 1:	10
Table value at index 1:	10
Table value at index 1:	10
Table value at index 1:	10
Table value at index 1:	10
Table value at index 1:	10
Table value at index 1:	10
Table value at index 1:	10
Table value at index 1:	10
Table value at index 1:	10
Table value at index 1:	10
Table value at index 1:	10
Table value at index 1:	10
Table value at index 1:	10
Table value at index 1:	10
Table value at index 1:	10
Table value at index 1:	10
Table value at index 1:	10
Table value at index 1:	10
Table value at index 1:	10
Table value at index 1:	10
Table value at index 1:	10
Table value at index 1:	10
Table value at index 1:	10
Table value at index 1:	10
Table value at index 1:	10
Table value at index 1:	10
Table value at index 1:	10
Table value at index 1:	10
Table value at index 1:	10
Table value at index 1:	10
Table value at index 1:	10
Table value at index 1:	10
Table value at index 1:	10
Table value at index 1:	10
Table value at index 1:	10
Table value at index 1:	10
Table value at index 1:	10
Table value at index 1:	10
Table value at index 1:	10
Table value at index 1:	10
Table value at index 1:	10
Table value at index 1:	10
Table value at index 1:	10
Table value at index 1:	10
Table value at index 1:	10
Table value at index 1:	10
Table value at index 1:	10
Table value at index 1:	10
Table value at index 1:	10
Table value at index 1:	10
Table value at index 1:	10
Table value at index 1:	10
Table value at index 1:	10
Table value at index 1:	10
Table value at index 1:	10
Table value at index 1:	10
Table value at index 1:	10
Table value at index 1:	10
Table value at index 1:	10
Table value at index 1:	10
Table value at index 1:	10
Table value at index 1:	10
Table value at index 1:	10
Table value at index 1:	10
Table value at index 1:	10
Table value at index 1:	10
Table value at index 1:	10
Table value at index 1:	10
Table value at index 1:	10
Table value at index 1:	10
Table value at index 1:	10
Table value at index 1:	10
Table value at index 1:	10
Table value at index 1:	10
Table value at index 1:	10
Table value at index 1:	10
Table value at index 1:	10
Table value at index 1:	10
Table value at index 1:	10
Table value at index 1:	10
Table value at index 1:	10
Table value at index 1:	10
Table value at index 1:	10
Table value at index 1:	10
Table value at index 1:	10
Table value at index 1:	10
Table value at index 1:	10
Table value at index 1:	10
Table value at index 1:	10
Table value at index 1:	10
Table value at index 1:	10
Table value at index 1:	10
Table value at index 1:	10
Table value at index 1:	10
Table value at index 1:	10
Table value at index 1:	10
Table value at index 1:	10
Table value at index 1:	10
Table value at index 1:	10
Table value at index 1:	10
Table value at index 1:	10
Table value at index 1:	10
Table value at index 1:	10
Table value at index 1:	10
Table value at index 1:	10
Table value at index 1:	10
Table value at index 1:	10
Table value at index 1:	10
Table value at index 1:	10
Table value at index 1:	10
Table value at index 1:	10
Table value at index 1:	10
Table value at index 1:	10
Table value at index 1:	10
Table value at index 1:	10
Table value at index 1:	10
Table value at index 1:	10
Table value at index 1:	10
Table value at index 1:	10
Table value at index 1:	10
Table value at index 1:	10
Table value at index 1:	10
Table value at index 1:	10
Table value at index 1:	10
Table value at index 1:	10
Table value at index 1:	10
Table value at index 1:	10
Table value at index 1:	10
Table value at index 1:	10
Table value at index 1:	10
Table value at index 1:	10
Table value at index 1:	10
Table value at index 1:	10
Table value at index 1:	10
Table value at index 1:	10
Table value at index 1:	10
Table value at index 1:	10
Table value at index 1:	10
Table value at index 1:	10
Table value at index 1:	10
Table value at index 1:	10
Table value at index 1:	10
Table value at index 1:	10
Table value at index 1:	10
Table value at index 1:	10
Table value at index 1:	10
Table value at index 1:	10
Table value at index 1:	10
Table value at index 1:	10
Table value at index 1:	10
Table value at index 1:	10
Table value at index 1:	10
Table value at index 1:	10
Table value at index 1:	10
Table value at index 1:	10
Table value at index 1:	10
Table value at index 1:	10
Table value at index 1:	10
Table value at index 1:	10
Table value at index 1:	10
Table value at index 1:	10
Table value at index 1:	10
Table value at index 1:	10
Table value at index 1:	10
Table value at index 1:	10
Table value at index 1:	10
Table value at index 1:	10
Table value at index 1:	10
Table value at index 1:	10
Table value at index 1:	10
Table value at index 1:	10
Table value at index 1:	10
Table value at index 1:	10
Table value at index 1:	10
Table value at index 1:	10
Table value at index 1:	10
Table value at index 1:	10
Table value at index 1:	10
Table value at index 1:	10
Table value at index 1:	10
Table value at index 1:	10
Table value at index 1:	10
Table value at index 1:	10
Table value at index 1:	10
Table value at index 1:	10
Table value at index 1:	10
Table value at index 1:	10
Table value at index 1:	10
Table value at index 1:	10
Table value at index 1:	10
Table value at index 1:	10
Table value at index 1:	10
Table value at index 1:	10
Table value at index 1:	10
Table value at index 1:	10
Table value at index 1:	10
Table value at index 1:	10
Table value at index 1:	10
Table value at index 1:	10
Table value at index 1:	10
Table value at index 1:	10
Table value at index 1:	10
Table value at index 1:	10
Table value at index 1:	10
Table value at index 1:	10
Table value at index 1:	10
Table value at index 1:	10
Table value at index 1:	10
Table value at index 1:	10
Table value at index 1:	10
Table value at index 1:	10
Table value at index 1:	10
Table value at index 1:	10
Table value at index 1:	10
Table value at index 1:	10
Table value at index 1:	10
Table value at index 1:	10
Table value at index 1:	10
Table value at index 1:	10
Table value at index 1:	10
Table value at index 1:	10
Table value at index 1:	10
Table value at index 1:	10
Table value at index 1:	10
Table value at index 1:	10
Table value at index 1:	10
Table value at index 1:	10
Table value at index 1:	10
Table value at index 1:	10
Table value at index 1:	10
Table value at index 1:	10
Table value at index 1:	10
Table value at index 1:	10
Table value at index 1:	10
Table value at index 1:	10
Table value at index 1:	10
Table value at index 1:	10
Table value at index 1:	10
Table value at index 1:	10
Table value at index 1:	10
Table value at index 1:	10
Table value at index 1:	10
Table value at index 1:	10
Table value at index 1:	10
Table value at index 1:	10
Table value at index 1:	10
Table value at index 1:	10
Table value at index 1:	10
Table value at index 1:	10
Table value at index 1:	10
Table value at index 1:	10
Table value at index 1:	10
Table value at index 1:	10
Table value at index 1:	10
Table value at index 1:	10
Table value at index 1:	10
Table value at index 1:	10
Table value at index 1:	10
Table value at index 1:	10
Table value at index 1:	10
Table value at index 1:	10
Table value at index 1:	10
Table value at index 1:	10
Table value at index 1:	10
Table value at index 1:	10
Table value at index 1:	10
Table value at index 1:	10
Table value at index 1:	10
Table value at index 1:	10
Table value at index 1:	10
Table value at index 1:	10
Table value at index 1:	10
Table value at index 1:	10
Table value at index 1:	10
Table value at index 1:	10
Table value at index 1:	10
Table value at index 1:	10
Table value at index 1:	10
Table value at index 1:	10
Table value at index 1:	10
Table value at index 1:	10
Table value at index 1:	10
Table value at index 1:	10
Table value at index 1:	10
Table value at index 1:	10
Table value at index 1:	10
Table value at index 1:	10
Table value at index 1:	10
Table value at index 1:	10
Table value at index 1:	10
Table value at index 1:	10
Table value at index 1:	10
Table value at index 1:	10
Table value at index 1:	10
Table value at index 1:	10
Table value at index 1:	10
Table value at index 1:	10
Table value at index 1:	10
Table value at index 1:	10
Table value at index 1:	10
Table value at index 1:	10
Table value at index 1:	10
Table value at index 1:	10
Table value at index 1:	10
Table value at index 1:	10
Table value at index 1:	10
Table value at index 1:	10
Table value at index 1:	10
Table value at index 1:	10
Table value at index 1:	10
Table value at index 1:	10
Table value at index 1:	10
Table value at index 1:	10
Table value at index 1:	10
Table value at index 1:	10
Table value at index 1:	10
Table value at index 1:	10
Table value at index 1:	10
Table value at index 1:	10
Table value at index 1:	10
Table value at index 1:	10
Table value at index 1:	10
Table value at index 1:	10
Table value at index 1:	10
Table value at index 1:	10
Table value at index 1:	10
Table value at index 1:	10
Table value at index 1:	10
Table value at index 1:	10
Table value at index 1:	10
Table value at index 1:	10
Table value at index 1:	10
Table value at index 1:	10
Table value at index 1:	10
Table value at index 1:	10
Table value at index 1:	10
Table value at index 1:	10
Table value at index 1:	10
Table value at index 1:	10
Table value at index 1:	10
Table value at index 1:	10
Table value at index 1:	10
Table value at index 1:	10
Table value at index 1:	10
Table value at index 1:	10
Table value at index 1:	10
Table value at index 1:	10
Table value at index 1:	10
Table value at index 1:	10
Table value at index 1:	10
Table value at index 1:	10
Table value at index 1:	10
Table value at index 1:	10
Table value at index 1:	10
Table value at index 1:	10
Table value at index 1:	10
Table value at index 1:	10
Table value at index 1:	10
Table value at index 1:	10
Table value at index 1:	10
Table value at index 1:	10
Table value at index 1:	10
Table value at index 1:	10
Table value at index 1:	10
Table value at index 1:	10
Table value at index 1:	10
Table value at index 1:	10
Table value at index 1:	10
Table value at index 1:	10
Table value at index 1:	10
Table value at index 1:	10
Table value at index 1:	10
Table value at index 1:	10
Table value at index 1:	10
Table value at index 1:	10
Table value at index 1:	10
Table value at index 1:	10
Table value at index 1:	10
Table value at index 1:	10
Table value at index 1:	10
Table value at index 1:	10
Table value at index 1:	10
Table value at index 1:	10
Table value at index 1:	10
Table value at index 1:	10
Table value at index 1:	10
Table value at index 1:	10
Table value at index 1:	10
Table value at index 1:	10
Table value at index 1:	10
Table value at index 1:	10
Table value at index 1:	10
Table value at index 1:	10
Table value at index 1:	10
Table value at index 1:	10
Table value at index 1:	10
Table value at index 1:	10
Table value at index 1:	10
Table value at index 1:	10
Table value at index 1:	10
Table value at index 1:	10
Table value at index 1:	10
Table value at index 1:	10
Table value at index 1:	10
Table value at index 1:	10
Table value at index 1:	10
Table value at index 1:	10
Table value at index 1:	10
Table value at index 1:	10
Table value at index 1:	10
Table value at index 1:	10
Table value at index 1:	10
Table value at index 1:	10
Table value at index 1:	10
Table value at index 1:	10
Table value at index 1:	10
Table value at index 1:	10
Table value at index 1:	10
Table value at index 1:	10
Table value at index 1:	10
Table value at index 1:	10
Table value at index 1:	10
Table value at index 1:	10
Table value at index 1:	10
Table value at index 1:	10
Table value at index 1:	10
Table value at index 1:	10
Table value at index 1:	10
Table value at index 1:	10
Table value at index 1:	10
Table value at index 1:	10
Table value at index 1:	10
Table value at index 1:	10
Table value at index 1:	10
Table value at index 1:	10
Table value at index 1:	10
Table value at index 1:	10
Table value at index 1:	10
Table value at index 1:	10
Table value at index 1:	10
Table value at index 1:	10
Table value at index 1:	10
Table value at index 1:	10
Table value at index 1:	10
Table value at index 1:	10
Table value at index 1:	10
Table value at index 1:	10
Table value at index 1:	10
Table value at index 1:	10
Table value at index 1:	10
Table value at index 1:	10
Table value at index 1:	10
Table value at index 1:	10
Table value at index 1:	10
Table value at index 1:	10
Table value at index 1:	10
Table value at index 1:	10
Table value at index 1:	10
Table value at index 1:	10
Table value at index 1:	10
Table value at index 1:	10
Table value at index 1:	10
Table value at index 1:	10
Table value at index 1:	10
Table value at index 1:	10
Table value at index 1:	10
Table value at index 1:	10
Table value at index 1:	10
Table value at index 1:	10
Table value at index 1:	10
Table value at index 1:	10
Table value at index 1:	10
Table value at index 1:	10
Table value at index 1:	10
Table value at index 1:	10
Table value at index 1:	10
Table value at index 1:	10
Table value at index 1:	10
Table value at index 1:	10
Table value at index 1:	10
Table value at index 1:	10
Table value at index 1:	10
Table value at index 1:	10
Table value at index 1:	10
Table value at index 1:	10
Table value at index 1:	10
Table value at index 1:	10
Table value at index 1:	10
Table value at index 1:	10
Table value at index 1:	10
Table value at index 1:	10
Table value at index 1:	10
Table value at index 1:	10
Table value at index 1:	10
Table value at index 1:	10
Table value at index 1:	10
Table value at index 1:	10
Table value at index 1:	10
Table value at index 1:	10
Table value at index 1:	10
Table value at index 1:	10
Table value at index 1:	10
Table value at index 1:	10
Table value at index 1:	10
Table value at index 1:	10
Table value at index 1:	10
Table value at index 1:	10
Table value at index 1:	10
Table value at index 1:	10
Table value at index 1:	10
Table value at index 1:	10
Table value at index 1:	10
Table value at index 1:	10
Table value at index 1:	10
Table value at index 1:	10
Table value at index 1:	10
Table value at index 1:	10
Table value at index 1:	10
Table value at index 1:	10
Table value at index 1:	10
Table value at index 1:	10
Table value at index 1:	10
Table value at index 1:	10
Table value at index 1:	10
Table value at index 1:	10
Table value at index 1:	10
Table value at index 1:	10
Table value at index 1:	10
Table value at index 1:	10
Table value at index 1:	10
Table value at index 1:	10
Table value at index 1:	10
Table value at index 1:	10
Table value at index 1:	10
Table value at index 1:	10
Table value at index 1:	10
Table value at index 1:	10
Table value at index 1:	10
Table value at index 1:	10
Table value at index 1:	10
Table value at index 1:	10
Table value at index 1:	10
Table value at index 1:	10
Table value at index 1:	10
Table value at index 1:	10
Table value at index 1:	10
Table value at index 1:	10
Table value at index 1:	10
Table value at index 1:	10
Table value at index 1:	10
Table value at index 1:	10
Table value at index 1:	10
Table value at index 1:	10
Table value at index 1:	10
Table value at index 1:	10
Table value at index 1:	10
Table value at index 1:	10
Table value at index 1:	10
Table value at index 1:	10
Table value at index 1:	10
Table value at index 1:	10
Table value at index 1:	10
Table value at index 1:	10
Table value at index 1:	10
Table value at index 1:	10
Table value at index 1:	10
Table value at index 1:	10
Table value at index 1:	10
Table value at index 1:	10
Table value at index 1:	10
Table value at index 1:	10
Table value at index 1:	10
Table value at index 1:	10
Table value at index 1:	10
Table value at index 1:	10
Table value at index 1:	10
Table value at index 1:	10
Table value at index 1:	10
Table value at index 1:	10
Table value at index 1:	10
Table value at index 1:	10
Table value at index 1:	10
Table value at index 1:	10
Table value at index 1:	10
Table value at index 1:	10
Table value at index 1:	10
Table value at index 1:	10
Table value at index 1:	10
Table value at index 1:	10
Table value at index 1:	10
Table value at index 1:	10
Table value at index 1:	10
Table value at index 1:	10
Table value at index 1:	10
Table value at index 1:	10
Table value at index 1:	10
Table value at index 1:	10
Table value at index 1:	10
Table value at index 1:	10
Table value at index 1:	10
Table value at index 1:	10
Table value at index 1:	10
Table value at index 1:	10
Table value at index 1:	10
Table value at index 1:	10
Table value at index 1:	10
Table value at index 1:	10
Table value at index 1:	10
Table value at index 1:	10
Table value at index 1:	10
Table value at index 1:	10
Table value at index 1:	10
Table value at index 1:	10
Table value at index 1:	10
Table value at index 1:	10
Table value at index 1:	10
Table value at index 1:	10
Table value at index 1:	10
Table value at index 1:	10
Table value at index 1:	10
Table value at index 1:	10
Table value at index 1:	10
Table value at index 1:	10
Table value at index 1:	10
Table value at index 1:	10
Table value at index 1:	10
Table value at index 1:	10
Table value at index 1:	10
Table value at index 1:	10
Table value at index 1:	10
Table value at index 1:	10
Table value at index 1:	10
Table value at index 1:	10
Table value at index 1:	10
Table value at index 1:	10
Table value at index 1:	10
Table value at index 1:	10
Table value at index 1:	10
Table value at index 1:	10
Table value at index 1:	10
Table value at index 1:	10
Table value at index 1:	10
Table value at index 1:	10
Table value at index 1:	10
Table value at index 1:	10
Table value at index 1:	10
Table value at index 1:	10
Table value at index 1:	10
Table value at index 1:	10
Table value at index 1:	10
Table value at index 1:	10
Table value at index 1:	10
Table value at index 1:	10
Table value at index 1:	10
Table value at index 1:	10
Table value at index 1:	10
Table value at index 1:	10
Table value at index 1:	10
Table value at index 1:	10
Table value at index 1:	10
Table value at index 1:	10
Table value at index 1:	10
Table value at index 1:	10
Table value at index 1:	10
Table value at index 1:	10
Table value at index 1:	10
Table value at index 1:	10
Table value at index 1:	10
Table value at index 1:	10
Table value at index 1:	10
Table value at index 1:	10
Table value at index 1:	10
Table value at index 1:	10
Table value at index 1:	10
Table value at index 1:	10
Table value at index 1:	10
Table value at index 1:	10
Table value at index 1:	10
Table value at index 1:	10
Table value at index 1:	10
Table value at index 1:	10
Table value at index 1:	10
Table value at index 1:	10
Table value at index 1:	10
Table value at index 1:	10
Table value at index 1:	10
Table value at index 1:	10
Table value at index 1:	10
Table value at index 1:	10
Table value at index 1:	10
Table value at index 1:	10
Table value at index 1:	10
Table value at index 1:	10
Table value at index 1:	10
Table value at index 1:	10
Table value at index 1:	10
Table value at index 1:	10
Table value at index 1:	10
Table value at index 1:	10
Table value at index 1:	10
Table value at index 1:	10
Table value at index 1:	10
Table value at index 1:	10
Table value at index 1:	10
Table value at index 1:	10
Table value at index 1:	10
Table value at index 1:	10
Table value at index 1:	10
Table value at index 1:	10
Table value at index 1:	10
Table value at index 1:	10
Table value at index 1:	10
Table value at index 1:	10
Table value at index 1:	10
Table value at index 1:	10
Table value at index 1:	10
Table value at index 1:	10
Table value at index 1:	10
Table value at index 1:	10
Table value at index 1:	10
Table value at index 1:	10
Table value at index 1:	10
Table value at index 1:	10
Table value at index 1:	10
Table value at index 1:	10
Table value at index 1:	10
Table value at index 1:	10
Table value at index 1:	10
Table value at index 1:	10
Table value at index 1:	10
Table value at index 1:	10
Table value at index 1:	10
Table value at index 1:	10
Table value at index 1:	10
Table value at index 1:	10
Table value at index 1:	10
Table value at index 1:	10
Table value at index 1:	10
Table value at index 1:	10
Table value at index 1:	10
Table value at index 1:	10
Table value at index 1:	10
Table value at index 1:	10
Table value at index 1:	10
Table value at index 1:	10
Table value at index 1:	10
Table value at index 1:	10
Table value at index 1:	10
Table value at index 1:	10
Table value at index 1:	10
Table value at index 1:	10
Table value at index 1:	10
Table value at index 1:	10
Table value at index 1:	10
Table value at index 1:	10
Table value at index 1:	10
Table value at index 1:	10
Table value at index 1:	10
Table value at index 1:	10
Table value at index 1:	10
Table value at index 1:	10
Table value at index 1:	10
Table value at index 1:	10
Table value at index 1:	10
Table value at index 1:	10
Table value at index 1:	10
Table value at index 1:	10
Table value at index 1:	10
Table value at index 1:	10
Table value at index 1:	10
Table value at index 1:	10
Table value at index 1:	10
Table value at index 1:	10
Table value at index 1:	10
Table value at index 1:	10
Table value at index 1:	10
Table value at index 1:	10
Table value at index 1:	10
Table value at index 1:	10
Table value at index 1:	10
Table value at index 1:	10
Table value at index 1:	10
Table value at index 1:	10
Table value at index 1:	10
Table value at index 1:	10
Table value at index 1:	10
Table value at index 1:	10
Table value at index 1:	10
Table value at index 1:	10
Table value at index 1:	10
Table value at index 1:	10
Table value at index 1:	10
Table value at index 1:	10
Table value at index 1:	10
Table value at index 1:	10
Table value at index 1:	10
Table value at index 1:	10
Table value at index 1:	10
Table value at index 1:	10
Table value at index 1:	10
Table value at index 1:	10
Table value at index 1:	10
Table value at index 1:	10
Table value at index 1:	10
Table value at index 1:	10
Table value at index 1:	10
Table value at index 1:	10
Table value at index 1:	10
Table value at index 1:	10
Table value at index 1:	10
Table value at index 1:	10
Table value at index 1:	10
Table value at index 1:	10
Table value at index 1:	10
Table value at index 1:	10
Table value at index 1:	10
Table value at index 1:	10
Table value at index 1:	10
Table value at index 1:	10
Table value at index 1:	10
Table value at index 1:	10
Table value at index 1:	10
Table value at index 1:	10
Table value at index 1:	10
Table value at index 1:	10
Table value at index 1:	10
Table value at index 1:	10
Table value at index 1:	10
Table value at index 1:	10
Table value at index 1:	10
Table value at index 1:	10
Table value at index 1:	10
Table value at index 1:	10
Table value at index 1:	10
Table value at index 1:	10
Table value at index 1:	10
Table value at index 1:	10
Table value at index 1:	10
Table value at index 1:	10
Table value at index 1:	10
Table value at index 1:	10
Table value at index 1:	10
Table value at index 1:	10
Table value at index 1:	10
Table value at index 1:	10
Table value at index 1:	10
Table value at index 1:	10
Table value at index 1:	10
Table value at index 1:	10
Table value at index 1:	10
Table value at index 1:	10
Table value at index 1:	10
Table value at index 1:	10
Table value at index 1:	10
Table value at index 1:	10
Table value at index 1:	10
Table value at index 1:	10
Table value at index 1:	10
Table value at index 1:	10
Table value at index 1:	10
Table value at index 1:	10
Table value at index 1:	10
Table value at index 1:	10
Table value at index 1:	10
Table value at index 1:	10
Table value at index 1:	10
Table value at index 1:	10
Table value at index 1:	10
Table value at index 1:	10
Table value at index 1:	10
Table value at index 1:	10
Table value at index 1:	10
Table value at index 1:	10
Table value at index 1:	10
Table value at index 1:	10
Table value at index 1:	10
Table value at index 1:	10
Table value at index 1:	10
Table value at index 1:	10
Table value at index 1:	10
Table value at index 1:	10
Table value at index 1:	10
Table value at index 1:	10
Table value at index 1:	10
Table value at index 1:	10
Table value at index 1:	10
Table value at index 1:	10
Table value at index 1:	10
Table value at index 1:	10
Table value at index 1:	10
Table value at index 1:	10
Table value at index 1:	10
Table value at index 1:	10
Table value at index 1:	10
Table value at index 1:	10
Table value at index 1:	10
Table value at index 1:	10
Table value at index 1:	10
Table value at index 1:	10
Table value at index 1:	10
Table value at index 1:	10
Table value at index 1:	10
Table value at index 1:	10
Table value at index 1:	10
Table value at index 1:	10
Table value at index 1:	10
Table value at index 1:	10
Table value at index 1:	10
Table value at index 1:	10
Table value at index 1:	10
Table value at index 1:	10
Table value at index 1:	10
Table value at index 1:	10
Table value at index 1:	10
Table value at index 1:	10
Table value at index 1:	10
Table value at index 1:	10
Table value at index 1:	10
Table value at index 1:	10
Table value at index 1:	10
Table value at index 1:	10
Table value at index 1:	10
Table value at index 1:	10
Table value at index 1:	10
Table value at index 1:	10
Table value at index 1:	10
Table value at index 1:	10
Table value at index 1:	10
Table value at index 1:	10
Table value at index 1:	10
Table value at index 1:	10
Table value at index 1:	10
Table value at index 1:	10
Table value at index 1:	10
Table value at index 1:	10
Table value at index 1:	10
Table value at index 1:	10
Table value at index 1:	10
Table value at index 1:	10
Table value at index 1:	10
Table value at index 1:	10
Table value at index 1:	10
Table value at index 1:	10
Table value at index 1:	10
Table value at index 1:	10
Table value at index 1:	10
Table value at index 1:	10
Table value at index 1:	10
Table value at index 1:	10
Table value at index 1:	10
Table value at index 1:	10
Table value at index 1:	10
Table value at index 1:	10
Table value at index 1:	10
Table value at index 1:	10
Table value at index 1:	10
Table value at index 1:	10
Table value at index 1:	10
Table value at index 1:	10
Table value at index 1:	10
Table value at index 1:	10
Table value at index 1:	10
Table value at index 1:	10
Table value at index 1:	10
Table value at index 1:	10
Table value at index 1:	10
Table value at index 1:	10
Table value at index 1:	10
Table value at index 1:	10
Table value at index 1:	10
Table value at index 1:	10
Table value at index 1:	10
Table value at index 1:	10
Table value at index 1:	10
Table value at index 1:	10
Table value at index 1:	10
Table value at index 1:	10
Table value at index 1:	10
Table value at index 1:	10
Table value at index 1:	10
Table value at index 1:	10
Table value at index 1:	10
Table value at index 1:	10
Table value at index 1:	10
Table value at index 1:	10
Table value at index 1:	10
Table value at index 1:	10
Table value at index 1:	10
Table value at index 1:	10
Table value at index 1:	10
Table value at index 1:	10
Table value at index 1:	10
Table value at index 1:	10
Table value at index 1:	10
Table value at index 1:	10
Table value at index 1:	10
Table value at index 1:	10
Table value at index 1:	10
Table value at index 1:	10
Table value at index 1:	10
Table value at index 1:	10
Table value at index 1:	10
Table value at index 1:	10
Table value at index 1:	10
Table value at index 1:	10
Table value at index 1:	10
Table value at index 1:	10
Table value at index 1:	10
Table value at index 1:	10
Table value at index 1:	10
Table value at index 1:	10
Table value at index 1:	10
Table value at index 1:	10
Table value at index 1:	10
Table value at index 1:	10
Table value at index 1:	10
Table value at index 1:	10
Table value at index 1:	10
Table value at index 1:	10
Table value at index 1:	10
Table value at index 1:	10
Table value at index 1:	10
Table value at index 1:	10
Table value at index 1:	10
Table value at index 1:	10
Table value at index 1:	10
Table value at index 1:	10
Table value at index 1:	10
Table value at index 1:	10
Table value at index 1:	10
Table value at index 1:	10
Table value at index 1:	10
Table value at index 1:	10
Table value at index 1:	10
Table value at index 1:	10
Table value at index 1:	10
Table value at index 1:	10
Table value at index 1:	10
Table value at index 1:	10
Table value at index 1:	10
Table value at index 1:	10
Table value at index 1:	10
Table value at index 1:	10
Table value at index 1:	10
Table value at index 1:	10
Table value at index 1:	10
Table value at index 1:	10
Table value at index 1:	10
Table value at index 1:	10
Table value at index 1:	10
Table value at index 1:	10
Table value at index 1:	10
Table value at index 1:	10
Table value at index 1:	10
Table value at index 1:	10
Table value at index 1:	10
Table value at index 1:	10
Table value at index 1:	10
Table value at index 1:	10
Table value at index 1:	10
Table value at index 1:	10
Table value at index 1:	10
Table value at index 1:	10
Table value at index 1:	10
Table value at index 1:	10
Table value at index 1:	10
Table value at index 1:	10
Table value at index 1:	10
Table value at index 1:	10
Table value at index 1:	10
Table value at index 1:	10
Table value at index 1:	10
Table value at index 1:	10
Table value at index 1:	10
Table value at index 1:	10
Table value at index 1:	10
Table value at index 1:	10
Table value at index 1:	10
Table value at index 1:	10
Table value at index 1:	10
Table value at index 1:	10
Table value at index 1:	10
Table value at index 1:	10
Table value at index 1:	10
Table value at index 1:	10
Table value at index 1:	10
Table value at index 1:	10
Table value at index 1:	10
Table value at index 1:	10
Table value at index 1:	10
Table value at index 1:	10
Table value at index 1:	10
Table value at index 1:	10
Table value at index 1:	10
Table value at index 1:	10
Table value at index 1:	10
Table value at index 1:	10
Table value at index 1:	10
Table value at index 1:	10
Table value at index 1:	10
Table value at index 1:	10
Table value at index 1:	10
Table value at index 1:	10
Table value at index 1:	10
Table value at index 1:	10
Table value at index 1:	10
Table value at index 1:	10
Table value at index 1:	10
Table value at index 1:	10
Table value at index 1:	10
Table value at index 1:	10
Table value at index 1:	10
Table value at index 1:	10
Table value at index 1:	10
Table value at index 1:	10
Table value at index 1:	10
Table value at index 1:	10
Table value at index 1:	10
Table value at index 1:	10
Table value at index 1:	10
Table value at index 1:	10
Table value at index 1:	10
Table value at index 1:	10
Table value at index 1:	10
Table value at index 1:	10
Table value at index 1:	10
Table value at index 1:	10
Table value at index 1:	10
Table value at index 1:	10
Table value at index 1:	10
Table value at index 1:	10
Table value at index 1:	10
Table value at index 1:	10
Table value at index 1:	10
Table value at index 1:	10
Table value at index 1:	10
Table value at index 1:	10
Table value at index 1:	10
Table value at index 1:	10
Table value at index 1:	10
Table value at index 1:	10
Table value at index 1:	10
Table value at index 1:	10
Table value at index 1:	10
Table value at index 1:	10
Table value at index 1:	10
Table value at index 1:	10
Table value at index 1:	10
Table value at index 1:	10
Table value at index 1:	10
Table value at index 1:	10
Table value at index 1:	10
Table value at index 1:	10
Table value at index 1:	10
Table value at index 1:	10
Table value at index 1:	10
Table value at index 1:	10
Table value at index 1:	10
Table value at index 1:	10
Table value at index 1:	10
Table value at index 1:	10
Table value at index 1:	10
Table value at index 1:	10
Table value at index 1:	10
Table value at index 1:	10
Table value at index 1:	10
Table value at index 1:	10
Table value at index 1:	10
Table value at index 1:	10
Table value at index 1:	10
Table value at index 1:	10
Table value at index 1:	10
Table value at index 1:	10
Table value at index 1:	10
Table value at index 1:	10
Table value at index 1:	10
Table value at index 1:	10
Table value at index 1:	10
Table value at index 1:	10
Table value at index 1:	10
Table value at index 1:	10
Table value at index 1:	10
Table value at index 1:	10
Table value at index 1:	10
Table value at index 1:	10
Table value at index 1:	10
Table value at index 1:	10
Table value at index 1:	10
Table value at index 1:	10
Table value at index 1:	10
Table value at index 1:	10
Table value at index 1:	10
Table value at index 1:	10
Table value at index 1:	10
Table value at index 1:	10
Table value at index 1:	10
Table value at index 1:	10
Table value at index 1:	10
Table value at index 1:	10
Table value at index 1:	10
Table value at index 1:	10
Table value at index 1:	10
Table value at index 1:	10
Table value at index 1:	10
Table value at index 1:	10
Table value at index 1:	10
Table value at index 1:	10
Table value at index 1:	10
Table value at index 1:	10
Table value at index 1:	10
Table value at index 1:	10
Table value at index 1:	10
Table value at index 1:	10
Table value at index 1:	10
Table value at index 1:	10
Table value at index 1:	10
Table value at index 1:	10
Table value at index 1:	10
Table value at index 1:	10
Table value at index 1:	10
Table value at index 1:	10
Table value at index 1:	10
Table value at index 1:	10
Table value at index 1:	10
Table value at index 1:	10
Table value at index 1:	10
Table value at index 1:	10
Table value at index 1:	10
Table value at index 1:	10
Table value at index 1:	10
Table value at index 1:	10
Table value at index 1:	10
Table value at index 1:	10
Table value at index 1:	10
Table value at index 1:	10
Table value at index 1:	10
Table value at index 1:	10
Table value at index 1:	10
Table value at index 1:	10
Table value at index 1:	10
Table value at index 1:	10
Table value at index 1:	10
Table value at index 1:	10
Table value at index 1:	10
Table value at index 1:	10
Table value at index 1:	10
Table value at index 1:	10
Table value at index 1:	10
Table value at index 1:	10
Table value at index 1:	10
Table value at index 1:	10
Table value at index 1:	10
Table value at index 1:	10
Table value at index 1:	10
Table value at index 1:	10
Table value at index 1:	10
Table value at index 1:	10
Table value at index 1:	10
Table value at index 1:	10
Table value at index 1:	10
Table value at index 1:	10
Table value at index 1:	10
Table value at index 1:	10
Table value at index 1:	10
Table value at index 1:	10
Table value at index 1:	10
Table value at index 1:	10
Table value at index 1:	10
Table value at index 1:	10
Table value at index 1:	10
Table value at index 1:	10
Table value at index 1:	10
Table value at index 1:	10
Table value at index 1:	10
Table value at index 1:	10
Table value at index 1:	10
Table value at index 1:	10
Table value at index 1:	10
Table value at index 1:	10
Table value at index 1:	10
Table value at index 1:	10
Table value at index 1:	10
Table value at index 1:	10
Table value at index 1:	10
Table value at index 1:	10
Table value at index 1:	10
Table value at index 1:	10
Table value at index 1:	10
Table value at index 1:	10
Table value at index 1:	10
Table value at index 1:	10
Table value at index 1:	10
Table value at index 1:	10
Table value at index 1:	10
Table value at index 1:	10
Table value at index 1:	10
Table value at index 1:	10
Table value at index 1:	10
Table value at index 1:	10
Table value at index 1:	10
Table value at index 1:	10
Table value at index 1:	10
Table value at index 1:	10
Table value at index 1:	10
Table value at index 1:	10
Table value at index 1:	10
Table value at index 1:	10
Table value at index 1:	10
Table value at index 1:	10
Table value at index 1:	10
Table value at index 1:	10
Table value at index 1:	10
Table value at index 1:	10
Table value at index 1:	10
Table value at index 1:	10
Table value at index 1:	10
Table value at index 1:	10
Table value at index 1:	10
Table value at index 1:	10
Table value at index 1:	10
Table value at index 1:	10
Table value at index 1:	10
Table value at index 1:	10
Table value at index 1:	10
Table value at index 1:	10
Table value at index 1:	10
Table value at index 1:	10
Table value at index 1:	10
Table value at index 1:	10
Table value at index 1:	10
Table value at index 1:	10
Table value at index 1:	10
Table value at index 1:	10
Table value at index 1:	10
Table value at index 1:	10
Table value at index 1:	10
Table value at index 1:	10
Table value at index 1:	10
Table value at index 1:	10
Table value at index 1:	10
Table value at index 1:	10
Table value at index 1:	10
Table value at index 1:	10
Table value at index 1:	10
Table value at index 1:	10
Table value at index 1:	10
Table value at index 1:	10
Table value at index 1:	10
Table value at index 1:	10
Table value at index 1:	10
Table value at index 1:	10
Table value at index 1:	10
Table value at index 1:	10
Table value at index 1:	10
Table value at index 1:	10
Table value at index 1:	10
Table value at index 1:	10
Table value at index 1:	10
Table value at index 1:	10
Table value at index 1:	10
Table value at index 1:	10
Table value at index 1:	10
Table value at index 1:	10
Table value at index 1:	10
Table value at index 1:	10
Table value at index 1:	10
Table value at index 1:	10
Table value at index 1:	10
Table value at index 1:	10
Table value at index 1:	10
Table value at index 1:	10
Table value at index 1:	10
Table value at index 1:	10
Table value at index 1:	10
Table value at index 1:	10
Table value at index 1:	10
Table value at index 1:	10
Table value at index 1:	10
Table value at index 1:	10
Table value at index 1:	10
Table value at index 1:	10
Table value at index 1:	10
Table value at index 1:	10
Table value at index 1:	10
Table value at index 1:	10
Table value at index 1:	10
Table value at index 1:	10
Table value at index 1:	10
Table value at index 1:	10
Table value at index 1:	10
Table value at index 1:	10
Table value at index 1:	10
Table value at index 1:	10
Table value at index 1:	10
Table value at index 1:	10
Table value at index 1:	10
Table value at index 1:	10
Table value at index 1:	10
Table value at index 1:	10
Table value at index 1:	10
Table value at index 1:	10
Table value at index 1:	10
Table value at index 1:	10
Table value at index 1:	10
Table value at index 1:	10
Table value at index 1:	10
Table value at index 1:	10
Table value at index 1:	10
Table value at index 1:	10
Table value at index 1:	10
Table value at index 1:	10
Table value at index 1:	10
Table value at index 1:	10
Table value at index 1:	10
Table value at index 1:	10
Table value at index 1:	10
Table value at index 1:	10
Table value at index 1:	10
Table value at index 1:	10
Table value at index 1:	10
Table value at index 1:	10
Table value at index 1:	10
Table value at index 1:	10
Table value at index 1:	10
Table value at index 1:	10
Table value at index 1:	10
Table value at index 1:	10
Table value at index 1:	10
Table value at index 1:	10
Table value at index 1:	10
Table value at index 1:	10
Table value at index 1:	10
Table value at index 1:	10
Table value at index 1:	10
Table value at index 1:	10
Table value at index 1:	10
Table value at index 1:	10
Table value at index 1:	10
Table value at index 1:	10
Table value at index 1:	10
Table value at index 1:	10
Table value at index 1:	10
Table value at index 1:	10
Table value at index 1:	10
Table value at index 1:	10
Table value at index 1:	10
Table value at index 1:	10
Table value at index 1:	10
Table value at index 1:	10
Table value at index 1:	10
Table value at index 1:	10
Table value at index 1:	10
Table value at index 1:	10
Table value at index 1:	10
Table value at index 1:	10
Table value at index 1:	10
Table value at index 1:	10
Table value at index 1:	10
Table value at index 1:	10
Table value at index 1:	10
Table value at index 1:	10
Table value at index 1:	10
Table value at index 1:	10
Table value at index 1:	10
Table value at index 1:	10
Table value at index 1:	10
Table value at index 1:	10
Table value at index 1:	10
Table value at index 1:	10
Table value at index 1:	10
Table value at index 1:	10
Table value at index 1:	10
Table value at index 1:	10
Table value at index 1:	10
Table value at index 1:	10
Table value at index 1:	10
Table value at index 1:	10
Table value at index 1:	10
Table value at index 1:	10
Table value at index 1:	10
Table value at index 1:	10
Table value at index 1:	10
Table value at index 1:	10
Table value at index 1:	10
Table value at index 1:	10
Table value at index 1:	10
Table value at index 1:	10
Table value at index 1:	10
Table value at index 1:	10
Table value at index 1:	10
Table value at index 1:	10
Table value at index 1:	10
Table value at index 1:	10
Table value at index 1:	10
Table value at index 1:	10
Table value at index 1:	10
Table value at index 1:	10
Table value at index 1:	10
Table value at index 1:	10
Table value at index 1:	10
Table value at index 1:	10
Table value at index 1:	10
Table value at index 1:	10
Table value at index 1:	10
Table value at index 1:	10
Table value at index 1:	10
Table value at index 1:	10
Table value at index 1:	10
Table value at index 1:	10
Table value at index 1:	10
Table value at index 1:	10
Table value at index 1:	10
Table value at index 1:	10
Table value at index 1:	10
Table value at index 1:	10
Table value at index 1:	10
Table value at index 1:	10
Table value at index 1:	10
Table value at index 1:	10
Table value at index 1:	10
Table value at index 1:	10
Table value at index 1:	10
Table value at index 1:	10
Table value at index 1:	10
Table value at index 1:	10
Table value at index 1:	10
Table value at index 1:	10
Table value at index 1:	10
Table value at index 1:	10
Table value at index 1:	10
Table value at index 1:	10
Table value at index 1:	10
Table value at index 1:	10
Table value at index 1:	10
Table value at index 1:	10
Table value at index 1:	10
Table value at index 1:	10
Table value at index 1:	10
Table value at index 1:	10
Table value at index 1:	10
Table value at index 1:	10
Table value at index 1:	10
Table value at index 1:	10
Table value at index 1:	10
Table value at index 1:	10
Table value at index 1:	10
Table value at index 1:	10
Table value at index 1:	10
Table value at index 1:	10
Table value at index 1:	10
Table value at index 1:	10
Table value at index 1:	10
Table value at index 1:	10
Table value at index 1:	10
Table value at index 1:	10
Table value at index 1:	10
Table value at index 1:	10
Table value at index 1:	10
Table value at index 1:	10
Table value at index 1:	10
Table value at index 1:	10
Table value at index 1:	10
Table value at index 1:	10
Table value at index 1:	10
Table value at index 1:	10
Table value at index 1:	10
Table value at index 1:	10
Table value at index 1:	10
Table value at index 1:	10
Table value at index 1:	10
Table value at index 1:	10
Table value at index 1:	10
Table value at index 1:	10
Table value at index 1:	10
Table value at index 1:	10
Table value at index 1:	10
Table value at index 1:	10
Table value at index 1:	10
Table value at index 1:	10
Table value at index 1:	10
Table value at index 1:	10
Table value at index 1:	10
Table value at index 1:	10
Table value at index 1:	10
Table value at index 1:	10
Table value at index 1:	10
Table value at index 1:	10
Table value at index 1:	10
Table value at index 1:	10
Table value at index 1:	10
Table value at index 1:	10
Table value at index 1:	10
Table value at index 1:	10
Table value at index 1:	10
Table value at index 1:	10
Table value at index 1:	10
Table value at index 1:	10
Table value at index 1:	10
Table value at index 1:	10
Table value at index 1:	10
Table value at index 1:	10
Table value at index 1:	10
Table value at index 1:	10
Table value at index 1:	10
Table value at index 1:	10
Table value at index 1:	10
Table value at index 1:	10
Table value at index 1:	10
Table value at index 1:	10
Table value at index 1:	10
Table value at index 1:	10
Table value at index 1:	10
Table value at index 1:	10
Table value at index 1:	10
Table value at index 1:	10
Table value at index 1:	10
Table value at index 1:	10
Table value at index 1:	10
Table value at index 1:	10
Table value at index 1:	10
Table value at index 1:	10
Table value at index 1:	10
Table value at index 1:	10
Table value at index 1:	10
Table value at index 1:	10
Table value at index 1:	10
Table value at index 1:	10
Table value at index 1:	10
Table value at index 1:	10
Table value at index 1:	10
Table value at index 1:	10
Table value at index 1:	10
Table value at index 1:	10
Table value at index 1:	10
Table value at index 1:	10
Table value at index 1:	10
Table value at index 1:	10
Table value at index 1:	10
Table value at index 1:	10
Table value at index 1:	10
Table value at index 1:	10
Table value at index 1:	10
Table value at index 1:	10
Table value at index 1:	10
Table value at index 1:	10
Table value at index 1:	10
Table value at index 1:	10
Table value at index 1:	10
Table value at index 1:	10
Table value at index 1:	10
Table value at index 1:	10
Table value at index 1:	10
Table value at index 1:	10
Table value at index 1:	10
Table value at index 1:	10
Table value at index 1:	10
Table value at index 1:	10
Table value at index 1:	10
Table value at index 1:	10
Table value at index 1:	10
Table value at index 1:	10
Table value at index 1:	10
Table value at index 1:	10
Table value at index 1:	10
Table value at index 1:	10
Table value at index 1:	10
Table value at index 1:	10
Table value at index 1:	10
Table value at index 1:	10
Table value at index 1:	10
Table value at index 1:	10
Table value at index 1:	10
Table value at index 1:	10
Table value at index 1:	10
Table value at index 1:	10
Table value at index 1:	10
Table value at index 1:	10
Table value at index 1:	10
Table value at index 1:	10
Table value at index 1:	10
Table value at index 1:	10
Table value at index 1:	10
Table value at index 1:	10
Table value at index 1:	10
Table value at index 1:	10
Table value at index 1:	10
Table value at index 1:	10
Table value at index 1:	10
Table value at index 1:	10
Table value at index 1:	10
Table value at index 1:	10
Table value at index 1:	10
Table value at index 1:	10
Table value at index 1:	10
Table value at index 1:	10
Table value at index 1:	10
Table value at index 1:	10
Table value at index 1:	10
Table value at index 1:	10
Table value at index 1:	10
Table value at index 1:	10
Table value at index 1:	10
Table value at index 1:	10
Table value at index 1:	10
Table value at index 1:	10
Table value at index 1:	10
Table value at index 1:	10
Table value at index 1:	10
Table value at index 1:	10
Table value at index 1:	10
Table value at index 1:	10
Table value at index 1:	10
Table value at index 1:	10
Table value at index 1:	10
Table value at index 1:	10
Table value at index 1:	10
Table value at index 1:	10
Table value at index 1:	10
Table value at index 1:	10
Table value at index 1:	10
Table value at index 1:	10
Table value at index 1:	10
Table value at index 1:	10
Table value at index 1:	10
Table value at index 1:	10
Table value at index 1:	10
Table value at index 1:	10
Table value at index 1:	10
Table value at index 1:	10
Table value at index 1:	10
Table value at index 1:	10
Table value at index 1:	10
Table value at index 1:	10
Table value at index 1:	10
Table value at index 1:	10
Table value at index 1:	10
Table value at index 1:	10
Table value at index 1:	10
Table value at index 1:	10
Table value at index 1:	10
Table value at index 1:	10
Table value at index 1:	10
Table value at index 1:	10
Table value at index 1:	10
Table value at index 1:	10
Table value at index 1:	10
Table value at index 1:	10
Table value at index 1:	10
Table value at index 1:	10
Table value at index 1:	10
Table value at index 1:	10
Table value at index 1:	10
Table value at index 1:	10
Table value at index 1:	10
Table value at index 1:	10
Table value at index 1:	10
Table value at index 1:	10
Table value at index 1:	10
Table value at index 1:	10
Table value at index 1:	10
Table value at index 1:	10
Table value at index 1:	10
Table value at index 1:	10
Table value at index 1:	10
Table value at index 1:	10
Table value at index 1:	10
Table value at index 1:	10
Table value at index 1:	10
Table value at index 1:	10
Table value at index 1:	10
Table value at index 1:	10
Table value at index 1:	10
Table value at index 1:	10
Table value at index 1:	10
Table value at index 1:	10
Table value at index 1:	10
Table value at index 1:	10
Table value at index 1:	10
Table value at index 1:	10
Table value at index 1:	10
Table value at index 1:	10
Table value at index 1:	10
Table value at index 1:	10
Table value at index 1:	10
Table value at index 1:	10
Table value at index 1:	10
Table value at index 1:	10
Table value at index 1:	10
Table value at index 1:	10
Table value at index 1:	10
Table value at index 1:	10
Table value at index 1:	10
Table value at index 1:	10
Table value at index 1:	10
Table value at index 1:	10
Table value at index 1:	10
Table value at index 1:	10
Table value at index 1:	10
Table value at index 1:	10
Table value at index 1:	10
Table value at index 1:	10
Table value at index 1:	10
Table value at index 1:	10
Table value at index 1:	10
Table value at index 1:	10
Table value at index 1:	10
Table value at index 1:	10
Table value at index 1:	10
Table value at index 1:	10
Table value at index 1:	10
Table value at index 1:	10
Table value at index 1:	10
Table value at index 1:	10
Table value at index 1:	10
Table value at index 1:	10
Table value at index 1:	10
Table value at index 1:	10
Table value at index 1:	10
Table value at index 1:	10
Table value at index 1:	10
Table value at index 1:	10
Table value at index 1:	10
Table value at index 1:	10
Table value at index 1:	10
Table value at index 1:	10
Table value at index 1:	10
Table value at index 1:	10
Table value at index 1:	10
Table value at index 1:	10
Table value at index 1:	10
Table value at index 1:	10
Table value at index 1:	10
Table value at index 1:	10
Table value at index 1:	10
Table value at index 1:	10
Table value at index 1:	10
Table value at index 1:	10
Table value at index 1:	10
Table value at index 1:	10
Table value at index 1:	10
Table value at index 1:	10
Table value at index 1:	10
Table value at index 1:	10
Table value at index 1:	10
Table value at index 1:	10
Table value at index 1:	10
Table value at index 1:	10
Table value at index 1:	10
Table value at index 1:	10
Table value at index 1:	10
Table value at index 1:	10
Table value at index 1:	10
Table value at index 1:	10
Table value at index 1:	10
Table value at index 1:	10
Table value at index 1:	10
Table value at index 1:	10
Table value at index 1:	10
Table value at index 1:	10
Table value at index 1:	10
Table value at index 1:	10
Table value at index 1:	10
Table value at index 1:	10
Table value at index 1:	10
Table value at index 1:	10
Table value at index 1:	10
Table value at index 1:	10
Table value at index 1:	10
Table value at index 1:	10
Table value at index 1:	10
Table value at index 1:	10
Table value at index 1:	10
Table value at index 1:	10
Table value at index 1:	10
Table value at index 1:	10
Table value at index 1:	10
Table value at index 1:	10
Table value at index 1:	10
Table value at index 1:	10
Table value at index 1:	10
Table value at index 1:	10
Table value at index 1:	10
Table value at index 1:	10
Table value at index 1:	10
Table value at index 1:	10
Table value at index 1:	10
Table value at index 1:	10
Table value at index 1:	10
Table value at index 1:	10
Table value at index 1:	10
Table value at index 1:	10
Table value at index 1:	10
Table value at index 1:	10
Table value at index 1:	10
Table value at index 1:	10
Table value at index 1:	10
Table value at index 1:	10
Table value at index 1:	10
Table value at index 1:	10
Table value at index 1:	10
Table value at index 1:	10
Table value at index 1:	10
Table value at index 1:	10
Table value at index 1:	10
Table value at index 1:	10
Table value at index 1:	10
Table value at index 1:	10
Table value at index 1:	10
Table value at index 1:	10
Table value at index 1:	10
Table value at index 1:	10
Table value at index 1:	10
Table value at index 1:	10
Table value at index 1:	10
Table value at index 1:	10
Table value at index 1:	10
Table value at index 1:	10
Table value at index 1:	10
Table value at index 1:	10
Table value at index 1:	10
Table value at index 1:	10
Table value at index 1:	10
Table value at index 1:	10
Table value at index 1:	10
Table value at index 1:	10
Table value at index 1:	10
Table value at index 1:	10
Table value at index 1:	10
Table value at index 1:	10
Table value at index 1:	10
Table value at index 1:	10
Table value at index 1:	10
Table value at index 1:	10
Table value at index 1:	10
Table value at index 1:	10
Table value at index 1:	10
Table value at index 1:	10
Table value at index 1:	10
Table value at index 1:	10
Table value at index 1:	10
Table value at index 1:	10
Table value at index 1:	10
Table value at index 1:	10
Table value at index 1:	10
Table value at index 1:	10
Table value at index 1:	10
Table value at index 1:	10
Table value at index 1:	10
Table value at index 1:	10
Table value at index 1:	10
Table value at index 1:	10
Table value at index 1:	10
Table value at index 1:	10
Table value at index 1:	10
Table value at index 1:	10
Table value at index 1:	10
Table value at index 1:	10
Table value at index 1:	10
Table value at index 1:	10
Table value at index 1:	10
Table value at index 1:	10
Table value at index 1:	10
Table value at index 1:	10
Table value at index 1:	10
Table value at index 1:	10
Table value at index 1:	10
Table value at index 1:	10
Table value at index 1:	10
Table value at index 1:	10
Table value at index 1:	10
Table value at index 1:	10
Table value at index 1:	10
Table value at index 1:	10
Table value at index 1:	10
Table value at index 1:	10
Table value at index 1:	10
Table value at index 1:	10
Table value at index 1:	10
Table value at index 1:	10
Table value at index 1:	10
Table value at index 1:	10
Table value at index 1:	10
Table value at index 1:	10
Table value at index 1:	10
Table value at index 1:	10
Table value at index 1:	10
Table value at index 1:	10
Table value at index 1:	10
Table value at index 1:	10
Table value at index 1:	10
Table value at index 1:	10
Table value at index 1:	10
Table value at index 1:	10
Table value at index 1:	10
Table value at index 1:	10
Table value at index 1:	10
Table value at index 1:	10
Table value at index 1:	10
Table value at index 1:	10
Table value at index 1:	10
Table value at index 1:	10
Table value at index 1:	10
Table value at index 1:	10
Table value at index 1:	10
Table value at index 1:	10
Table value at index 1:	10
Table value at index 1:	10
Table value at index 1:	10
Table value at index 1:	10
Table value at index 1:	10
Table value at index 1:	10
Table value at index 1:	10
Table value at index 1:	10
Table value at index 1:	10
Table value at index 1:	10
Table value at index 1:	10
Table value at index 1:	10
Table value at index 1:	10
Table value at index 1:	10
Table value at index 1:	10
Table value at index 1:	10
Table value at index 1:	10
Table value at index 1:	10
Table value at index 1:	10
Table value at index 1:	10
Table value at index 1:	10
Table value at index 1:	10
Table value at index 1:	10
Table value at index 1:	10
Table value at index 1:	10
Table value at index 1:	10
Table value at index 1:	10
Table value at index 1:	10
Table value at index 1:	10
Table value at index 1:	10
Table value at index 1:	10
Table value at index 1:	10
Table value at index 1:	10
Table value at index 1:	10
Table value at index 1:	10
Table value at index 1:	10
Table value at index 1:	10
Table value at index 1:	10
Table value at index 1:	10
Table value at index 1:	10
Table value at index 1:	10
Table value at index 1:	10
Table value at index 1:	10
Table value at index 1:	10
Table value at index 1:	10
Table value at index 1:	10
Table value at index 1:	10
Table value at index 1:	10
Table value at index 1:	10
Table value at index 1:	10
Table value at index 1:	10
Table value at index 1:	10
Table value at index 1:	10
Table value at index 1:	10
Table value at index 1:	10
Table value at index 1:	10
Table value at index 1:	10
Table value at index 1:	10
Table value at index 1:	10
Table value at index 1:	10
Table value at index 1:	10
Table value at index 1:	10
Table value at index 1:	10
Table value at index 1:	10
Table value at index 1:	10
Table value at index 1:	10
Table value at index 1:	10
Table value at index 1:	10
Table value at index 1:	10
Table value at index 1:	10
Table value at index 1:	10
Table value at index 1:	10
Table value at index 1:	10
Table value at index 1:	10
Table value at index 1:	10
Table value at index 1:	10
Table value at index 1:	10
Table value at index 1:	10
Table value at index 1:	10
Table value at index 1:	10
Table value at index 1:	10
Table value at index 1:	10
Table value at index 1:	10
Table value at index 1:	10
Table value at index 1:	10
Table value at index 1:	10
Table value at index 1:	10
Table value at index 1:	10
Table value at index 1:	10
Table value at index 1:	10
Table value at index 1:	10
Table value at index 1:	10
Table value at index 1:	10
Table value at index 1:	10
Table value at index 1:	10
Table value at index 1:	10
Table value at index 1:	10
Table value at index 1:	10
Table value at index 1:	10
Table value at index 1:	10
Table value at index 1:	10
Table value at index 1:	10
Table value at index 1:	10
Table value at index 1:	10
Table value at index 1:	10
Table value at index 1:	10
Table value at index 1:	10
Table value at index 1:	10
Table value at index 1:	10
Table value at index 1:	10
Table value at index 1:	10
Table value at index 1:	10
Table value at index 1:	10
Table value at index 1:	10
Table value at index 1:	10
Table value at index 1:	10
Table value at index 1:	10
Table value at index 1:	10
Table value at index 1:	10
Table value at index 1:	10
Table value at index 1:	10
Table value at index 1:	10
Table value at index 1:	10
Table value at index 1:	10
Table value at index 1:	10
Table value at index 1:	10
Table value at index 1:	10
Table value at index 1:	10
Table value at index 1:	10
Table value at index 1:	10
Table value at index 1:	10
Table value at index 1:	10
Table value at index 1:	10
Table value at index 1:	10
Table value at index 1:	10
Table value at index 1:	10
Table value at index 1:	10
Table value at index 1:	10
Table value at index 1:	10
Table value at index 1:	10
Table value at index 1:	10
Table value at index 1:	10
Table value at index 1:	10
Table value at index 1:	10
Table value at index 1:	10
Table value at index 1:	10
Table value at index 1:	10
Table value at index 1:	10
Table value at index 1:	10
Table value at index 1:	10
Table value at index 1:	10
Table value at index 1:	10
Table value at index 1:	10
Table value at index 1:	10
Table value at index 1:	10
Table value at index 1:	10
Table value at index 1:	10
Table value at index 1:	10
Table value at index 1:	10
Table value at index 1:	10
Table value at index 1:	10
Table value at index 1:	10
Table value at index 1:	10
Table value at index 1:	10
Table value at index 1:	10
Table value at index 1:	10
Table value at index 1:	10
Table value at index 1:	10
Table value at index 1:	10
Table value at index 1:	10
Table value at index 1:	10
Table value at index 1:	10
Table value at index 1:	10
Table value at index 1:	10
Table value at index 1:	10
Table value at index 1:	10
Table value at index 1:	10
Table value at index 1:	10
Table value at index 1:	10
Table value at index 1:	10
Table value at index 1:	10
Table value at index 1:	10
Table value at index 1:	10
Table value at index 1:	10
Table value at index 1:	10
Table value at index 1:	10
Table value at index 1:	10
Table value at index 1:	10
Table value at index 1:	10
Table value at index 1:	10
Table value at index 1:	10
Table value at index 1:	10
Table value at index 1:	10
Table value at index 1:	10
Table value at index 1:	10
Table value at index 1:	10
Table value at index 1:	10
Table value at index 1:	10
Table value at index 1:	10
Table value at index 1:	10
Table value at index 1:	10
Table value at index 1:	10
Table value at index 1:	10
Table value at index 1:	10
Table value at index 1:	10
Table value at index 1:	10
Table value at index 1:	10
Table value at index 1:	10
Table value at index 1:	10
Table value at index 1:	10
Table value at index 1:	10
Table value at index 1:	10
Table value at index 1:	10
Table value at index 1:	10
Table value at index 1:	10
Table value at index 1:	10
Table value at index 1:	10
Table value at index 1:	10
Table value at index 1:	10
Table value at index 1:	10
Table value at index 1:	10
Table value at index 1:	10
Table value at index 1:	10
Table value at index 1:	10
Table value at index 1:	10
Table value at index 1:	10
Table value at index 1:	10
Table value at index 1:	10
Table value at index 1:	10
Table value at index 1:	10
Table value at index 1:	10
Table value at index 1:	10
Table value at index 1:	10
Table value at index 1:	10
Table value at index 1:	10
Table value at index 1:	10
Table value at index 1:	10
Table value at index 1:	10
Table value at index 1:	10
Table value at index 1:	10
Table value at index 1:	10
Table value at index 1:	10
Table value at index 1:	10
Table value at index 1:	10
Table value at index 1:	10
Table value at index 1:	10
Table value at index 1:	10
Table value at index 1:	10
Table value at index 1:	10
Table value at index 1:	10
Table value at index 1:	10
Table value at index 1:	10
Table value at index 1:	10
Table value at index 1:	10
Table value at index 1:	10
Table value at index 1:	10
Table value at index 1:	10
Table value at index 1:	10
Table value at index 1:	10
Table value at index 1:	10
Table value at index 1:	10
Table value at index 1:	10
Table value at index 1:	10
Table value at index 1:	10
Table value at index 1:	10
Table value at index 1:	10
Table value at index 1:	10
Table value at index 1:	10
Table value at index 1:	10
Table value at index 1:	10
Table value at index 1:	10
Table value at index 1:	10
Table value at index 1:	10
Table value at index 1:	10
Table value at index 1:	10
Table value at index 1:	10
Table value at index 1:	10
Table value at index 1:	10
Table value at index 1:	10
Table value at index 1:	10
Table value at index 1:	10
Table value at index 1:	10
Table value at index 1:	10
Table value at index 1:	10
Table value at index 1:	10
Table value at index 1:	10
Table value at index 1:	10
Table value at index 1:	10
Table value at index 1:	10
Table value at index 1:	10
Table value at index 1:	10
Table value at index 1:	10
Table value at index 1:	10
Table value at index 1:	10
Table value at index 1:	10
Table value at index 1:	10
Table value at index 1:	10
Table value at index 1:	10
Table value at index 1:	10
Table value at index 1:	10
Table value at index 1:	10
Table value at index 1:	10
Table value at index 1:	10
Table value at index 1:	10
Table value at index 1:	10
Table value at index 1:	10
Table value at index 1:	10
Table value at index 1:	10
Table value at index 1:	10
Table value at index 1:	10
Table value at index 1:	10
Table value at index 1:	10
Table value at index 1:	10
Table value at index 1:	10
Table value at index 1:	10
Table value at index 1:	10
Table value at index 1:	10
Table value at index 1:	10
Table value at index 1:	10
Table value at index 1:	10
Table value at index 1:	10
Table value at index 1:	10
Table value at index 1:	10
Table value at index 1:	10
Table value at index 1:	10
Table value at index 1:	10
Table value at index 1:	10
Table value at index 1:	10
Table value at index 1:	10
Table value at index 1:	10
Table value at index 1:	10
Table value at index 1:	10
Table value at index 1:	10
Table value at index 1:	10
Table value at index 1:	10
Table value at index 1:	10
Table value at index 1:	10
Table value at index 1:	10
Table value at index 1:	10
Table value at index 1:	10
Table value at index 1:	10
Table value at index 1:	10
Table value at index 1:	10
Table value at index 1:	10
Table value at index 1:	10
Table value at index 1:	10
Table value at index 1:	10
Table value at index 1:	10
Table value at index 1:	10
Table value at index 1:	10
Table value at index 1:	10
Table value at index 1:	10
Table value at index 1:	10
Table value at index 1:	10
Table value at index 1:	10
Table value at index 1:	10
Table value at index 1:	10
Table value at index 1:	10
Table value at index 1:	10
Table value at index 1:	10
Table value at index 1:	10
Table value at index 1:	10
Table value at index 1:	10
Table value at index 1:	10
Table value at index 1:	10
Table value at index 1:	10
Table value at index 1:	10
Table value at index 1:	10
Table value at index 1:	10
Table value at index 1:	10
Table value at index 1:	10
Table value at index 1:	10
Table value at index 1:	10
Table value at index 1:	10
Table value at index 1:	10
Table value at index 1:	10
Table value at index 1:	10
Table value at index 1:	10
Table value at index 1:	10
Table value at index 1:	10
Table value at index 1:	10
Table value at index 1:	10
Table value at index 1:	10
Table value at index 1:	10
Table value at index 1:	10
Table value at index 1:	10
Table value at index 1:	10
Table value at index 1:	10
Table value at index 1:	10
Table value at index 1:	10
Table value at index 1:	10
Table value at index 1:	10
Table value at index 1:	10
Table value at index 1:	10
Table value at index 1:	10
Table value at index 1:	10
Table value at index 1:	10
Table value at index 1:	10
Table value at index 1:	10
Table value at index 1:	10
Table value at index 1:	10
Table value at index 1:	10
Table value at index 1:	10
Table value at index 1:	10
Table value at index 1:	10
Table value at index 1:	10
Table value at index 1:	10
Table value at index 1:	10
Table value at index 1:	10
Table value at index 1:	10
Table value at index 1:	10
Table value at index 1:	10
Table value at index 1:	10
Table value at index 1:	10
Table value at index 1:	10
Table value at index 1:	10
Table value at index 1:	10
Table value at index 1:	10
Table value at index 1:	10
Table value at index 1:	10
Table value at index 1:	10
Table value at index 1:	10
Table value at index 1:	10
Table value at index 1:	10
Table value at index 1:	10
Table value at index 1:	10
Table value at index 1:	10
Table value at index 1:	10
Table value at index 1:	10
Table value at index 1:	10
Table value at index 1:	10
Table value at index 1:	10
Table value at index 1:	10
Table value at index 1:	10
Table value at index 1:	10
Table value at index 1:	10
Table value at index 1:	10
Table value at index 1:	10
Table value at index 1:	10
Table value at index 1:	10
Table value at index 1:	10
Table value at index 1:	10
Table value at index 1:	10
Table value at index 1:	10
Table value at index 1:	10
Table value at index 1:	10
Table value at index 1:	10
Table value at index 1:	10
Table value at index 1:	10
Table value at index 1:	10
Table value at index 1:	10
Table value at index 1:	10
Table value at index 1:	10
Table value at index 1:	10
Table value at index 1:	10
Table value at index 1:	10
Table value at index 1:	10
Table value at index 1:	10
Table value at index 1:	10
Table value at index 1:	10
Table value at index 1:	10
Table value at index 1:	10
Table value at index 1:	10
Table value at index 1:	10
Table value at index 1:	10
Table value at index 1:	10
Table value at index 1:	10
Table value at index 1:	10
Table value at index 1:	10
Table value at index 1:	10
Table value at index 1:	10
Table value at index 1:	10
Table value at index 1:	10
Table value at index 1:	10
Table value at index 1:	10
Table value at index 1:	10
Table value at index 1:	10
Table value at index 1:	10
Table value at index 1:	10
Table value at index 1:	10
Table value at index 1:	10
Table value at index 1:	10
Table value at index 1:	10
Table value at index 1:	10
Table value at index 1:	10
Table value at index 1:	10
Table value at index 1:	10
Table value at index 1:	10
Table value at index 1:	10
Table value at index 1:	10
Table value at index 1:	10
Table value at index 1:	10
Table value at index 1:	10
Table value at index 1:	10
Table value at index 1:	10
Table value at index 1:	10
Table value at index 1:	10
Table value at index 1:	10
Table value at index 1:	10
Table value at index 1:	10
Table value at index 1:	10
Table value at index 1:	10
Table value at index 1:	10
Table value at index 1:	10
Table value at index 1:	10
Table value at index 1:	10
Table value at index 1:	10
Table value at index 1:	10
Table value at index 1:	10
Table value at index 1:	10
Table value at index 1:	10
Table value at index 1:	10
Table value at index 1:	10
Table value at index 1:	10
Table value at index 1:	10
Table value at index 1:	10
Table value at index 1:	10
Table value at index 1:	10
Table value at index 1:	10
Table value at index 1:	10
Table value at index 1:	10
Table value at index 1:	10
Table value at index 1:	10
Table value at index 1:	10
Table value at index 1:	10
Table value at index 1:	10
Table value at index 1:	10
Table value at index 1:	10
Table value at index 1:	10
Table value at index 1:	10
Table value at index 1:	10
Table value at index 1:	10
Table value at index 1:	10
Table value at index 1:	10
Table value at index 1:	10
Table value at index 1:	10
Table value at index 1:	10
Table value at index 1:	10
Table value at index 1:	10
Table value at index 1:	10
Table value at index 1:	10
Table value at index 1:	10
Table value at index 1:	10
Table value at index 1:	10
Table value at index 1:	10
Table value at index 1:	10
Table value at index 1:	10
Table value at index 1:	10
Table value at index 1:	10
Table value at index 1:	10
Table value at index 1:	10
Table value at index 1:	10
Table value at index 1:	10
Table value at index 1:	10
Table value at index 1:	10
Table value at index 1:	10
Table value at index 1:	10
Table value at index 1:	10
Table value at index 1:	10
Table value at index 1:	10
Table value at index 1:	10
Table value at index 1:	10
Table value at index 1:	10
Table value at index 1:	10
Table value at index 1:	10
Table value at index 1:	10
Table value at index 1:	10
Table value at index 1:	10
Table value at index 1:	10
Table value at index 1:	10
Table value at index 1:	10
Table value at index 1:	10
Table value at index 1:	10
Table value at index 1:	10
Table value at index 1:	10
Table value at index 1:	10
Table value at index 1:	10
Table value at index 1:	10
Table value at index 1:	10
Table value at index 1:	10
Table value at index 1:	10
Table value at index 1:	10
Table value at index 1:	10
Table value at index 1:	10
Table value at index 1:	10
Table value at index 1:	10
Table value at index 1:	10
Table value at index 1:	10
Table value at index 1:	10
Table value at index 1:	10
Table value at index 1:	10
Table value at index 1:	10
Table value at index 1:	10
Table value at index 1:	10
Table value at index 1:	10
Table value at index 1:	10
Table value at index 1:	10
Table value at index 1:	10
Table value at index 1:	10
Table value at index 1:	10
Table value at index 1:	10
Table value at index 1:	10
Table value at index 1:	10
Table value at index 1:	10
Table value at index 1:	10
Table value at index 1:	10
Table value at index 1:	10
Table value at index 1:	10
Table value at index 1:	10
Table value at index 1:	10
Table value at index 1:	10
Table value at index 1:	10
Table value at index 1:	10
Table value at index 1:	10
Table value at index 1:	10
Table value at index 1:	10
Table value at index 1:	10
Table value at index 1:	10
Table value at index 1:	10
Table value at index 1:	10
Table value at index 1:	10
Table value at index 1:	10
Table value at index 1:	10
Table value at index 1:	10
Table value at index 1:	10
Table value at index 1:	10
Table value at index 1:	10
Table value at index 1:	10
Table value at index 1:	10
Table value at index 1:	10
Table value at index 1:	10
Table value at index 1:	10
Table value at index 1:	10
Table value at index 1:	10
Table value at index 1:	10
Table value at index 1:	10
Table value at index 1:	10
Table value at index 1:	10
Table value at index 1:	10
Table value at index 1:	10
Table value at index 1:	10
Table value at index 1:	10
Table value at index 1:	10
Table value at index 1:	10
Table value at index 1:	10
Table value at index 1:	10
Table value at index 1:	10
Table value at index 1:	10
Table value at index 1:	10
Table value at index 1:	10
Table value at index 1:	10
Table value at index 1:	10
Table value at index 1:	10
Table value at index 1:	10
Table value at index 1:	10
Table value at index 1:	10
Table value at index 1:	10
Table value at index 1:	10
Table value at index 1:	10
Table value at index 1:	10
Table value at index 1:	10
Table value at index 1:	10
Table value at index 1:	10
Table value at index 1:	10
Table value at index 1:	10
Table value at index 1:	10
Table value at index 1:	10
Table value at index 1:	10
Table value at index 1:	10
Table value at index 1:	10
Table value at index 1:	10
Table value at index 1:	10
Table value at index 1:	10
Table value at index 1:	10
Table value at index 1:	10
Table value at index 1:	10
Table value at index 1:	10
Table value at index 1:	10
Table value at index 1:	10
Table value at index 1:	10
Table value at index 1:	10
Table value at index 1:	10
Table value at index 1:	10
Table value at index 1:	10
Table value at index 1:	10
Table value at index 1:	10
Table value at index 1:	10
Table value at index 1:	10
Table value at index 1:	10
Table value at index 1:	10
Table value at index 1:	10
Table value at index 1:	10
Table value at index 1:	10
Table value at index 1:	10
Table value at index 1:	10
Table value at index 1:	10
Table value at index 1:	10
Table value at index 1:	10
Table value at index 1:	10
Table value at index 1:	10
Table value at index 1:	10
Table value at index 1:	10
Table value at index 1:	10
Table value at index 1:	10
Table value at index 1:	10
Table value at index 1:	10
Table value at index 1:	10
Table value at index 1:	10
Table value at index 1:	10
Table value at index 1:	10
Table value at index 1:	10
Table value at index 1:	10
Table value at index 1:	10
Table value at index 1:	10
Table value at index 1:	10
Table value at index 1:	10
Table value at index 1:	10
Table value at index 1:	10
Table value at index 1:	10
Table value at index 1:	10
Table value at index 1:	10
Table value at index 1:	10
Table value at index 1:	10
Table value at index 1:	10
Table value at index 1:	10
Table value at index 1:	10
Table value at index 1:	10
Table value at index 1:	10
Table value at index 1:	10
Table value at index 1:	10
Table value at index 1:	10
Table value at index 1:	10
Table value at index 1:	10
Table value at index 1:	10
Table value at index 1:	10
Table value at index 1:	10
Table value at index 1:	10
Table value at index 1:	10
Table value at index 1:	10
Table value at index 1:	10
Table value at index 1:	10
Table value at index 1:	10
Table value at index 1:	10
Table value at index 1:	10
Table value at index 1:	10
Table value at index 1:	10
Table value at index 1:	10
Table value at index 1:	10
Table value at index 1:	10
Table value at index 1:	10
Table value at index 1:	10
Table value at index 1:	10
Table value at index 1:	10
Table value at index 1:	10
Table value at index 1:	10
Table value at index 1:	10
Table value at index 1:	10
Table value at index 1:	10
Table value at index 1:	10
Table value at index 1:	10
Table value at index 1:	10
Table value at index 1:	10
Table value at index 1:	10
Table value at index 1:	10
Table value at index 1:	10
Table value at index 1:	10
Table value at index 1:	10
Table value at index 1:	10
Table value at index 1:	10
Table value at index 1:	10
Table value at index 1:	10
Table value at index 1:	10
Table value at index 1:	10
Table value at index 1:	10
Table value at index 1:	10
Table value at index 1:	10
Table value at index 1:	10
Table value at index 1:	10
Table value at index 1:	10
Table value at index 1:	10
Table value at index 1:	10
Table value at index 1:	10
Table value at index 1:	10
Table value at index 1:	10
Table value at index 1:	10
Table value at index 1:	10
Table value at index 1:	10
Table value at index 1:	10
Table value at index 1:	10
Table value at index 1:	10
Table value at index 1:	10
Table value at index 1:	10
Table value at index 1:	10
Table value at index 1:	10
Table value at index 1:	10
Table value at index 1:	10
Table value at index 1:	10
Table value at index 1:	10
Table value at index 1:	10
Table value at index 1:	10
Table value at index 1:	10
Table value at index 1:	10
Table value at index 1:	10
Table value at index 1:	10
Table value at index 1:	10
Table value at index 1:	10
Table value at index 1:	10
Table value at index 1:	10
Table value at index 1:	10
Table value at index 1:	10
Table value at index 1:	10
Table value at index 1:	10
Table value at index 1:	10
Table value at index 1:	10
Table value at index 1:	10
Table value at index 1:	10
Table value at index 1:	10
Table value at index 1:	10
Table value at index 1:	10
Table value at index 1:	10
Table value at index 1:	10
Table value at index 1:	10
Table value at index 1:	10
Table value at index 1:	10
Table value at index 1:	10
Table value at index 1:	10
Table value at index 1:	10
Table value at index 1:	10
Table value at index 1:	10
Table value at index 1:	10
Table value at index 1:	10
Table value at index 1:	10
Table value at index 1:	10
Table value at index 1:	10
Table value at index 1:	10
Table value at index 1:	10
Table value at index 1:	10
Table value at index 1:	10
Table value at index 1:	10
Table value at index 1:	10
Table value at index 1:	10
Table value at index 1:	10
Table value at index 1:	10
Table value at index 1:	10
Table value at index 1:	10
Table value at index 1:	10
Table value at index 1:	10
Table value at index 1:	10
Table value at index 1:	10
Table value at index 1:	10
Table value at index 1:	10
Table value at index 1:	10
Table value at index 1:	10
Table value at index 1:	10
Table value at index 1:	10
Table value at index 1:	10
Table value at index 1:	10
Table value at index 1:	10
Table value at index 1:	10
Table value at index 1:	10
Table value at index 1:	10
Table value at index 1:	10
Table value at index 1:	10
Table value at index 1:	10
Table value at index 1:	10
Table value at index 1:	10
Table value at index 1:	10
Table value at index 1:	10
Table value at index 1:	10
Table value at index 1:	10
Table value at index 1:	10
Table value at index 1:	10
Table value at index 1:	10
Table value at index 1:	10
Table value at index 1:	10
Table value at index 1:	10
Table value at index 1:	10
Table value at index 1:	10
Table value at index 1:	10
Table value at index 1:	10
Table value at index 1:	10
Table value at index 1:	10
Table value at index 1:	10
Table value at index 1:	10
Table value at index 1:	10
Table value at index 1:	10
Table value at index 1:	10
Table value at index 1:	10
Table value at index 1:	10
Table value at index 1:	10
Table value at index 1:	10
Table value at index 1:	10
Table value at index 1:	10
Table value at index 1:	10
Table value at index 1:	10
Table value at index 1:	10
Table value at index 1:	10
Table value at index 1:	10
Table value at index 1:	10
Table value at index 1:	10
Table value at index 1:	10
Table value at index 1:	10
Table value at index 1:	10
Table value at index 1:	10
Table value at index 1:	10
Table value at index 1:	10
Table value at index 1:	10
Table value at index 1:	10
Table value at index 1:	10
Table value at index 1:	10
Table value at index 1:	10
Table value at index 1:	10
Table value at index 1:	10
Table value at index 1:	10
Table value at index 1:	10
Table value at index 1:	10
Table value at index 1:	10
Table value at index 1:	10
Table value at index 1:	10
Table value at index 1:	10
Table value at index 1:	10
Table value at index 1:	10
Table value at index 1:	10
Table value at index 1:	10
Table value at index 1:	10
Table value at index 1:	10
Table value at index 1:	10
Table value at index 1:	10
Table value at index 1:	10
Table value at index 1:	10
Table value at index 1:	10
Table value at index 1:	10
Table value at index 1:	10
Table value at index 1:	10
Table value at index 1:	10
Table value at index 1:	10
Table value at index 1:	10
Table value at index 1:	10
Table value at index 1:	10
Table value at index 1:	10
Table value at index 1:	10
Table value at index 1:	10
Table value at index 1:	10
Table value at index 1:	10
Table value at index 1:	10
Table value at index 1:	10
Table value at index 1:	10
Table value at index 1:	10
Table value at index 1:	10
Table value at index 1:	10
Table value at index 1:	10
Table value at index 1:	10
Table value at index 1:	10
Table value at index 1:	10
Table value at index 1:	10
Table value at index 1:	10
Table value at index 1:	10
Table value at index 1:	10
Table value at index 1:	10
Table value at index 1:	10
Table value at index 1:	10
Table value at index 1:	10
Table value at index 1:	10
Table value at index 1:	10
Table value at index 1:	10
Table value at index 1:	10
Table value at index 1:	10
Table value at index 1:	10
Table value at index 1:	10
Table value at index 1:	10
Table value at index 1:	10
Table value at index 1:	10
Table value at index 1:	10
Table value at index 1:	10
Table value at index 1:	10
Table value at index 1:	10
Table value at index 1:	10
Table value at index 1:	10
Table value at index 1:	10
Table value at index 1:	10
Table value at index 1:	10
Table value at index 1:	10
Table value at index 1:	10
Table value at index 1:	10
Table value at index 1:	10
Table value at index 1:	10
Table value at index 1:	10
Table value at index 1:	10
Table value at index 1:	10
Table value at index 1:	10
Table value at index 1:	10
Table value at index 1:	10
Table value at index 1:	10
Table value at index 1:	10
Table value at index 1:	10
Table value at index 1:	10
Table value at index 1:	10
Table value at index 1:	10
Table value at index 1:	10
Table value at index 1:	10
Table value at index 1:	10
Table value at index 1:	10
Table value at index 1:	10
Table value at index 1:	10
Table value at index 1:	10
Table value at index 1:	10
Table value at index 1:	10
Table value at index 1:	10
Table value at index 1:	10
Table value at index 1:	10
Table value at index 1:	10
Table value at index 1:	10
Table value at index 1:	10
Table value at index 1:	10
Table value at index 1:	10
Table value at index 1:	10
Table value at index 1:	10
Table value at index 1:	10
Table value at index 1:	10
Table value at index 1:	10
Table value at index 1:	10
Table value at index 1:	10
Table value at index 1:	10
Table value at index 1:	10
Table value at index 1:	10
Table value at index 1:	10
Table value at index 1:	10
Table value at index 1:	10
Table value at index 1:	10
Table value at index 1:	10
Table value at index 1:	10
Table value at index 1:	10
Table value at index 1:	10
Table value at index 1:	10
Table value at index 1:	10
Table value at index 1:	10
Table value at index 1:	10
Table value at index 1:	10
Table value at index 1:	10
Table value at index 1:	10
Table value at index 1:	10
Table value at index 1:	10
Table value at index 1:	10
Table value at index 1:	10
Table value at index 1:	10
Table value at index 1:	10
Table value at index 1:	10
Table value at index 1:	10
Table value at index 1:	10
Table value at index 1:	10
Table value at index 1:	10
Table value at index 1:	10
Table value at index 1:	10
Table value at index 1:	10
Table value at index 1:	10
Table value at index 1:	10
Table value at index 1:	10
Table value at index 1:	10
Table value at index 1:	10
Table value at index 1:	10
Table value at index 1:	10
Table value at index 1:	10
Table value at index 1:	10
Table value at index 1:	10
Table value at index 1:	10
Table value at index 1:	10
Table value at index 1:	10
Table value at index 1:	10
Table value at index 1:	10
Table value at index 1:	10
Table value at index 1:	10
Table value at index 1:	10
Table value at index 1:	10
Table value at index 1:	10
Table value at index 1:	10
Table value at index 1:	10
Table value at index 1:	10
Table value at index 1:	10
Table value at index 1:	10
Table value at index 1:	10
Table value at index 1:	10
Table value at index 1:	10
Table value at index 1:	10
Table value at index 1:	10
Table value at index 1:	10
Table value at index 1:	10
Table value at index 1:	10
Table value at index 1:	10
Table value at index 1:	10
Table value at index 1:	10
Table value at index 1:	10
Table value at index 1:	10
Table value at index 1:	10
Table value at index 1:	10
Table value at index 1:	10
Table value at index 1:	10
Table value at index 1:	10
Table value at index 1:	10
Table value at index 1:	10
Table value at index 1:	10
Table value at index 1:	10
Table value at index 1:	10
Table value at index 1:	10
Table value at index 1:	10
Table value at index 1:	10
Table value at index 1:	10
Table value at index 1:	10
Table value at index 1:	10
Table value at index 1:	10
Table value at index 1:	10
Table value at index 1:	10
Table value at index 1:	10
Table value at index 1:	10
Table value at index 1:	10
Table value at index 1:	10
Table value at index 1:	10
Table value at index 1:	10
Table value at index 1:	10
Table value at index 1:	10
Table value at index 1:	10
Table value at index 1:	10
Table value at index 1:	10
Table value at index 1:	10
Table value at index 1:	10
Table value at index 1:	10
Table value at index 1:	10
Table value at index 1:	10
Table value at index 1:	10
Table value at index 1:	10
Table value at index 1:	10
Table value at index 1:	10
Table value at index 1:	10
Table value at index 1:	10
Table value at index 1:	10
Table value at index 1:	10
Table value at index 1:	10
Table value at index 1:	10
Table value at index 1:	10
Table value at index 1:	10
Table value at index 1:	10
Table value at index 1:	10
Table value at index 1:	10
Table value at index 1:	10
Table value at index 1:	10
Table value at index 1:	10
Table value at index 1:	10
Table value at index 1:	10
Table value at index 1:	10
Table value at index 1:	10
Table value at index 1:	10
Table value at index 1:	10
Table value at index 1:	10
Table value at index 1:	10
Table value at index 1:	10
Table value at index 1:	10
Table value at index 1:	10
Table value at index 1:	10
Table value at index 1:	10
Table value at index 1:	10
Table value at index 1:	10
Table value at index 1:	10
Table value at index 1:	10
Table value at index 1:	10
Table value at index 1:	10
Table value at index 1:	10
Table value at index 1:	10
Table value at index 1:	10
Table value at index 1:	10
Table value at index 1:	10
Table value at index 1:	10
Table value at index 1:	10
Table value at index 1:	10
Table value at index 1:	10
Table value at index 1:	10
Table value at index 1:	10
Table value at index 1:	10
Table value at index 1:	10
Table value at index 1:	10
Table value at index 1:	10
Table value at index 1:	10
Table value at index 1:	10
Table value at index 1:	10
Table value at index 1:	10
Table value at index 1:	10
Table value at index 1:	10
Table value at index 1:	10
Table value at index 1:	10
Table value at index 1:	10
Table value at index 1:	10
Table value at index 1:	10
Table value at index 1:	10
Table value at index 1:	10
Table value at index 1:	10
Table value at index 1:	10
Table value at index 1:	10
Table value at index 1:	10
Table value at index 1:	10
Table value at index 1:	10
Table value at index 1:	10
Table value at index 1:	10
Table value at index 1:	10
Table value at index 1:	10
Table value at index 1:	10
Table value at index 1:	10
Table value at index 1:	10
Table value at index 1:	10
Table value at index 1:	10
Table value at index 1:	10
Table value at index 1:	10
Table value at index 1:	10
Table value at index 1:	10
Table value at index 1:	10
Table value at index 1:	10
Table value at index 1:	10
Table value at index 1:	10
Table value at index 1:	10
Table value at index 1:	10
Table value at index 1:	10
Table value at index 1:	10
Table value at index 1:	10
Table value at index 1:	10
Table value at index 1:	10
Table value at index 1:	10
Table value at index 1:	10
Table value at index 1:	10
Table value at index 1:	10
Table value at index 1:	10
Table value at index 1:	10
Table value at index 1:	10
Table value at index 1:	10
Table value at index 1:	10
Table value at index 1:	10
Table value at index 1:	10
Table value at index 1:	10
Table value at index 1:	10
Table value at index 1:	10
Table value at index 1:	10
Table value at index 1:	10
Table value at index 1:	10
Table value at index 1:	10
Table value at index 1:	10
Table value at index 1:	10
Table value at index 1:	10
Table value at index 1:	10
Table value at index 1:	10
Table value at index 1:	10
Table value at index 1:	10
Table value at index 1:	10
Table value at index 1:	10
Table value at index 1:	10
Table value at index 1:	10
Table value at index 1:	10
Table value at index 1:	10
Table value at index 1:	10
Table value at index 1:	10
Table value at index 1:	10
Table value at index 1:	10
Table value at index 1:	10
Table value at index 1:	10
Table value at index 1:	10
Table value at index 1:	10
Table value at index 1:	10
Table value at index 1:	10
Table value at index 1:	10
Table value at index 1:	10
Table value at index 1:	10
Table value at index 1:	10
Table value at index 1:	10
Table value at index 1:	10
Table value at index 1:	10
Table value at index 1:	10
Table value at index 1:	10
Table value at index 1:	10
Table value at index 1:	10
Table value at index 1:	10
Table value at index 1:	10
Table value at index 1:	10
Table value at index 1:	10
Table value at index 1:	10
Table value at index 1:	10
Table value at index 1:	10
Table value at index 1:	10
Table value at index 1:	10
Table value at index 1:	10
Table value at index 1:	10
Table value at index 1:	10
Table value at index 1:	10
Table value at index 1:	10
Table value at index 1:	10
Table value at index 1:	10
Table value at index 1:	10
Table value at index 1:	10
Table value at index 1:	10
Table value at index 1:	10
Table value at index 1:	10
Table value at index 1:	10
Table value at index 1:	10
Table value at index 1:	10
Table value at index 1:	10
Table value at index 1:	10
Table value at index 1:	10
Table value at index 1:	10
Table value at index 1:	10
Table value at index 1:	10
Table value at index 1:	10
Table value at index 1:	10
Table value at index 1:	10
Table value at index 1:	10
Table value at index 1:	10
Table value at index 1:	10
Table value at index 1:	10
Table value at index 1:	10
Table value at index 1:	10
Table value at index 1:	10
Table value at index 1:	10
Table value at index 1:	10
Table value at index 1:	10
Table value at index 1:	10
Table value at index 1:	10
Table value at index 1:	10
Table value at index 1:	10
Table value at index 1:	10
Table value at index 1:	10
Table value at index 1:	10
Table value at index 1:	10
Table value at index 1:	10
Table value at index 1:	10
Table value at index 1:	10
Table value at index 1:	10
Table value at index 1:	10
Table value at index 1:	10
Table value at index 1:	10
Table value at index 1:	10
Table value at index 1:	10
Table value at index 1:	10
Table value at index 1:	10
Table value at index 1:	10
Table value at index 1:	10
Table value at index 1:	10
Table value at index 1:	10
Table value at index 1:	10
Table value at index 1:	10
Table value at index 1:	10
Table value at index 1:	10
Table value at index 1:	10
Table value at index 1:	10
Table value at index 1:	10
Table value at index 1:	10
Table value at index 1:	10
Table value at index 1:	10
Table value at index 1:	10
Table value at index 1:	10
Table value at index 1:	10
Table value at index 1:	10
Table value at index 1:	10
Table value at index 1:	10
Table value at index 1:	10
Table value at index 1:	10
Table value at index 1:	10
Table value at index 1:	10
Table value at index 1:	10
Table value at index 1:	10
Table value at index 1:	10
Table value at index 1:	10
Table value at index 1:	10
Table value at index 1:	10
Table value at index 1:	10
Table value at index 1:	10
Table value at index 1:	10
Table value at index 1:	10
Table value at index 1:	10
Table value at index 1:	10
Table value at index 1:	10
Table value at index 1:	10
Table value at index 1:	10
Table value at index 1:	10
Table value at index 1:	10
Table value at index 1:	10
Table value at index 1:	10
Table value at index 1:	10
Table value at index 1:	10
Table value at index 1:	10
Table value at index 1:	10
Table value at index 1:	10
Table value at index 1:	10
Table value at index 1:	10
Table value at index 1:	10
Table value at index 1:	10
Table value at index 1:	10
Table value at index 1:	10
Table value at index 1:	10
Table value at index 1:	10
Table value at index 1:	10
Table value at index 1:	10
Table value at index 1:	10
Table value at index 1:	10
Table value at index 1:	10
Table value at index 1:	10
Table value at index 1:	10
Table value at index 1:	10
Table value at index 1:	10
Table value at index 1:	10
Table value at index 1:	10
Table value at index 1:	10
Table value at index 1:	10
Table value at index 1:	10
Table value at index 1:	10
Table value at index 1:	10
Table value at index 1:	10
Table value at index 1:	10
Table value at index 1:	10
Table value at index 1:	10
Table value at index 1:	10
Table value at index 1:	10
Table value at index 1:	10
Table value at index 1:	10
Table value at index 1:	10
Table value at index 1:	10
Table value at index 1:	10
Table value at index 1:	10
Table value at index 1:	10
Table value at index 1:	10
Table value at index 1:	10
Table value at index 1:	10
Table value at index 1:	10
Table value at index 1:	10
Table value at index 1:	10
Table value at index 1:	10
Table value at index 1:	10
Table value at index 1:	10
Table value at index 1:	10
Table value at index 1:	10
Table value at index 1:	10
Table value at index 1:	10
Table value at index 1:	10
Table value at index 1:	10
Table value at index 1:	10
Table value at index 1:	10
Table value at index 1:	10
Table value at index 1:	10
Table value at index 1:	10
Table value at index 1:	10
Table value at index 1:	10
Table value at index 1:	10
Table value at index 1:	10
Table value at index 1:	10
Table value at index 1:	10
Table value at index 1:	10
Table value at index 1:	10
Table value at index 1:	10
Table value at index 1:	10
Table value at index 1:	10
Table value at index 1:	10
Table value at index 1:	10
Table value at index 1:	10
Table value at index 1:	10
Table value at index 1:	10
Table value at index 1:	10
Table value at index 1:	10
Table value at index 1:	10
Table value at index 1:	10
Table value at index 1:	10
Table value at index 1:	10
Table value at index 1:	10
Table value at index 1:	10
Table value at index 1:	10
Table value at index 1:	10
Table value at index 1:	10
Table value at index 1:	10
Table value at index 1:	10
Table value at index 1:	10
Table value at index 1:	10
Table value at index 1:	10
Table value at index 1:	10
Table value at index 1:	10
Table value at index 1:	10
Table value at index 1:	10
Table value at index 1:	10
Table value at index 1:	10
Table value at index 1:	10
Table value at index 1:	10
Table value at index 1:	10
Table value at index 1:	10
Table value at index 1:	10
Table value at index 1:	10
Table value at index 1:	10
Table value at index 1:	10
Table value at index 1:	10
Table value at index 1:	10
Table value at index 1:	10
Table value at index 1:	10
Table value at index 1:	10
Table value at index 1:	10
Table value at index 1:	10
Table value at index 1:	10
Table value at index 1:	10
Table value at index 1:	10
Table value at index 1:	10
Table value at index 1:	10
Table value at index 1:	10
Table value at index 1:	10
Table value at index 1:	10
Table value at index 1:	10
Table value at index 1:	10
Table value at index 1:	10
Table value at index 1:	10
Table value at index 1:	10
Table value at index 1:	10
Table value at index 1:	10
Table value at index 1:	10
Table value at index 1:	10
Table value at index 1:	10
Table value at index 1:	10
Table value at index 1:	10
Table value at index 1:	10
Table value at index 1:	10
Table value at index 1:	10
Table value at index 1:	10
Table value at index 1:	10
Table value at index 1:	10
Table value at index 1:	10
Table value at index 1:	10
Table value at index 1:	10
Table value at index 1:	10
Table value at index 1:	10
Table value at index 1:	10
Table value at index 1:	10
Table value at index 1:	10
Table value at index 1:	10
Table value at index 1:	10
Table value at index 1:	10
Table value at index 1:	10
Table value at index 1:	10
Table value at index 1:	10
Table value at index 1:	10
Table value at index 1:	10
Table value at index 1:	10
Table value at index 1:	10
Table value at index 1:	10
Table value at index 1:	10
Table value at index 1:	10
Table value at index 1:	10
Table value at index 1:	10
Table value at index 1:	10
Table value at index 1:	10
Table value at index 1:	10
Table value at index 1:	10
Table value at index 1:	10
Table value at index 1:	10
Table value at index 1:	10
Table value at index 1:	10
Table value at index 1:	10
Table value at index 1:	10
Table value at index 1:	10
Table value at index 1:	10
Table value at index 1:	10
Table value at index 1:	10
Table value at index 1:	10
Table value at index 1:	10
Table value at index 1:	10
Table value at index 1:	10
Table value at index 1:	10
Table value at index 1:	10
Table value at index 1:	10
Table value at index 1:	10
Table value at index 1:	10
Table value at index 1:	10
Table value at index 1:	10
Table value at index 1:	10
Table value at index 1:	10
Table value at index 1:	10
Table value at index 1:	10
Table value at index 1:	10
Table value at index 1:	10
Table value at index 1:	10
Table value at index 1:	10
Table value at index 1:	10
Table value at index 1:	10
Table value at index 1:	10
Table value at index 1:	10
Table value at index 1:	10
Table value at index 1:	10
Table value at index 1:	10
Table value at index 1:	10
Table value at index 1:	10
Table value at index 1:	10
Table value at index 1:	10
Table value at index 1:	10
Table value at index 1:	10
Table value at index 1:	10
Table value at index 1:	10
Table value at index 1:	10
Table value at index 1:	10
Table value at index 1:	10
Table value at index 1:	10
Table value at index 1:	10
Table value at index 1:	10
Table value at index 1:	10
Table value at index 1:	10
Table value at index 1:	10
Table value at index 1:	10
Table value at index 1:	10
Table value at index 1:	10
Table value at index 1:	10
Table value at index 1:	10
Table value at index 1:	10
Table value at index 1:	10
Table value at index 1:	10
Table value at index 1:	10
Table value at index 1:	10
Table value at index 1:	10
Table value at index 1:	10
Table value at index 1:	10
Table value at index 1:	10
Table value at index 1:	10
Table value at index 1:	10
Table value at index 1:	10
Table value at index 1:	10
Table value at index 1:	10
Table value at index 1:	10
Table value at index 1:	10
Table value at index 1:	10
Table value at index 1:	10
Table value at index 1:	10
Table value at index 1:	10
Table value at index 1:	10
Table value at index 1:	10
Table value at index 1:	10
Table value at index 1:	10
Table value at index 1:	10
Table value at index 1:	10
Table value at index 1:	10
Table value at index 1:	10
Table value at index 1:	10
Table value at index 1:	10
Table value at index 1:	10
Table value at index 1:	10
Table value at index 1:	10
Table value at index 1:	10
Table value at index 1:	10
Table value at index 1:	10
Table value at index 1:	10
Table value at index 1:	10
Table value at index 1:	10
Table value at index 1:	10
Table value at index 1:	10
Table value at index 1:	10
Table value at index 1:	10
Table value at index 1:	10
Table value at index 1:	10
Table value at index 1:	10
Table value at index 1:	10
Table value at index 1:	10
Table value at index 1:	10
Table value at index 1:	10
Table value at index 1:	10
Table value at index 1:	10
Table value at index 1:	10
Table value at index 1:	10
Table value at index 1:	10
Table value at index 1:	10
Table value at index 1:	10
Table value at index 1:	10
Table value at index 1:	10
Table value at index 1:	10
Table value at index 1:	10
Table value at index 1:	10
Table value at index 1:	10
Table value at index 1:	10
Table value at index 1:	10
Table value at index 1:	10
Table value at index 1:	10
Table value at index 1:	10
Table value at index 1:	10
Table value at index 1:	10
Table value at index 1:	10
Table value at index 1:	10
Table value at index 1:	10
Table value at index 1:	10
Table value at index 1:	10
Table value at index 1:	10
Table value at index 1:	10
Table value at index 1:	10
Table value at index 1:	10
Table value at index 1:	10
Table value at index 1:	10
Table value at index 1:	10
Table value at index 1:	10
Table value at index 1:	10
Table value at index 1:	10
Table value at index 1:	10
Table value at index 1:	10
Table value at index 1:	10
Table value at index 1:	10
Table value at index 1:	10
Table value at index 1:	10
Table value at index 1:	10
Table value at index 1:	10
Table value at index 1:	10
Table value at index 1:	10
Table value at index 1:	10
Table value at index 1:	10
Table value at index 1:	10
Table value at index 1:	10
Table value at index 1:	10
Table value at index 1:	10
Table value at index 1:	10
Table value at index 1:	10
Table value at index 1:	10
Table value at index 1:	10
Table value at index 1:	10
Table value at index 1:	10
Table value at index 1:	10
Table value at index 1:	10
Table value at index 1:	10
Table value at index 1:	10
Table value at index 1:	10
Table value at index 1:	10
Table value at index 1:	10
Table value at index 1:	10
Table value at index 1:	10
Table value at index 1:	10
Table value at index 1:	10
Table value at index 1:	10
Table value at index 1:	10
Table value at index 1:	10
Table value at index 1:	10
Table value at index 1:	10
Table value at index 1:	10
Table value at index 1:	10
Table value at index 1:	10
Table value at index 1:	10
Table value at index 1:	10
Table value at index 1:	10
Table value at index 1:	10
Table value at index 1:	10
Table value at index 1:	10
Table value at index 1:	10
Table value at index 1:	10
Table value at index 1:	10
Table value at index 1:	10
Table value at index 1:	10
Table value at index 1:	10
Table value at index 1:	10
Table value at index 1:	10
Table value at index 1:	10
Table value at index 1:	10
Table value at index 1:	10
Table value at index 1:	10
Table value at index 1:	10
Table value at index 1:	10
Table value at index 1:	10
Table value at index 1:	10
Table value at index 1:	10
Table value at index 1:	10
Table value at index 1:	10
Table value at index 1:	10
Table value at index 1:	10
Table value at index 1:	10
Table value at index 1:	10
Table value at index 1:	10
Table value at index 1:	10
Table value at index 1:	10
Table value at index 1:	10
Table value at index 1:	10
Table value at index 1:	10
Table value at index 1:	10
Table value at index 1:	10
Table value at index 1:	10
Table value at index 1:	10
Table value at index 1:	10
Table value at index 1:	10
Table value at index 1:	10
Table value at index 1:	10
Table value at index 1:	10
Table value at index 1:	10
Table value at index 1:	10
Table value at index 1:	10
Table value at index 1:	10
Table value at index 1:	10
Table value at index 1:	10
Table value at index 1:	10
Table value at index 1:	10
Table value at index 1:	10
Table value at index 1:	10
Table value at index 1:	10
Table value at index 1:	10
Table value at index 1:	10
Table value at index 1:	10
Table value at index 1:	10
Table value at index 1:	10
Table value at index 1:	10
Table value at index 1:	10
Table value at index 1:	10
Table value at index 1:	10
Table value at index 1:	10
Table value at index 1:	10
Table value at index 1:	10
Table value at index 1:	10
Table value at index 1:	10
Table value at index 1:	10
Table value at index 1:	10
Table value at index 1:	10
Table value at index 1:	10
Table value at index 1:	10
Table value at index 1:	10
Table value at index 1:	10
Table value at index 1:	10
Table value at index 1:	10
Table value at index 1:	10
Table value at index 1:	10
Table value at index 1:	10
Table value at index 1:	10
Table value at index 1:	10
Table value at index 1:	10
Table value at index 1:	10
Table value at index 1:	10
Table value at index 1:	10
Table value at index 1:	10
Table value at index 1:	10
Table value at index 1:	10
Table value at index 1:	10
Table value at index 1:	10
Table value at index 1:	10
Table value at index 1:	10
Table value at index 1:	10
Table value at index 1:	10
Table value at index 1:	10
Table value at index 1:	10
Table value at index 1:	10
Table value at index 1:	10
Table value at index 1:	10
Table value at index 1:	10
Table value at index 1:	10
Table value at index 1:	10
Table value at index 1:	10
Table value at index 1:	10
Table value at index 1:	10
Table value at index 1:	10
Table value at index 1:	10
Table value at index 1:	10
Table value at index 1:	10
Table value at index 1:	10
Table value at index 1:	10
Table value at index 1:	10
Table value at index 1:	10
Table value at index 1:	10
Table value at index 1:	10
Table value at index 1:	10
Table value at index 1:	10
Table value at index 1:	10
Table value at index 1:	10
Table value at index 1:	10
Table value at index 1:	10
Table value at index 1:	10
Table value at index 1:	10
Table value at index 1:	10
Table value at index 1:	10
Table value at index 1:	10
Table value at index 1:	10
Table value at index 1:	10
Table value at index 1:	10
Table value at index 1:	10
Table value at index 1:	10
Table value at index 1:	10
Table value at index 1:	10
Table value at index 1:	10
Table value at index 1:	10
Table value at index 1:	10
Table value at index 1:	10
Table value at index 1:	10
Table value at index 1:	10
Table value at index 1:	10
Table value at index 1:	10
Table value at index 1:	10
Table value at index 1:	10
Table value at index 1:	10
Table value at index 1:	10
Table value at index 1:	10
Table value at index 1:	10
Table value at index 1:	10
Table value at index 1:	10
Table value at index 1:	10
Table value at index 1:	10
Table value at index 1:	10
Table value at index 1:	10
Table value at index 1:	10
Table value at index 1:	10
Table value at index 1:	10
Table value at index 1:	10
Table value at index 1:	10
Table value at index 1:	10
Table value at index 1:	10
Table value at index 1:	10
Table value at index 1:	10
Table value at index 1:	10
Table value at index 1:	10
Table value at index 1:	10
Table value at index 1:	10
Table value at index 1:	10
Table value at index 1:	10
Table value at index 1:	10
Table value at index 1:	10
Table value at index 1:	10
Table value at index 1:	10
Table value at index 1:	10
Table value at index 1:	10
Table value at index 1:	10
Table value at index 1:	10
Table value at index 1:	10
Table value at index 1:	10
Table value at index 1:	10
Table value at index 1:	10
Table value at index 1:	10
Table value at index 1:	10
Table value at index 1:	10
Table value at index 1:	10
Table value at index 1:	10
Table value at index 1:	10
Table value at index 1:	10
Table value at index 1:	10
Table value at index 1:	10
Table value at index 1:	10
Table value at index 1:	10
Table value at index 1:	10
Table value at index 1:	10
Table value at index 1:	10
Table value at index 1:	10
Table value at index 1:	10
Table value at index 1:	10
Table value at index 1:	10
Table value at index 1:	10
Table value at index 1:	10
Table value at index 1:	10
Table value at index 1:	10
Table value at index 1:	10
Table value at index 1:	10
Table value at index 1:	10
Table value at index 1:	10
Table value at index 1:	10
Table value at index 1:	10
Table value at index 1:	10
Table value at index 1:	10
Table value at index 1:	10
Table value at index 1:	10
Table value at index 1:	10
Table value at index 1:	10
Table value at index 1:	10
Table value at index 1:	10
Table value at index 1:	10
Table value at index 1:	10
Table value at index 1:	10
Table value at index 1:	10
Table value at index 1:	10
Table value at index 1:	10
Table value at index 1:	10
Table value at index 1:	10
Table value at index 1:	10
Table value at index 1:	10
Table value at index 1:	10
Table value at index 1:	10
Table value at index 1:	10
Table value at index 1:	10
Table value at index 1:	10
Table value at index 1:	10
Table value at index 1:	10
Table value at index 1:	10
Table value at index 1:	10
Table value at index 1:	10
Table value at index 1:	10
Table value at index 1:	10
Table value at index 1:	10
Table value at index 1:	10
Table value at index 1:	10
Table value at index 1:	10
Table value at index 1:	10
Table value at index 1:	10
Table value at index 1:	10
Table value at index 1:	10
Table value at index 1:	10
Table value at index 1:	10
Table value at index 1:	10
Table value at index 1:	10
Table value at index 1:	10
Table value at index 1:	10
Table value at index 1:	10
Table value at index 1:	10
Table value at index 1:	10
Table value at index 1:	10
Table value at index 1:	10
Table value at index 1:	10
Table value at index 1:	10
Table value at index 1:	10
Table value at index 1:	10
Table value at index 1:	10
Table value at index 1:	10
Table value at index 1:	10
Table value at index 1:	10
Table value at index 1:	10
Table value at index 1:	10
Table value at index 1:	10
Table value at index 1:	10
Table value at index 1:	10
Table value at index 1:	10
Table value at index 1:	10
Table value at index 1:	10
Table value at index 1:	10
Table value at index 1:	10
Table value at index 1:	10
Table value at index 1:	10
Table value at index 1:	10
Table value at index 1:	10
Table value at index 1:	10
Table value at index 1:	10
Table value at index 1:	10
Table value at index 1:	10
Table value at index 1:	10
Table value at index 1:	10
Table value at index 1:	10
Table value at index 1:	10
Table value at index 1:	10
Table value at index 1:	10
Table value at index 1:	10
Table value at index 1:	10
Table value at index 1:	10
Table value at index 1:	10
Table value at index 1:	10
Table value at index 1:	10
Table value at index 1:	10
Table value at index 1:	10
Table value at index 1:	10
Table value at index 1:	10
Table value at index 1:	10
Table value at index 1:	10
Table value at index 1:	10
Table value at index 1:	10
Table value at index 1:	10
Table value at index 1:	10
Table value at index 1:	10
Table value at index 1:	10
Table value at index 1:	10
Table value at index 1:	10
Table value at index 1:	10
Table value at index 1:	10
Table value at index 1:	10
Table value at index 1:	10
Table value at index 1:	10
Table value at index 1:	10
Table value at index 1:	10
Table value at index 1:	10
Table value at index 1:	10
Table value at index 1:	10
Table value at index 1:	10
Table value at index 1:	10
Table value at index 1:	10
Table value at index 1:	10
Table value at index 1:	10
Table value at index 1:	10
Table value at index 1:	10
Table value at index 1:	10
Table value at index 1:	10
Table value at index 1:	10
Table value at index 1:	10
Table value at index 1:	10
Table value at index 1:	10
Table value at index 1:	10
Table value at index 1:	10
Table value at index 1:	10
Table value at index 1:	10
Table value at index 1:	10
Table value at index 1:	10
Table value at index 1:	10
Table value at index 1:	10
Table value at index 1:	10
Table value at index 1:	10
Table value at index 1:	10
Table value at index 1:	10
Table value at index 1:	10
Table value at index 1:	10
Table value at index 1:	10
Table value at index 1:	10
Table value at index 1:	10
Table value at index 1:	10
Table value at index 1:	10
Table value at index 1:	10
Table value at index 1:	10
Table value at index 1:	10
Table value at index 1:	10
Table value at index 1:	10
Table value at index 1:	10
Table value at index 1:	10
Table value at index 1:	10
Table value at index 1:	10
Table value at index 1:	10
Table value at index 1:	10
Table value at index 1:	10
Table value at index 1:	10
Table value at index 1:	10
Table value at index 1:	10
Table value at index 1:	10
Table value at index 1:	10
Table value at index 1:	10
Table value at index 1:	10
Table value at index 1:	10
Table value at index 1:	10
Table value at index 1:	10
Table value at index 1:	10
Table value at index 1:	10
Table value at index 1:	10
Table value at index 1:	10
Table value at index 1:	10
Table value at index 1:	10
Table value at index 1:	10
Table value at index 1:	10
Table value at index 1:	10
Table value at index 1:	10
Table value at index 1:	10
Table value at index 1:	10
Table value at index 1:	10
Table value at index 1:	10
Table value at index 1:	10
Table value at index 1:	10
Table value at index 1:	10
Table value at index 1:	10
Table value at index 1:	10
Table value at index 1:	10
Table value at index 1:	10
Table value at index 1:	10
Table value at index 1:	10
Table value at index 1:	10
Table value at index 1:	10
Table value at index 1:	10
Table value at index 1:	10
Table value at index 1:	10
Table value at index 1:	10
Table value at index 1:	10
Table value at index 1:	10
Table value at index 1:	10
Table value at index 1:	10
Table value at index 1:	10
Table value at index 1:	10
Table value at index 1:	10
Table value at index 1:	10
Table value at index 1:	10
Table value at index 1:	10
Table value at index 1:	10
Table value at index 1:	10
Table value at index 1:	10
Table value at index 1:	10
Table value at index 1:	10
Table value at index 1:	10
Table value at index 1:	10
Table value at index 1:	10
Table value at index 1:	10
Table value at index 1:	10
Table value at index 1:	10
Table value at index 1:	10
Table value at index 1:	10
Table value at index 1:	10
Table value at index 1:	10
Table value at index 1:	10
Table value at index 1:	10
Table value at index 1:	10
Table value at index 1:	10
Table value at index 1:	10
Table value at index 1:	10
Table value at index 1:	10
Table value at index 1:	10
Table value at index 1:	10
Table value at index 1:	10
Table value at index 1:	10
Table value at index 1:	10
Table value at index 1:	10
Table value at index 1:	10
Table value at index 1:	10
Table value at index 1:	10
Table value at index 1:	10
Table value at index 1:	10
Table value at index 1:	10
Table value at index 1:	10
Table value at index 1:	10
Table value at index 1:	10
Table value at index 1:	10
Table value at index 1:	10
Table value at index 1:	10
Table value at index 1:	10
Table value at index 1:	10
Table value at index 1:	10
Table value at index 1:	10
Table value at index 1:	10
Table value at index 1:	10
Table value at index 1:	10
Table value at index 1:	10
Table value at index 1:	10
Table value at index 1:	10
Table value at index 1:	10
Table value at index 1:	10
Table value at index 1:	10
Table value at index 1:	10
Table value at index 1:	10
Table value at index 1:	10
Table value at index 1:	10
Table value at index 1:	10
Table value at index 1:	10
Table value at index 1:	10
Table value at index 1:	10
Table value at index 1:	10
Table value at index 1:	10
Table value at index 1:	10
Table value at index 1:	10
Table value at index 1:	10
Table value at index 1:	10
Table value at index 1:	10
Table value at index 1:	10
Table value at index 1:	10
Table value at index 1:	10
Table value at index 1:	10
Table value at index 1:	10
Table value at index 1:	10
Table value at index 1:	10
Table value at index 1:	10
Table value at index 1:	10
Table value at index 1:	10
Table value at index 1:	10
Table value at index 1:	10
Table value at index 1:	10
Table value at index 1:	10
Table value at index 1:	10
Table value at index 1:	10
Table value at index 1:	10
Table value at index 1:	10
Table value at index 1:	10
Table value at index 1:	10
Table value at index 1:	10
Table value at index 1:	10
Table value at index 1:	10
Table value at index 1:	10
Table value at index 1:	10
Table value at index 1:	10
Table value at index 1:	10
Table value at index 1:	10
Table value at index 1:	10
Table value at index 1:	10
Table value at index 1:	10
Table value at index 1:	10
Table value at index 1:	10
Table value at index 1:	10
Table value at index 1:	10
Table value at index 1:	10
Table value at index 1:	10
Table value at index 1:	10
Table value at index 1:	10
Table value at index 1:	10
Table value at index 1:	10
Table value at index 1:	10
Table value at index 1:	10
Table value at index 1:	10
Table value at index 1:	10
Table value at index 1:	10
Table value at index 1:	10
Table value at index 1:	10
Table value at index 1:	10
Table value at index 1:	10
Table value at index 1:	10
Table value at index 1:	10
Table value at index 1:	10
Table value at index 1:	10
Table value at index 1:	10
Table value at index 1:	10
Table value at index 1:	10
Table value at index 1:	10
Table value at index 1:	10
Table value at index 1:	10
Table value at index 1:	10
Table value at index 1:	10
Table value at index 1:	10
Table value at index 1:	10
Table value at index 1:	10
Table value at index 1:	10
Table value at index 1:	10
Table value at index 1:	10
Table value at index 1:	10
Table value at index 1:	10
Table value at index 1:	10
Table value at index 1:	10
Table value at index 1:	10
Table value at index 1:	10
Table value at index 1:	10
Table value at index 1:	10
Table value at index 1:	10
Table value at index 1:	10
Table value at index 1:	10
Table value at index 1:	10
Table value at index 1:	10
Table value at index 1:	10
Table value at index 1:	10
Table value at index 1:	10
Table value at index 1:	10
Table value at index 1:	10
Table value at index 1:	10
Table value at index 1:	10
Table value at index 1:	10
Table value at index 1:	10
Table value at index 1:	10
Table value at index 1:	10
Table value at index 1:	10
Table value at index 1:	10
Table value at index 1:	10
Table value at index 1:	10
Table value at index 1:	10
Table value at index 1:	10
Table value at index 1:	10
Table value at index 1:	10
Table value at index 1:	10
Table value at index 1:	10
Table value at index 1:	10
Table value at index 1:	10
Table value at index 1:	10
Table value at index 1:	10
Table value at index 1:	10
Table value at index 1:	10
Table value at index 1:	10
Table value at index 1:	10
Table value at index 1:	10
Table value at index 1:	10
Table value at index 1:	10
Table value at index 1:	10
Table value at index 1:	10
Table value at index 1:	10
Table value at index 1:	10
Table value at index 1:	10
Table value at index 1:	10
Table value at index 1:	10
Table value at index 1:	10
Table value at index 1:	10
Table value at index 1:	10
Table value at index 1:	10
Table value at index 1:	10
Table value at index 1:	10
Table value at index 1:	10
Table value at index 1:	10
Table value at index 1:	10
Table value at index 1:	10
Table value at index 1:	10
Table value at index 1:	10
Table value at index 1:	10
Table value at index 1:	10
Table value at index 1:	10
Table value at index 1:	10
Table value at index 1:	10
Table value at index 1:	10
Table value at index 1:	10
Table value at index 1:	10
Table value at index 1:	10
Table value at index 1:	10
Table value at index 1:	10
Table value at index 1:	10
Table value at index 1:	10
Table value at index 1:	10
Table value at index 1:	10
Table value at index 1:	10
Table value at index 1:	10
Table value at index 1:	10
Table value at index 1:	10
Table value at index 1:	10
Table value at index 1:	10
Table value at index 1:	10
Table value at index 1:	10
Table value at index 1:	10
Table value at index 1:	10
Table value at index 1:	10
Table value at index 1:	10
Table value at index 1:	10
Table value at index 1:	10
Table value at index 1:	10
Table value at index 1:	10
Table value at index 1:	10
Table value at index 1:	10
Table value at index 1:	10
Table value at index 1:	10
Table value at index 1:	10
Table value at index 1:	10
Table value at index 1:	10
Table value at index 1:	10
Table value at index 1:	10
Table value at index 1:	10
Table value at index 1:	10
Table value at index 1:	10
Table value at index 1:	10
Table value at index 1:	10
Table value at index 1:	10
Table value at index 1:	10
Table value at index 1:	10
Table value at index 1:	10
Table value at index 1:	10
Table value at index 1:	10
Table value at index 1:	10
Table value at index 1:	10
Table value at index 1:	10
Table value at index 1:	10
Table value at index 1:	10
Table value at index 1:	10
Table value at index 1:	10
Table value at index 1:	10
Table value at index 1:	10
Table value at index 1:	10
Table value at index 1:	10
Table value at index 1:	10
Table value at index 1:	10
Table value at index 1:	10
Table value at index 1:	10
Table value at index 1:	10
Table value at index 1:	10
Table value at index 1:	10
Table value at index 1:	10
Table value at index 1:	10
Table value at index 1:	10
Table value at index 1:	10
Table value at index 1:	10
Table value at index 1:	10
Table value at index 1:	10
Table value at index 1:	10
Table value at index 1:	10
Table value at index 1:	10
Table value at index 1:	10
Table value at index 1:	10
Table value at index 1:	10
Table value at index 1:	10
Table value at index 1:	10
Table value at index 1:	10
Table value at index 1:	10
Table value at index 1:	10
Table value at index 1:	10
Table value at index 1:	10
Table value at index 1:	10
Table value at index 1:	10
Table value at index 1:	10
Table value at index 1:	10
Table value at index 1:	10
Table value at index 1:	10
Table value at index 1:	10
Table value at index 1:	10
Table value at index 1:	10
Table value at index 1:	10
Table value at index 1:	10
Table value at index 1:	10
Table value at index 1:	10
Table value at index 1:	10
Table value at index 1:	10
Table value at index 1:	10
Table value at index 1:	10
Table value at index 1:	10
Table value at index 1:	10
Table value at index 1:	10
Table value at index 1:	10
Table value at index 1:	10
Table value at index 1:	10
Table value at index 1:	10
Table value at index 1:	10
Table value at index 1:	10
Table value at index 1:	10
Table value at index 1:	10
Table value at index 1:	10
Table value at index 1:	10
Table value at index 1:	10
Table value at index 1:	10
Table value at index 1:	10
Table value at index 1:	10
Table value at index 1:	10
Table value at index 1:	10
Table value at index 1:	10
Table value at index 1:	10
Table value at index 1:	10
Table value at index 1:	10
Table value at index 1:	10
Table value at index 1:	10
Table value at index 1:	10
Table value at index 1:	10
Table value at index 1:	10
Table value at index 1:	10
Table value at index 1:	10
Table value at index 1:	10
Table value at index 1:	10
Table value at index 1:	10
Table value at index 1:	10
Table value at index 1:	10
Table value at index 1:	10
Table value at index 1:	10
Table value at index 1:	10
Table value at index 1:	10
Table value at index 1:	10
Table value at index 1:	10
Table value at index 1:	10
Table value at index 1:	10
Table value at index 1:	10
Table value at index 1:	10
Table value at index 1:	10
Table value at index 1:	10
Table value at index 1:	10
Table value at index 1:	10
Table value at index 1:	10
Table value at index 1:	10
Table value at index 1:	10
Table value at index 1:	10
Table value at index 1:	10
Table value at index 1:	10
Table value at index 1:	10
Table value at index 1:	10
Table value at index 1:	10
Table value at index 1:	10
Table value at index 1:	10
Table value at index 1:	10
Table value at index 1:	10
Table value at index 1:	10
Table value at index 1:	10
Table value at index 1:	10
Table value at index 1:	10
Table value at index 1:	10
Table value at index 1:	10
Table value at index 1:	10
Table value at index 1:	10
Table value at index 1:	10
Table value at index 1:	10
Table value at index 1:	10
Table value at index 1:	10
Table value at index 1:	10
Table value at index 1:	10
Table value at index 1:	10
Table value at index 1:	10
Table value at index 1:	10
Table value at index 1:	10
Table value at index 1:	10
Table value at index 1:	10
Table value at index 1:	10
Table value at index 1:	10
Table value at index 1:	10
Table value at index 1:	10
Table value at index 1:	10
Table value at index 1:	10
Table value at index 1:	10
Table value at index 1:	10
Table value at index 1:	10
Table value at index 1:	10
Table value at index 1:	10
Table value at index 1:	10
Table value at index 1:	10
Table value at index 1:	10
Table value at index 1:	10
Table value at index 1:	10
Table value at index 1:	10
Table value at index 1:	10
Table value at index 1:	10
Table value at index 1:	10
Table value at index 1:	10
Table value at index 1:	10
Table value at index 1:	10
Table value at index 1:	10
Table value at index 1:	10
Table value at index 1:	10
Table value at index 1:	10
Table value at index 1:	10
Table value at index 1:	10
Table value at index 1:	10
Table value at index 1:	10
Table value at index 1:	10
Table value at index 1:	10
Table value at index 1:	10
Table value at index 1:	10
Table value at index 1:	10
Table value at index 1:	10
Table value at index 1:	10
Table value at index 1:	10
Table value at index 1:	10
Table value at index 1:	10
Table value at index 1:	10
Table value at index 1:	10
Table value at index 1:	10
Table value at index 1:	10
Table value at index 1:	10
Table value at index 1:	10
Table value at index 1:	10
Table value at index 1:	10
Table value at index 1:	10
Table value at index 1:	10
Table value at index 1:	10
Table value at index 1:	10
Table value at index 1:	10
Table value at index 1:	10
Table value at index 1:	10
Table value at index 1:	10
Table value at index 1:	10
Table value at index 1:	10
Table value at index 1:	10
Table value at index 1:	10
Table value at index 1:	10
Table value at index 1:	10
Table value at index 1:	10
Table value at index 1:	10
Table value at index 1:	10
Table value at index 1:	10
Table value at index 1:	10
Table value at index 1:	10
Table value at index 1:	10
Table value at index 1:	10
Table value at index 1:	10
Table value at index 1:	10
Table value at index 1:	10
Table value at index 1:	10
Table value at index 1:	10
Table value at index 1:	10
Table value at index 1:	10
Table value at index 1:	10
Table value at index 1:	10
Table value at index 1:	10
Table value at index 1:	10
Table value at index 1:	10
Table value at index 1:	10
Table value at index 1:	10
Table value at index 1:	10
Table value at index 1:	10
Table value at index 1:	10
Table value at index 1:	10
Table value at index 1:	10
Table value at index 1:	10
Table value at index 1:	10
Table value at index 1:	10
Table value at index 1:	10
Table value at index 1:	10
Table value at index 1:	10
Table value at index 1:	10
Table value at index 1:	10
Table value at index 1:	10
Table value at index 1:	10
Table value at index 1:	10
Table value at index 1:	10
Table value at index 1:	10
Table value at index 1:	10
Table value at index 1:	10
Table value at index 1:	10
Table value at index 1:	10
Table value at index 1:	10
Table value at index 1:	10
Table value at index 1:	10
Table value at index 1:	10
Table value at index 1:	10
Table value at index 1:	10
Table value at index 1:	10
Table value at index 1:	10
Table value at index 1:	10
Table value at index 1:	10
Table value at index 1:	10
Table value at index 1:	10
Table value at index 1:	10
Table value at index 1:	10
Table value at index 1:	10
Table value at index 1:	10
Table value at index 1:	10
Table value at index 1:	10
Table value at index 1:	10
Table value at index 1:	10
Table value at index 1:	10
Table value at index 1:	10
Table value at index 1:	10
Table value at index 1:	10
Table value at index 1:	10
Table value at index 1:	10
Table value at index 1:	10
Table value at index 1:	10
Table value at index 1:	10
Table value at index 1:	10
Table value at index 1:	10
Table value at index 1:	10
Table value at index 1:	10
Table value at index 1:	10
Table value at index 1:	10
Table value at index 1:	10
Table value at index 1:	10
Table value at index 1:	10
Table value at index 1:	10
Table value at index 1:	10
Table value at index 1:	10
Table value at index 1:	10
Table value at index 1:	10
Table value at index 1:	10
Table value at index 1:	10
Table value at index 1:	10
Table value at index 1:	10
Table value at index 1:	10
Table value at index 1:	10
Table value at index 1:	10
Table value at index 1:	10
Table value at index 1:	10
Table value at index 1:	10
Table value at index 1:	10
Table value at index 1:	10
Table value at index 1:	10
Table value at index 1:	10
Table value at index 1:	10
Table value at index 1:	10
Table value at index 1:	10
Table value at index 1:	10
Table value at index 1:	10
Table value at index 1:	10
Table value at index 1:	10
Table value at index 1:	10
Table value at index 1:	10
Table value at index 1:	10
Table value at index 1:	10
Table value at index 1:	10
Table value at index 1:	10
Table value at index 1:	10
Table value at index 1:	10
Table value at index 1:	10
Table value at index 1:	10
Table value at index 1:	10
Table value at index 1:	10
Table value at index 1:	10
Table value at index 1:	10
Table value at index 1:	10
Table value at index 1:	10
Table value at index 1:	10
Table value at index 1:	10
Table value at index 1:	10
Table value at index 1:	10
Table value at index 1:	10
Table value at index 1:	10
Table value at index 1:	10
Table value at index 1:	10
Table value at index 1:	10
Table value at index 1:	10
Table value at index 1:	10
Table value at index 1:	10
Table value at index 1:	10
Table value at index 1:	10
Table value at index 1:	10
Table value at index 1:	10
Table value at index 1:	10
Table value at index 1:	10
Table value at index 1:	10
Table value at index 1:	10
Table value at index 1:	10
Table value at index 1:	10
Table value at index 1:	10
Table value at index 1:	10
Table value at index 1:	10
Table value at index 1:	10
Table value at index 1:	10
Table value at index 1:	10
Table value at index 1:	10
Table value at index 1:	10
Table value at index 1:	10
Table value at index 1:	10
Table value at index 1:	10
Table value at index 1:	10
Table value at index 1:	10
Table value at index 1:	10
Table value at index 1:	10
Table value at index 1:	10
Table value at index 1:	10
Table value at index 1:	10
Table value at index 1:	10
Table value at index 1:	10
Table value at index 1:	10
Table value at index 1:	10
Table value at index 1:	10
Table value at index 1:	10
Table value at index 1:	10
Table value at index 1:	10
Table value at index 1:	10
Table value at index 1:	10
Table value at index 1:	10
Table value at index 1:	10
Table value at index 1:	10
Table value at index 1:	10
Table value at index 1:	10
Table value at index 1:	10
Table value at index 1:	10
Table value at index 1:	10
Table value at index 1:	10
Table value at index 1:	10
Table value at index 1:	10
Table value at index 1:	10
Table value at index 1:	10
Table value at index 1:	10
Table value at index 1:	10
Table value at index 1:	10
Table value at index 1:	10
Table value at index 1:	10
Table value at index 1:	10
Table value at index 1:	10
Table value at index 1:	10
Table value at index 1:	10
Table value at index 1:	10
Table value at index 1:	10
Table value at index 1:	10
Table value at index 1:	10
Table value at index 1:	10
Table value at index 1:	10
Table value at index 1:	10
Table value at index 1:	10
Table value at index 1:	10
Table value at index 1:	10
Table value at index 1:	10
Table value at index 1:	10
Table value at index 1:	10
Table value at index 1:	10
Table value at index 1:	10
Table value at index 1:	10
Table value at index 1:	10
Table value at index 1:	10
Table value at index 1:	10
Table value at index 1:	10
Table value at index 1:	10
Table value at index 1:	10
Table value at index 1:	10
Table value at index 1:	10
Table value at index 1:	10
Table value at index 1:	10
Table value at index 1:	10
Table value at index 1:	10
Table value at index 1:	10
Table value at index 1:	10
Table value at index 1:	10
Table value at index 1:	10
Table value at index 1:	10
Table value at index 1:	10
Table value at index 1:	10
Table value at index 1:	10
Table value at index 1:	10
Table value at index 1:	10
Table value at index 1:	10
Table value at index 1:	10
Table value at index 1:	10
Table value at index 1:	10
Table value at index 1:	10
Table value at index 1:	10
Table value at index 1:	10
Table value at index 1:	10
Table value at index 1:	10
Table value at index 1:	10
Table value at index 1:	10
Table value at index 1:	10
Table value at index 1:	10
Table value at index 1:	10
Table value at index 1:	10
Table value at index 1:	10
Table value at index 1:	10
Table value at index 1:	10
Table value at index 1:	10
Table value at index 1:	10
Table value at index 1:	10
Table value at index 1:	10
Table value at index 1:	10
Table value at index 1:	10
Table value at index 1:	10
Table value at index 1:	10
Table value at index 1:	10
Table value at index 1:	10
Table value at index 1:	10
Table value at index 1:	10
Table value at index 1:	10
Table value at index 1:	10
Table value at index 1:	10
Table value at index 1:	10
Table value at index 1:	10
Table value at index 1:	10
Table value at index 1:	10
Table value at index 1:	10
Table value at index 1:	10
Table value at index 1:	10
Table value at index 1:	10
Table value at index 1:	10
Table value at index 1:	10
Table value at index 1:	10
Table value at index 1:	10
Table value at index 1:	10
Table value at index 1:	10
Table value at index 1:	10
Table value at index 1:	10
Table value at index 1:	10
Table value at index 1:	10
Table value at index 1:	10
Table value at index 1:	10
Table value at index 1:	10
Table value at index 1:	10
Table value at index 1:	10
Table value at index 1:	10
Table value at index 1:	10
Table value at index 1:	10
Table value at index 1:	10
Table value at index 1:	10
Table value at index 1:	10
Table value at index 1:	10
Table value at index 1:	10
Table value at index 1:	10
Table value at index 1:	10
Table value at index 1:	10
Table value at index 1:	10
Table value at index 1:	10
Table value at index 1:	10
Table value at index 1:	10
Table value at index 1:	10
Table value at index 1:	10
Table value at index 1:	10
Table value at index 1:	10
Table value at index 1:	10
Table value at index 1:	10
Table value at index 1:	10
Table value at index 1:	10
Table value at index 1:	10
Table value at index 1:	10
Table value at index 1:	10
Table value at index 1:	10
Table value at index 1:	10
Table value at index 1:	10
Table value at index 1:	10
Table value at index 1:	10
Table value at index 1:	10
Table value at index 1:	10
Table value at index 1:	10
Table value at index 1:	10
Table value at index 1:	10
Table value at index 1:	10
Table value at index 1:	10
Table value at index 1:	10
Table value at index 1:	10
Table value at index 1:	10
Table value at index 1:	10
Table value at index 1:	10
Table value at index 1:	10
Table value at index 1:	10
Table value at index 1:	10
Table value at index 1:	10
Table value at index 1:	10
Table value at index 1:	10
Table value at index 1:	10
Table value at index 1:	10
Table value at index 1:	10
Table value at index 1:	10
Table value at index 1:	10
Table value at index 1:	10
Table value at index 1:	10
Table value at index 1:	10
Table value at index 1:	10
Table value at index 1:	10
Table value at index 1:	10
Table value at index 1:	10
Table value at index 1:	10
Table value at index 1:	10
Table value at index 1:	10
Table value at index 1:	10
Table value at index 1:	10
Table value at index 1:	10
Table value at index 1:	10
Table value at index 1:	10
Table value at index 1:	10
Table value at index 1:	10
Table value at index 1:	10
Table value at index 1:	10
Table value at index 1:	10
Table value at index 1:	10
Table value at index 1:	10
Table value at index 1:	10
Table value at index 1:	10
Table value at index 1:	10
Table value at index 1:	10
Table value at index 1:	10
Table value at index 1:	10
Table value at index 1:	10
Table value at index 1:	10
Table value at index 1:	10
Table value at index 1:	10
Table value at index 1:	10
Table value at index 1:	10
Table value at index 1:	10
Table value at index 1:	10
Table value at index 1:	10
Table value at index 1:	10
Table value at index 1:	10
Table value at index 1:	10
Table value at index 1:	10
Table value at index 1:	10
Table value at index 1:	10
Table value at index 1:	10
Table value at index 1:	10
Table value at index 1:	10
Table value at index 1:	10
Table value at index 1:	10
Table value at index 1:	10
Table value at index 1:	10
Table value at index 1:	10
Table value at index 1:	10
Table value at index 1:	10
Table value at index 1:	10
Table value at index 1:	10
Table value at index 1:	10
Table value at index 1:	10
Table value at index 1:	10
Table value at index 1:	10
Table value at index 1:	10
Table value at index 1:	10
Table value at index 1:	10
Table value at index 1:	10
Table value at index 1:	10
Table value at index 1:	10
Table value at index 1:	10
Table value at index 1:	10
Table value at index 1:	10
Table value at index 1:	10
Table value at index 1:	10
Table value at index 1:	10
Table value at index 1:	10
Table value at index 1:	10
Table value at index 1:	10
Table value at index 1:	10
Table value at index 1:	10
Table value at index 1:	10
Table value at index 1:	10
Table value at index 1:	10
Table value at index 1:	10
Table value at index 1:	10
Table value at index 1:	10
Table value at index 1:	10
Table value at index 1:	10
Table value at index 1:	10
Table value at index 1:	10
Table value at index 1:	10
Table value at index 1:	10
Table value at index 1:	10
Table value at index 1:	10
Table value at index 1:	10
Table value at index 1:	10
Table value at index 1:	10
Table value at index 1:	10
Table value at index 1:	10
Table value at index 1:	10
Table value at index 1:	10
Table value at index 1:	10
Table value at index 1:	10
Table value at index 1:	10
Table value at index 1:	10
Table value at index 1:	10
Table value at index 1:	10
Table value at index 1:	10
Table value at index 1:	10
Table value at index 1:	10
Table value at index 1:	10
Table value at index 1:	10
Table value at index 1:	10
Table value at index 1:	10
Table value at index 1:	10
Table value at index 1:	10
Table value at index 1:	10
Table value at index 1:	10
Table value at index 1:	10
Table value at index 1:	10
Table value at index 1:	10
Table value at index 1:	10
Table value at index 1:	10
Table value at index 1:	10
Table value at index 1:	10
Table value at index 1:	10
Table value at index 1:	10
Table value at index 1:	10
Table value at index 1:	10
Table value at index 1:	10
Table value at index 1:	10
Table value at index 1:	10
Table value at index 1:	10
Table value at index 1:	10
Table value at index 1:	10
Table value at index 1:	10
Table value at index 1:	10
Table value at index 1:	10
Table value at index 1:	10
Table value at index 1:	10
Table value at index 1:	10
Table value at index 1:	10
Table value at index 1:	10
Table value at index 1:	10
Table value at index 1:	10
Table value at index 1:	10
Table value at index 1:	10
Table value at index 1:	10
Table value at index 1:	10
Table value at index 1:	10
Table value at index 1:	10
Table value at index 1:	10
Table value at index 1:	10
Table value at index 1:	10
Table value at index 1:	10
Table value at index 1:	10
Table value at index 1:	10
Table value at index 1:	10
Table value at index 1:	10
Table value at index 1:	10
Table value at index 1:	10
Table value at index 1:	10
Table value at index 1:	10
Table value at index 1:	10
Table value at index 1:	10
Table value at index 1:	10
Table value at index 1:	10
Table value at index 1:	10
Table value at index 1:	10
Table value at index 1:	10
Table value at index 1:	10
Table value at index 1:	10
Table value at index 1:	10
Table value at index 1:	10
Table value at index 1:	10
Table value at index 1:	10
Table value at index 1:	10
Table value at index 1:	10
Table value at index 1:	10
Table value at index 1:	10
Table value at index 1:	10
Table value at index 1:	10
Table value at index 1:	10
Table value at index 1:	10
Table value at index 1:	10
Table value at index 1:	10
Table value at index 1:	10
Table value at index 1:	10
Table value at index 1:	10
Table value at index 1:	10
Table value at index 1:	10
Table value at index 1:	10
Table value at index 1:	10
Table value at index 1:	10
Table value at index 1:	10
Table value at index 1:	10
Table value at index 1:	10
Table value at index 1:	10
Table value at index 1:	10
Table value at index 1:	10
Table value at index 1:	10
Table value at index 1:	10
Table value at index 1:	10
Table value at index 1:	10
Table value at index 1:	10
Table value at index 1:	10
Table value at index 1:	10
Table value at index 1:	10
Table value at index 1:	10
Table value at index 1:	10
Table value at index 1:	10
Table value at index 1:	10
Table value at index 1:	10
Table value at index 1:	10
Table value at index 1:	10
Table value at index 1:	10
Table value at index 1:	10
Table value at index 1:	10
Table value at index 1:	10
Table value at index 1:	10
Table value at index 1:	10
Table value at index 1:	10
Table value at index 1:	10
Table value at index 1:	10
Table value at index 1:	10
Table value at index 1:	10
Table value at index 1:	10
Table value at index 1:	10
Table value at index 1:	10
Table value at index 1:	10
Table value at index 1:	10
Table value at index 1:	10
Table value at index 1:	10
Table value at index 1:	10
Table value at index 1:	10
Table value at index 1:	10
Table value at index 1:	10
Table value at index 1:	10
Table value at index 1:	10
Table value at index 1:	10
Table value at index 1:	10
Table value at index 1:	10
Table value at index 1:	10
Table value at index 1:	10
Table value at index 1:	10
Table value at index 1:	10
Table value at index 1:	10
Table value at index 1:	10
Table value at index 1:	10
Table value at index 1:	10
Table value at index 1:	10
Table value at index 1:	10
Table value at index 1:	10
Table value at index 1:	10
Table value at index 1:	10
Table value at index 1:	10
Table value at index 1:	10
Table value at index 1:	10
Table value at index 1:	10
Table value at index 1:	10
Table value at index 1:	10
Table value at index 1:	10
Table value at index 1:	10
Table value at index 1:	10
Table value at index 1:	10
Table value at index 1:	10
Table value at index 1:	10
Table value at index 1:	10
Table value at index 1:	10
Table value at index 1:	10
Table value at index 1:	10
Table value at index 1:	10
Table value at index 1:	10
Table value at index 1:	10
Table value at index 1:	10
Table value at index 1:	10
Table value at index 1:	10
Table value at index 1:	10
Table value at index 1:	10
Table value at index 1:	10
Table value at index 1:	10
Table value at index 1:	10
Table value at index 1:	10
Table value at index 1:	10
Table value at index 1:	10
Table value at index 1:	10
Table value at index 1:	10
Table value at index 1:	10
Table value at index 1:	10
Table value at index 1:	10
Table value at index 1:	10
Table value at index 1:	10
Table value at index 1:	10
Table value at index 1:	10
Table value at index 1:	10
Table value at index 1:	10
Table value at index 1:	10
Table value at index 1:	10
Table value at index 1:	10
Table value at index 1:	10
Table value at index 1:	10
Table value at index 1:	10
Table value at index 1:	10
Table value at index 1:	10
Table value at index 1:	10
Table value at index 1:	10
Table value at index 1:	10
Table value at index 1:	10
Table value at index 1:	10
Table value at index 1:	10
Table value at index 1:	10
Table value at index 1:	10
Table value at index 1:	10
Table value at index 1:	10
Table value at index 1:	10
Table value at index 1:	10
Table value at index 1:	10
Table value at index 1:	10
Table value at index 1:	10
Table value at index 1:	10
Table value at index 1:	10
Table value at index 1:	10
Table value at index 1:	10
Table value at index 1:	10
Table value at index 1:	10
Table value at index 1:	10
Table value at index 1:	10
Table value at index 1:	10
Table value at index 1:	10
Table value at index 1:	10
Table value at index 1:	10
Table value at index 1:	10
Table value at index 1:	10
Table value at index 1:	10
Table value at index 1:	10
Table value at index 1:	10
Table value at index 1:	10
Table value at index 1:	10
Table value at index 1:	10
Table value at index 1:	10
Table value at index 1:	10
Table value at index 1:	10
Table value at index 1:	10
Table value at index 1:	10
Table value at index 1:	10
Table value at index 1:	10
Table value at index 1:	10
Table value at index 1:	10
Table value at index 1:	10
Table value at index 1:	10
Table value at index 1:	10
Table value at index 1:	10
Table value at index 1:	10
Table value at index 1:	10
Table value at index 1:	10
Table value at index 1:	10
Table value at index 1:	10
Table value at index 1:	10
Table value at index 1:	10
Table value at index 1:	10
Table value at index 1:	10
Table value at index 1:	10
Table value at index 1:	10
Table value at index 1:	10
Table value at index 1:	10
Table value at index 1:	10
Table value at index 1:	10
Table value at index 1:	10
Table value at index 1:	10
Table value at index 1:	10
Table value at index 1:	10
Table value at index 1:	10
Table value at index 1:	10
Table value at index 1:	10
Table value at index 1:	10
Table value at index 1:	10
Table value at index 1:	10
Table value at index 1:	10
Table value at index 1:	10
Table value at index 1:	10
Table value at index 1:	10
Table value at index 1:	10
Table value at index 1:	10
Table value at index 1:	10
Table value at index 1:	10
Table value at index 1:	10
Table value at index 1:	10
Table value at index 1:	10
Table value at index 1:	10
Table value at index 1:	10
Table value at index 1:	10
Table value at index 1:	10
Table value at index 1:	10
Table value at index 1:	10
Table value at index 1:	10
Table value at index 1:	10
Table value at index 1:	10
Table value at index 1:	10
Table value at index 1:	10
Table value at index 1:	10
Table value at index 1:	10
Table value at index 1:	10
Table value at index 1:	10
Table value at index 1:	10
Table value at index 1:	10
Table value at index 1:	10
Table value at index 1:	10
Table value at index 1:	10
Table value at index 1:	10
Table value at index 1:	10
Table value at index 1:	10
Table value at index 1:	10
Table value at index 1:	10
Table value at index 1:	10
Table value at index 1:	10
Table value at index 1:	10
Table value at index 1:	10
Table value at index 1:	10
Table value at index 1:	10
Table value at index 1:	10
Table value at index 1:	10
Table value at index 1:	10
Table value at index 1:	10
Table value at index 1:	10
Table value at index 1:	10
Table value at index 1:	10
Table value at index 1:	10
Table value at index 1:	10
Table value at index 1:	10
Table value at index 1:	10
Table value at index 1:	10
Table value at index 1:	10
Table value at index 1:	10
Table value at index 1:	10
Table value at index 1:	10
Table value at index 1:	10
Table value at index 1:	10
Table value at index 1:	10
Table value at index 1:	10
Table value at index 1:	10
Table value at index 1:	10
Table value at index 1:	10
Table value at index 1:	10
Table value at index 1:	10
Table value at index 1:	10
Table value at index 1:	10
Table value at index 1:	10
Table value at index 1:	10
Table value at index 1:	10
Table value at index 1:	10
Table value at index 1:	10
Table value at index 1:	10
Table value at index 1:	10
Table value at index 1:	10
Table value at index 1:	10
Table value at index 1:	10
Table value at index 1:	10
Table value at index 1:	10
Table value at index 1:	10
Table value at index 1:	10
Table value at index 1:	10
Table value at index 1:	10
Table value at index 1:	10
Table value at index 1:	10
Table value at index 1:	10
Table value at index 1:	10
Table value at index 1:	10
Table value at index 1:	10
Table value at index 1:	10
Table value at index 1:	10
Table value at index 1:	10
Table value at index 1:	10
Table value at index 1:	10
Table value at index 1:	10
Table value at index 1:	10
Table value at index 1:	10
Table value at index 1:	10
Table value at index 1:	10
Table value at index 1:	10
Table value at index 1:	10
Table value at index 1:	10
Table value at index 1:	10
Table value at index 1:	10
Table value at index 1:	10
Table value at index 1:	10
Table value at index 1:	10
Table value at index 1:	10
Table value at index 1:	10
Table value at index 1:	10
Table value at index 1:	10
Table value at index 1:	10
Table value at index 1:	10
Table value at index 1:	10
Table value at index 1:	10
Table value at index 1:	10
Table value at index 1:	10
Table value at index 1:	10
Table value at index 1:	10
Table value at index 1:	10
Table value at index 1:	10
Table value at index 1:	10
Table value at index 1:	10
Table value at index 1:	10
Table value at index 1:	10
Table value at index 1:	10
Table value at index 1:	10
Table value at index 1:	10
Table value at index 1:	10
Table value at index 1:	10
Table value at index 1:	10
Table value at index 1:	10
Table value at index 1:	10
Table value at index 1:	10
Table value at index 1:	10
Table value at index 1:	10
Table value at index 1:	10
Table value at index 1:	10
Table value at index 1:	10
Table value at index 1:	10
Table value at index 1:	10
Table value at index 1:	10
Table value at index 1:	10
Table value at index 1:	10
Table value at index 1:	10
Table value at index 1:	10
Table value at index 1:	10
Table value at index 1:	10
Table value at index 1:	10
Table value at index 1:	10
Table value at index 1:	10
Table value at index 1:	10
Table value at index 1:	10
Table value at index 1:	10
Table value at index 1:	10
Table value at index 1:	10
Table value at index 1:	10
Table value at index 1:	10
Table value at index 1:	10
Table value at index 1:	10
Table value at index 1:	10
Table value at index 1:	10
Table value at index 1:	10
Table value at index 1:	10
Table value at index 1:	10
Table value at index 1:	10
Table value at index 1:	10
Table value at index 1:	10
Table value at index 1:	10
Table value at index 1:	10
Table value at index 1:	10
Table value at index 1:	10
Table value at index 1:	10
Table value at index 1:	10
Table value at index 1:	10
Table value at index 1:	10
Table value at index 1:	10
Table value at index 1:	10
Table value at index 1:	10
Table value at index 1:	10
Table value at index 1:	10
Table value at index 1:	10
Table value at index 1:	10
Table value at index 1:	10
Table value at index 1:	10
Table value at index 1:	10
Table value at index 1:	10
Table value at index 1:	10
Table value at index 1:	10
Table value at index 1:	10
Table value at index 1:	10
Table value at index 1:	10
Table value at index 1:	10
Table value at index 1:	10
Table value at index 1:	10
Table value at index 1:	10
Table value at index 1:	10
Table value at index 1:	10
Table value at index 1:	10
Table value at index 1:	10
Table value at index 1:	10
Table value at index 1:	10
Table value at index 1:	10
Table value at index 1:	10
Table value at index 1:	10
Table value at index 1:	10
Table value at index 1:	10
Table value at index 1:	10
Table value at index 1:	10
Table value at index 1:	10
Table value at index 1:	10
Table value at index 1:	10
Table value at index 1:	10
Table value at index 1:	10
Table value at index 1:	10
Table value at index 1:	10
Table value at index 1:	10
Table value at index 1:	10
Table value at index 1:	10
Table value at index 1:	10
Table value at index 1:	10
Table value at index 1:	10
Table value at index 1:	10
Table value at index 1:	10
Table value at index 1:	10
Table value at index 1:	10
Table value at index 1:	10
Table value at index 1:	10
Table value at index 1:	10
Table value at index 1:	10
Table value at index 1:	10
Table value at index 1:	10
Table value at index 1:	10
Table value at index 1:	10
Table value at index 1:	10
Table value at index 1:	10
Table value at index 1:	10
Table value at index 1:	10
Table value at index 1:	10
Table value at index 1:	10
Table value at index 1:	10
Table value at index 1:	10
Table value at index 1:	10
Table value at index 1:	10
Table value at index 1:	10
Table value at index 1:	10
Table value at index 1:	10
Table value at index 1:	10
Table value at index 1:	10
Table value at index 1:	10
Table value at index 1:	10
Table value at index 1:	10
Table value at index 1:	10
Table value at index 1:	10
Table value at index 1:	10
Table value at index 1:	10
Table value at index 1:	10
Table value at index 1:	10
Table value at index 1:	10
Table value at index 1:	10
Table value at index 1:	10
Table value at index 1:	10
Table value at index 1:	10
Table value at index 1:	10
Table value at index 1:	10
Table value at index 1:	10
Table value at index 1:	10
Table value at index 1:	10
Table value at index 1:	10
Table value at index 1:	10
Table value at index 1:	10
Table value at index 1:	10
Table value at index 1:	10
Table value at index 1:	10
Table value at index 1:	10
Table value at index 1:	10
Table value at index 1:	10
Table value at index 1:	10
Table value at index 1:	10
Table value at index 1:	10
Table value at index 1:	10
Table value at index 1:	10
Table value at index 1:	10
Table value at index 1:	10
Table value at index 1:	10
Table value at index 1:	10
Table value at index 1:	10
Table value at index 1:	10
Table value at index 1:	10
Table value at index 1:	10
Table value at index 1:	10
Table value at index 1:	10
Table value at index 1:	10
Table value at index 1:	10
Table value at index 1:	10
Table value at index 1:	10
Table value at index 1:	10
Table value at index 1:	10
Table value at index 1:	10
Table value at index 1:	10
Table value at index 1:	10
Table value at index 1:	10
Table value at index 1:	10
Table value at index 1:	10
Table value at index 1:	10
Table value at index 1:	10
Table value at index 1:	10
Table value at index 1:	10
Table value at index 1:	10
Table value at index 1:	10
Table value at index 1:	10
Table value at index 1:	10
Table value at index 1:	10
Table value at index 1:	10
Table value at index 1:	10
Table value at index 1:	10
Table value at index 1:	10
Table value at index 1:	10
Table value at index 1:	10
Table value at index 1:	10
Table value at index 1:	10
Table value at index 1:	10
Table value at index 1:	10
Table value at index 1:	10
Table value at index 1:	10
Table value at index 1:	10
Table value at index 1:	10
Table value at index 1:	10
Table value at index 1:	10
Table value at index 1:	10
Table value at index 1:	10
Table value at index 1:	10
Table value at index 1:	10
Table value at index 1:	10
Table value at index 1:	10
Table value at index 1:	10
Table value at index 1:	10
Table value at index 1:	10
Table value at index 1:	10
Table value at index 1:	10
Table value at index 1:	10
Table value at index 1:	10
Table value at index 1:	10
Table value at index 1:	10
Table value at index 1:	10
Table value at index 1:	10
Table value at index 1:	10
Table value at index 1:	10
Table value at index 1:	10
Table value at index 1:	10
Table value at index 1:	10
Table value at index 1:	10
Table value at index 1:	10
Table value at index 1:	10
Table value at index 1:	10
Table value at index 1:	10
Table value at index 1:	10
Table value at index 1:	10
Table value at index 1:	10
Table value at index 1:	10
Table value at index 1:	10
Table value at index 1:	10
Table value at index 1:	10
Table value at index 1:	10
Table value at index 1:	10
Table value at index 1:	10
Table value at index 1:	10
Table value at index 1:	10
Table value at index 1:	10
Table value at index 1:	10
Table value at index 1:	10
Table value at index 1:	10
Table value at index 1:	10
Table value at index 1:	10
Table value at index 1:	10
Table value at index 1:	10
Table value at index 1:	10
Table value at index 1:	10
Table value at index 1:	10
Table value at index 1:	10
Table value at index 1:	10
Table value at index 1:	10
Table value at index 1:	10
Table value at index 1:	10
Table value at index 1:	10
Table value at index 1:	10
Table value at index 1:	10
Table value at index 1:	10
Table value at index 1:	10
Table value at index 1:	10
Table value at index 1:	10
Table value at index 1:	10
Table value at index 1:	10
Table value at index 1:	10
Table value at index 1:	10
Table value at index 1:	10
Table value at index 1:	10
Table value at index 1:	10
Table value at index 1:	10
Table value at index 1:	10
Table value at index 1:	10
Table value at index 1:	10
Table value at index 1:	10
Table value at index 1:	10
Table value at index 1:	10
Table value at index 1:	10
Table value at index 1:	10
Table value at index 1:	10
Table value at index 1:	10
Table value at index 1:	10
Table value at index 1:	10
Table value at index 1:	10
Table value at index 1:	10
Table value at index 1:	10
Table value at index 1:	10
Table value at index 1:	10
Table value at index 1:	10
Table value at index 1:	10
Table value at index 1:	10
Table value at index 1:	10
Table value at index 1:	10
Table value at index 1:	10
Table value at index 1:	10
Table value at index 1:	10
Table value at index 1:	10
Table value at index 1:	10
Table value at index 1:	10
Table value at index 1:	10
Table value at index 1:	10
Table value at index 1:	10
Table value at index 1:	10
Table value at index 1:	10
Table value at index 1:	10
Table value at index 1:	10
Table value at index 1:	10
Table value at index 1:	10
Table value at index 1:	10
Table value at index 1:	10
Table value at index 1:	10
Table value at index 1:	10
Table value at index 1:	10
Table value at index 1:	10
Table value at index 1:	10
Table value at index 1:	10
Table value at index 1:	10
Table value at index 1:	10
Table value at index 1:	10
Table value at index 1:	10
Table value at index 1:	10
Table value at index 1:	10
Table value at index 1:	10
Table value at index 1:	10
Table value at index 1:	10
Table value at index 1:	10
Table value at index 1:	10
Table value at index 1:	10
Table value at index 1:	10
Table value at index 1:	10
Table value at index 1:	10
Table value at index 1:	10
Table value at index 1:	10
Table value at index 1:	10
Table value at index 1:	10
Table value at index 1:	10
Table value at index 1:	10
Table value at index 1:	10
Table value at index 1:	10
Table value at index 1:	10
Table value at index 1:	10
Table value at index 1:	10
Table value at index 1:	10
Table value at index 1:	10
Table value at index 1:	10
Table value at index 1:	10
Table value at index 1:	10
Table value at index 1:	10
Table value at index 1:	10
Table value at index 1:	10
Table value at index 1:	10
Table value at index 1:	10
Table value at index 1:	10
Table value at index 1:	10
Table value at index 1:	10
Table value at index 1:	10
Table value at index 1:	10
Table value at index 1:	10
Table value at index 1:	10
Table value at index 1:	10
Table value at index 1:	10
Table value at index 1:	10
Table value at index 1:	10
Table value at index 1:	10
Table value at index 1:	10
Table value at index 1:	10
Table value at index 1:	10
Table value at index 1:	10
Table value at index 1:	10
Table value at index 1:	10
Table value at index 1:	10
Table value at index 1:	10
Table value at index 1:	10
Table value at index 1:	10
Table value at index 1:	10
Table value at index 1:	10
Table value at index 1:	10
Table value at index 1:	10
Table value at index 1:	10
Table value at index 1:	10
Table value at index 1:	10
Table value at index 1:	10
Table value at index 1:	10
Table value at index 1:	10
Table value at index 1:	10
Table value at index 1:	10
Table value at index 1:	10
Table value at index 1:	10
Table value at index 1:	10
Table value at index 1:	10
Table value at index 1:	10
Table value at index 1:	10
Table value at index 1:	10
Table value at index 1:	10
Table value at index 1:	10
Table value at index 1:	10
Table value at index 1:	10
Table value at index 1:	10
Table value at index 1:	10
Table value at index 1:	10
Table value at index 1:	10
Table value at index 1:	10
Table value at index 1:	10
Table value at index 1:	10
Table value at index 1:	10
Table value at index 1:	10
Table value at index 1:	10
Table value at index 1:	10
Table value at index 1:	10
Table value at index 1:	10
Table value at index 1:	10
Table value at index 1:	10
Table value at index 1:	10
Table value at index 1:	10
Table value at index 1:	10
Table value at index 1:	10
Table value at index 1:	10
Table value at index 1:	10
Table value at index 1:	10
Table value at index 1:	10
Table value at index 1:	10
Table value at index 1:	10
Table value at index 1:	10
Table value at index 1:	10
Table value at index 1:	10
Table value at index 1:	10
Table value at index 1:	10
Table value at index 1:	10
Table value at index 1:	10
Table value at index 1:	10
Table value at index 1:	10
Table value at index 1:	10
Table value at index 1:	10
Table value at index 1:	10
Table value at index 1:	10
Table value at index 1:	10
Table value at index 1:	10
Table value at index 1:	10
Table value at index 1:	10
Table value at index 1:	10
Table value at index 1:	10
Table value at index 1:	10
Table value at index 1:	10
Table value at index 1:	10
Table value at index 1:	10
Table value at index 1:	10
Table value at index 1:	10
Table value at index 1:	10
Table value at index 1:	10
Table value at index 1:	10
Table value at index 1:	10
Table value at index 1:	10
Table value at index 1:	10
Table value at index 1:	10
Table value at index 1:	10
Table value at index 1:	10
Table value at index 1:	10
Table value at index 1:	10
Table value at index 1:	10
Table value at index 1:	10
Table value at index 1:	10
Table value at index 1:	10
Table value at index 1:	10
Table value at index 1:	10
Table value at index 1:	10
Table value at index 1:	10
Table value at index 1:	10
Table value at index 1:	10
Table value at index 1:	10
Table value at index 1:	10
Table value at index 1:	10
Table value at index 1:	10
Table value at index 1:	10
Table value at index 1:	10
Table value at index 1:	10
Table value at index 1:	10
Table value at index 1:	10
Table value at index 1:	10
Table value at index 1:	10
Table value at index 1:	10
Table value at index 1:	10
Table value at index 1:	10
Table value at index 1:	10
Table value at index 1:	10
Table value at index 1:	10
Table value at index 1:	10
Table value at index 1:	10
Table value at index 1:	10
Table value at index 1:	10
Table value at index 1:	10
Table value at index 1:	10
Table value at index 1:	10
Table value at index 1:	10
Table value at index 1:	10
Table value at index 1:	10
Table value at index 1:	10
Table value at index 1:	10
Table value at index 1:	10
Table value at index 1:	10
Table value at index 1:	10
Table value at index 1:	10
Table value at index 1:	10
Table value at index 1:	10
Table value at index 1:	10
Table value at index 1:	10
Table value at index 1:	10
Table value at index 1:	10
Table value at index 1:	10
Table value at index 1:	10
Table value at index 1:	10
Table value at index 1:	10
Table value at index 1:	10
Table value at index 1:	10
Table value at index 1:	10
Table value at index 1:	10
Table value at index 1:	10
Table value at index 1:	10
Table value at index 1:	10
Table value at index 1:	10
Table value at index 1:	10
Table value at index 1:	10
Table value at index 1:	10
Table value at index 1:	10
Table value at index 1:	10
Table value at index 1:	10
Table value at index 1:	10
Table value at index 1:	10
Table value at index 1:	10
Table value at index 1:	10
Table value at index 1:	10
Table value at index 1:	10
Table value at index 1:	10
Table value at index 1:	10
Table value at index 1:	10
Table value at index 1:	10
Table value at index 1:	10
Table value at index 1:	10
Table value at index 1:	10
Table value at index 1:	10
Table value at index 1:	10
Table value at index 1:	10
Table value at index 1:	10
Table value at index 1:	10
Table value at index 1:	10
Table value at index 1:	10
Table value at index 1:	10
Table value at index 1:	10
Table value at index 1:	10
Table value at index 1:	10
Table value at index 1:	10
Table value at index 1:	10
Table value at index 1:	10
Table value at index 1:	10
Table value at index 1:	10
Table value at index 1:	10
Table value at index 1:	10
Table value at index 1:	10
Table value at index 1:	10
Table value at index 1:	10
Table value at index 1:	10
Table value at index 1:	10
Table value at index 1:	10
Table value at index 1:	10
Table value at index 1:	10
Table value at index 1:	10
Table value at index 1:	10
Table value at index 1:	10
Table value at index 1:	10
Table value at index 1:	10
Table value at index 1:	10
Table value at index 1:	10
Table value at index 1:	10
Table value at index 1:	10
Table value at index 1:	10
Table value at index 1:	10
Table value at index 1:	10
Table value at index 1:	10
Table value at index 1:	10
Table value at index 1:	10
Table value at index 1:	10
Table value at index 1:	10
Table value at index 1:	10
Table value at index 1:	10
Table value at index 1:	10
Table value at index 1:	10
Table value at index 1:	10
Table value at index 1:	10
Table value at index 1:	10
Table value at index 1:	10
Table value at index 1:	10
Table value at index 1:	10
Table value at index 1:	10
Table value at index 1:	10
Table value at index 1:	10
Table value at index 1:	10
Table value at index 1:	10
Table value at index 1:	10
Table value at index 1:	10
Table value at index 1:	10
Table value at index 1:	10
Table value at index 1:	10
Table value at index 1:	10
Table value at index 1:	10
Table value at index 1:	10
Table value at index 1:	10
Table value at index 1:	10
Table value at index 1:	10
Table value at index 1:	10
Table value at index 1:	10
Table value at index 1:	10
Table value at index 1:	10
Table value at index 1:	10
Table value at index 1:	10
Table value at index 1:	10
Table value at index 1:	10
Table value at index 1:	10
Table value at index 1:	10
Table value at index 1:	10
Table value at index 1:	10
Table value at index 1:	10
Table value at index 1:	10
Table value at index 1:	10
Table value at index 1:	10
Table value at index 1:	10
Table value at index 1:	10
Table value at index 1:	10
Table value at index 1:	10
Table value at index 1:	10
Table value at index 1:	10
Table value at index 1:	10
Table value at index 1:	10
Table value at index 1:	10
Table value at index 1:	10
Table value at index 1:	10
Table value at index 1:	10
Table value at index 1:	10
Table value at index 1:	10
Table value at index 1:	10
Table value at index 1:	10
Table value at index 1:	10
Table value at index 1:	10
Table value at index 1:	10
Table value at index 1:	10
Table value at index 1:	10
Table value at index 1:	10
Table value at index 1:	10
Table value at index 1:	10
Table value at index 1:	10
Table value at index 1:	10
Table value at index 1:	10
Table value at index 1:	10
Table value at index 1:	10
Table value at index 1:	10
Table value at index 1:	10
Table value at index 1:	10
Table value at index 1:	10
Table value at index 1:	10
Table value at index 1:	10
Table value at index 1:	10
Table value at index 1:	10
Table value at index 1:	10
Table value at index 1:	10
Table value at index 1:	10
Table value at index 1:	10
Table value at index 1:	10
Table value at index 1:	10
Table value at index 1:	10
Table value at index 1:	10
Table value at index 1:	10
Table value at index 1:	10
Table value at index 1:	10
Table value at index 1:	10
Table value at index 1:	10
Table value at index 1:	10
Table value at index 1:	10
Table value at index 1:	10
Table value at index 1:	10
Table value at index 1:	10
Table value at index 1:	10
Table value at index 1:	10
Table value at index 1:	10
Table value at index 1:	10
Table value at index 1:	10
Table value at index 1:	10
Table value at index 1:	10
Table value at index 1:	10
Table value at index 1:	10
Table value at index 1:	10
Table value at index 1:	10
Table value at index 1:	10
Table value at index 1:	10
Table value at index 1:	10
Table value at index 1:	10
Table value at index 1:	10
Table value at index 1:	10
Table value at index 1:	10
Table value at index 1:	10
Table value at index 1:	10
Table value at index 1:	10
Table value at index 1:	10
Table value at index 1:	10
Table value at index 1:	10
Table value at index 1:	10
Table value at index 1:	10
Table value at index 1:	10
Table value at index 1:	10
Table value at index 1:	10
Table value at index 1:	10
Table value at index 1:	10
Table value at index 1:	10
Table value at index 1:	10
Table value at index 1:	10
Table value at index 1:	10
Table value at index 1:	10
Table value at index 1:	10
Table value at index 1:	10
Table value at index 1:	10
Table value at index 1:	10
Table value at index 1:	10
Table value at index 1:	10
Table value at index 1:	10
Table value at index 1:	10
Table value at index 1:	10
Table value at index 1:	10
Table value at index 1:	10
Table value at index 1:	10
Table value at index 1:	10
Table value at index 1:	10
Table value at index 1:	10
Table value at index 1:	10
Table value at index 1:	10
Table value at index 1:	10
Table value at index 1:	10
Table value at index 1:	10
Table value at index 1:	10
Table value at index 1:	10
Table value at index 1:	10
Table value at index 1:	10
Table value at index 1:	10
Table value at index 1:	10
Table value at index 1:	10
Table value at index 1:	10
Table value at index 1:	10
Table value at index 1:	10
Table value at index 1:	10
Table value at index 1:	10
Table value at index 1:	10
Table value at index 1:	10
Table value at index 1:	10
Table value at index 1:	10
Table value at index 1:	10
Table value at index 1:	10
Table value at index 1:	10
Table value at index 1:	10
Table value at index 1:	10
Table value at index 1:	10
Table value at index 1:	10
Table value at index 1:	10
Table value at index 1:	10
Table value at index 1:	10
Table value at index 1:	10
Table value at index 1:	10
Table value at index 1:	10
Table value at index 1:	10
Table value at index 1:	10
Table value at index 1:	10
Table value at index 1:	10
Table value at index 1:	10
Table value at index 1:	10
Table value at index 1:	10
Table value at index 1:	10
Table value at index 1:	10
Table value at index 1:	10
Table value at index 1:	10
Table value at index 1:	10
Table value at index 1:	10
Table value at index 1:	10
Table value at index 1:	10
Table value at index 1:	10
Table value at index 1:	10
Table value at index 1:	10
Table value at index 1:	10
Table value at index 1:	10
Table value at index 1:	10
Table value at index 1:	10
Table value at index 1:	10
Table value at index 1:	10
Table value at index 1:	10
Table value at index 1:	10
Table value at index 1:	10
Table value at index 1:	10
Table value at index 1:	10
Table value at index 1:	10
Table value at index 1:	10
Table value at index 1:	10
Table value at index 1:	10
Table value at index 1:	10
Table value at index 1:	10
Table value at index 1:	10
Table value at index 1:	10
Table value at index 1:	10
Table value at index 1:	10
Table value at index 1:	10
Table value at index 1:	10
Table value at index 1:	10
Table value at index 1:	10
Table value at index 1:	10
Table value at index 1:	10
Table value at index 1:	10
Table value at index 1:	10
Table value at index 1:	10
Table value at index 1:	10
Table value at index 1:	10
Table value at index 1:	10
Table value at index 1:	10
Table value at index 1:	10
Table value at index 1:	10
Table value at index 1:	10
Table value at index 1:	10
Table value at index 1:	10
Table value at index 1:	10
Table value at index 1:	10
Table value at index 1:	10
Table value at index 1:	10
Table value at index 1:	10
Table value at index 1:	10
Table value at index 1:	10
Table value at index 1:	10
Table value at index 1:	10
Table value at index 1:	10
Table value at index 1:	10
Table value at index 1:	10
Table value at index 1:	10
Table value at index 1:	10
Table value at index 1:	10
Table value at index 1:	10
Table value at index 1:	10
Table value at index 1:	10
Table value at index 1:	10
Table value at index 1:	10
Table value at index 1:	10
Table value at index 1:	10
Table value at index 1:	10
Table value at index 1:	10
Table value at index 1:	10
Table value at index 1:	10
Table value at index 1:	10
Table value at index 1:	10
Table value at index 1:	10
Table value at index 1:	10
Table value at index 1:	10
Table value at index 1:	10
Table value at index 1:	10
Table value at index 1:	10
Table value at index 1:	10
Table value at index 1:	10
Table value at index 1:	10
Table value at index 1:	10
Table value at index 1:	10
Table value at index 1:	10
Table value at index 1:	10
Table value at index 1:	10
Table value at index 1:	10
Table value at index 1:	10
Table value at index 1:	10
Table value at index 1:	10
Table value at index 1:	10
Table value at index 1:	10
Table value at index 1:	10
Table value at index 1:	10
Table value at index 1:	10
Table value at index 1:	10
Table value at index 1:	10
Table value at index 1:	10
Table value at index 1:	10
Table value at index 1:	10
Table value at index 1:	10
Table value at index 1:	10
Table value at index 1:	10
Table value at index 1:	10
Table value at index 1:	10
Table value at index 1:	10
Table value at index 1:	10
Table value at index 1:	10
Table value at index 1:	10
Table value at index 1:	10
Table value at index 1:	10
Table value at index 1:	10
Table value at index 1:	10
Table value at index 1:	10
Table value at index 1:	10
Table value at index 1:	10
Table value at index 1:	10
Table value at index 1:	10
Table value at index 1:	10
Table value at index 1:	10
Table value at index 1:	10
Table value at index 1:	10
Table value at index 1:	10
Table value at index 1:	10
Table value at index 1:	10
Table value at index 1:	10
Table value at index 1:	10
Table value at index 1:	10
Table value at index 1:	10
Table value at index 1:	10
Table value at index 1:	10
Table value at index 1:	10
Table value at index 1:	10
Table value at index 1:	10
Table value at index 1:	10
Table value at index 1:	10
Table value at index 1:	10
Table value at index 1:	10
Table value at index 1:	10
Table value at index 1:	10
Table value at index 1:	10
Table value at index 1:	10
Table value at index 1:	10
Table value at index 1:	10
Table value at index 1:	10
Table value at index 1:	10
Table value at index 1:	10
Table value at index 1:	10
Table value at index 1:	10
Table value at index 1:	10
Table value at index 1:	10
Table value at index 1:	10
Table value at index 1:	10
Table value at index 1:	10
Table value at index 1:	10
Table value at index 1:	10
Table value at index 1:	10
Table value at index 1:	10
Table value at index 1:	10
Table value at index 1:	10
Table value at index 1:	10
Table value at index 1:	10
Table value at index 1:	10
Table value at index 1:	10
Table value at index 1:	10
Table value at index 1:	10
Table value at index 1:	10
Table value at index 1:	10
Table value at index 1:	10
Table value at index 1:	10
Table value at index 1:	10
Table value at index 1:	10
Table value at index 1:	10
Table value at index 1:	10
Table value at index 1:	10
Table value at index 1:	10
Table value at index 1:	10
Table value at index 1:	10
Table value at index 1:	10
Table value at index 1:	10
Table value at index 1:	10
Table value at index 1:	10
Table value at index 1:	10
Table value at index 1:	10
Table value at index 1:	10
Table value at index 1:	10
Table value at index 1:	10
Table value at index 1:	10
Table value at index 1:	10
Table value at index 1:	10
Table value at index 1:	10
Table value at index 1:	10
Table value at index 1:	10
Table value at index 1:	10
Table value at index 1:	10
Table value at index 1:	10
Table value at index 1:	10
Table value at index 1:	10
Table value at index 1:	10
Table value at index 1:	10
Table value at index 1:	10
Table value at index 1:	10
Table value at index 1:	10
Table value at index 1:	10
Table value at index 1:	10
Table value at index 1:	10
Table value at index 1:	10
Table value at index 1:	10
Table value at index 1:	10
Table value at index 1:	10
Table value at index 1:	10
Table value at index 1:	10
Table value at index 1:	10
Table value at index 1:	10
Table value at index 1:	10
Table value at index 1:	10
Table value at index 1:	10
Table value at index 1:	10
Table value at index 1:	10
Table value at index 1:	10
Table value at index 1:	10
Table value at index 1:	10
Table value at index 1:	10
Table value at index 1:	10
Table value at index 1:	10
Table value at index 1:	10
Table value at index 1:	10
Table value at index 1:	10
Table value at index 1:	10
Table value at index 1:	10
Table value at index 1:	10
Table value at index 1:	10
Table value at index 1:	10
Table value at index 1:	10
Table value at index 1:	10
Table value at index 1:	10
Table value at index 1:	10
Table value at index 1:	10
Table value at index 1:	10
Table value at index 1:	10
Table value at index 1:	10
Table value at index 1:	10
Table value at index 1:	10
Table value at index 1:	10
Table value at index 1:	10
Table value at index 1:	10
Table value at index 1:	10
Table value at index 1:	10
Table value at index 1:	10
Table value at index 1:	10
Table value at index 1:	10
Table value at index 1:	10
Table value at index 1:	10
Table value at index 1:	10
Table value at index 1:	10
Table value at index 1:	10
Table value at index 1:	10
Table value at index 1:	10
Table value at index 1:	10
Table value at index 1:	10
Table value at index 1:	10
Table value at index 1:	10
Table value at index 1:	10
Table value at index 1:	10
Table value at index 1:	10
Table value at index 1:	10
Table value at index 1:	10
Table value at index 1:	10
Table value at index 1:	10
Table value at index 1:	10
Table value at index 1:	10
Table value at index 1:	10
Table value at index 1:	10
Table value at index 1:	10
Table value at index 1:	10
Table value at index 1:	10
Table value at index 1:	10
Table value at index 1:	10
Table value at index 1:	10
Table value at index 1:	10
Table value at index 1:	10
Table value at index 1:	10
Table value at index 1:	10
Table value at index 1:	10
Table value at index 1:	10
Table value at index 1:	10
Table value at index 1:	10
Table value at index 1:	10
Table value at index 1:	10
Table value at index 1:	10
Table value at index 1:	10
Table value at index 1:	10
Table value at index 1:	10
Table value at index 1:	10
Table value at index 1:	10
Table value at index 1:	10
Table value at index 1:	10
Table value at index 1:	10
Table value at index 1:	10
Table value at index 1:	10
Table value at index 1:	10
Table value at index 1:	10
Table value at index 1:	10
Table value at index 1:	10
Table value at index 1:	10
Table value at index 1:	10
Table value at index 1:	10
Table value at index 1:	10
Table value at index 1:	10
Table value at index 1:	10
Table value at index 1:	10
Table value at index 1:	10
Table value at index 1:	10
Table value at index 1:	10
Table value at index 1:	10
Table value at index 1:	10
Table value at index 1:	10
Table value at index 1:	10
Table value at index 1:	10
Table value at index 1:	10
Table value at index 1:	10
Table value at index 1:	10
Table value at index 1:	10
Table value at index 1:	10
Table value at index 1:	10
Table value at index 1:	10
Table value at index 1:	10
Table value at index 1:	10
Table value at index 1:	10
Table value at index 1:	10
Table value at index 1:	10
Table value at index 1:	10
Table value at index 1:	10
Table value at index 1:	10
Table value at index 1:	10
Table value at index 1:	10
Table value at index 1:	10
Table value at index 1:	10
Table value at index 1:	10
Table value at index 1:	10
Table value at index 1:	10
Table value at index 1:	10
Table value at index 1:	10
Table value at index 1:	10
Table value at index 1:	10
Table value at index 1:	10
Table value at index 1:	10
Table value at index 1:	10
Table value at index 1:	10
Table value at index 1:	10
Table value at index 1:	10
Table value at index 1:	10
Table value at index 1:	10
Table value at index 1:	10
Table value at index 1:	10
Table value at index 1:	10
Table value at index 1:	10
Table value at index 1:	10
Table value at index 1:	10
Table value at index 1:	10
Table value at index 1:	10
Table value at index 1:	10
Table value at index 1:	10
Table value at index 1:	10
Table value at index 1:	10
Table value at index 1:	10
Table value at index 1:	10
Table value at index 1:	10
Table value at index 1:	10
Table value at index 1:	10
Table value at index 1:	10
Table value at index 1:	10
Table value at index 1:	10
Table value at index 1:	10
Table value at index 1:	10
Table value at index 1:	10
Table value at index 1:	10
Table value at index 1:	10
Table value at index 1:	10
Table value at index 1:	10
Table value at index 1:	10
Table value at index 1:	10
Table value at index 1:	10
Table value at index 1:	10
Table value at index 1:	10
Table value at index 1:	10
Table value at index 1:	10
Table value at index 1:	10
Table value at index 1:	10
Table value at index 1:	10
Table value at index 1:	10
Table value at index 1:	10
Table value at index 1:	10
Table value at index 1:	10
Table value at index 1:	10
Table value at index 1:	10
Table value at index 1:	10
Table value at index 1:	10
Table value at index 1:	10
Table value at index 1:	10
Table value at index 1:	10
Table value at index 1:	10
Table value at index 1:	10
Table value at index 1:	10
Table value at index 1:	10
Table value at index 1:	10
Table value at index 1:	10
Table value at index 1:	10
Table value at index 1:	10
Table value at index 1:	10
Table value at index 1:	10
Table value at index 1:	10
Table value at index 1:	10
Table value at index 1:	10
Table value at index 1:	10
Table value at index 1:	10
Table value at index 1:	10
Table value at index 1:	10
Table value at index 1:	10
Table value at index 1:	10
Table value at index 1:	10
Table value at index 1:	10
Table value at index 1:	10
Table value at index 1:	10
Table value at index 1:	10
Table value at index 1:	10
Table value at index 1:	10
Table value at index 1:	10
Table value at index 1:	10
Table value at index 1:	10
Table value at index 1:	10
Table value at index 1:	10
Table value at index 1:	10
Table value at index 1:	10
Table value at index 1:	10
Table value at index 1:	10
Table value at index 1:	10
Table value at index 1:	10
Table value at index 1:	10
Table value at index 1:	10
Table value at index 1:	10
Table value at index 1:	10
Table value at index 1:	10
Table value at index 1:	10
Table value at index 1:	10
Table value at index 1:	10
Table value at index 1:	10
Table value at index 1:	10
Table value at index 1:	10
Table value at index 1:	10
Table value at index 1:	10
Table value at index 1:	10
Table value at index 1:	10
Table value at index 1:	10
Table value at index 1:	10
Table value at index 1:	10
Table value at index 1:	10
Table value at index 1:	10
Table value at index 1:	10
Table value at index 1:	10
Table value at index 1:	10
Table value at index 1:	10
Table value at index 1:	10
Table value at index 1:	10
Table value at index 1:	10
Table value at index 1:	10
Table value at index 1:	10
Table value at index 1:	10
Table value at index 1:	10
Table value at index 1:	10
Table value at index 1:	10
Table value at index 1:	10
Table value at index 1:	10
Table value at index 1:	10
Table value at index 1:	10
Table value at index 1:	10
Table value at index 1:	10
Table value at index 1:	10
Table value at index 1:	10
Table value at index 1:	10
Table value at index 1:	10
Table value at index 1:	10
Table value at index 1:	10
Table value at index 1:	10
Table value at index 1:	10
Table value at index 1:	10
Table value at index 1:	10
Table value at index 1:	10
Table value at index 1:	10
Table value at index 1:	10
Table value at index 1:	10
Table value at index 1:	10
Table value at index 1:	10
Table value at index 1:	10
Table value at index 1:	10
Table value at index 1:	10
Table value at index 1:	10
Table value at index 1:	10
Table value at index 1:	10
Table value at index 1:	10
Table value at index 1:	10
Table value at index 1:	10
Table value at index 1:	10
Table value at index 1:	10
Table value at index 1:	10
Table value at index 1:	10
Table value at index 1:	10
Table value at index 1:	10
Table value at index 1:	10
Table value at index 1:	10
Table value at index 1:	10
Table value at index 1:	10
Table value at index 1:	10
Table value at index 1:	10
Table value at index 1:	10
Table value at index 1:	10
Table value at index 1:	10
Table value at index 1:	10
Table value at index 1:	10
Table value at index 1:	10
Table value at index 1:	10
Table value at index 1:	10
Table value at index 1:	10
Table value at index 1:	10
Table value at index 1:	10
Table value at index 1:	10
Table value at index 1:	10
Table value at index 1:	10
Table value at index 1:	10
Table value at index 1:	10
Table value at index 1:	10
Table value at index 1:	10
Table value at index 1:	10
Table value at index 1:	10
Table value at index 1:	10
Table value at index 1:	10
Table value at index 1:	10
Table value at index 1:	10
Table value at index 1:	10
Table value at index 1:	10
Table value at index 1:	10
Table value at index 1:	10
Table value at index 1:	10
Table value at index 1:	10
Table value at index 1:	10
Table value at index 1:	10
Table value at index 1:	10
Table value at index 1:	10
Table value at index 1:	10
Table value at index 1:	10
Table value at index 1:	10
Table value at index 1:	10
Table value at index 1:	10
Table value at index 1:	10
Table value at index 1:	10
Table value at index 1:	10
Table value at index 1:	10
Table value at index 1:	10
Table value at index 1:	10
Table value at index 1:	10
Table value at index 1:	10
Table value at index 1:	10
Table value at index 1:	10
Table value at index 1:	10
Table value at index 1:	10
Table value at index 1:	10
Table value at index 1:	10
Table value at index 1:	10
Table value at index 1:	10
Table value at index 1:	10
Table value at index 1:	10
Table value at index 1:	10
Table value at index 1:	10
Table value at index 1:	10
Table value at index 1:	10
Table value at index 1:	10
Table value at index 1:	10
Table value at index 1:	10
Table value at index 1:	10
Table value at index 1:	10
Table value at index 1:	10
Table value at index 1:	10
Table value at index 1:	10
Table value at index 1:	10
Table value at index 1:	10
Table value at index 1:	10
Table value at index 1:	10
Table value at index 1:	10
Table value at index 1:	10
Table value at index 1:	10
Table value at index 1:	10
Table value at index 1:	10
Table value at index 1:	10
Table value at index 1:	10
Table value at index 1:	10
Table value at index 1:	10
Table value at index 1:	10
Table value at index 1:	10
Table value at index 1:	10
Table value at index 1:	10
Table value at index 1:	10
Table value at index 1:	10
Table value at index 1:	10
Table value at index 1:	10
Table value at index 1:	10
Table value at index 1:	10
Table value at index 1:	10
Table value at index 1:	10
Table value at index 1:	10
Table value at index 1:	10
Table value at index 1:	10
Table value at index 1:	10
Table value at index 1:	10
Table value at index 1:	10
Table value at index 1:	10
Table value at index 1:	10
Table value at index 1:	10
Table value at index 1:	10
Table value at index 1:	10
Table value at index 1:	10
Table value at index 1:	10
Table value at index 1:	10
Table value at index 1:	10
Table value at index 1:	10
Table value at index 1:	10
Table value at index 1:	10
Table value at index 1:	10
Table value at index 1:	10
Table value at index 1:	10
Table value at index 1:	10
Table value at index 1:	10
Table value at index 1:	10
Table value at index 1:	10
Table value at index 1:	10
Table value at index 1:	10
Table value at index 1:	10
Table value at index 1:	10
Table value at index 1:	10
Table value at index 1:	10
Table value at index 1:	10
Table value at index 1:	10
Table value at index 1:	10
Table value at index 1:	10
Table value at index 1:	10
Table value at index 1:	10
Table value at index 1:	10
Table value at index 1:	10
Table value at index 1:	10
Table value at index 1:	10
Table value at index 1:	10
Table value at index 1:	10
Table value at index 1:	10
Table value at index 1:	10
Table value at index 1:	10
Table value at index 1:	10
Table value at index 1:	10
Table value at index 1:	10
Table value at index 1:	10
Table value at index 1:	10
Table value at index 1:	10
Table value at index 1:	10
Table value at index 1:	10
Table value at index 1:	10
Table value at index 1:	10
Table value at index 1:	10
Table value at index 1:	10
Table value at index 1:	10
Table value at index 1:	10
Table value at index 1:	10
Table value at index 1:	10
Table value at index 1:	10
Table value at index 1:	10
Table value at index 1:	10
Table value at index 1:	10
Table value at index 1:	10
Table value at index 1:	10
Table value at index 1:	10
Table value at index 1:	10
Table value at index 1:	10
Table value at index 1:	10
Table value at index 1:	10
Table value at index 1:	10
Table value at index 1:	10
Table value at index 1:	10
Table value at index 1:	10
Table value at index 1:	10
Table value at index 1:	10
Table value at index 1:	10
Table value at index 1:	10
Table value at index 1:	10
Table value at index 1:	10
Table value at index 1:	10
Table value at index 1:	10
Table value at index 1:	10
Table value at index 1:	10
Table value at index 1:	10
Table value at index 1:	10
Table value at index 1:	10
Table value at index 1:	10
Table value at index 1:	10
Table value at index 1:	10
Table value at index 1:	10
Table value at index 1:	10
Table value at index 1:	10
Table value at index 1:	10
Table value at index 1:	10
Table value at index 1:	10
Table value at index 1:	10
Table value at index 1:	10
Table value at index 1:	10
Table value at index 1:	10
Table value at index 1:	10
Table value at index 1:	10
Table value at index 1:	10
Table value at index 1:	10
Table value at index 1:	10
Table value at index 1:	10
Table value at index 1:	10
Table value at index 1:	10
Table value at index 1:	10
Table value at index 1:	10
Table value at index 1:	10
Table value at index 1:	10
Table value at index 1:	10
Table value at index 1:	10
Table value at index 1:	10
Table value at index 1:	10
Table value at index 1:	10
Table value at index 1:	10
Table value at index 1:	10
Table value at index 1:	10
Table value at index 1:	10
Table value at index 1:	10
Table value at index 1:	10
Table value at index 1:	10
Table value at index 1:	10
Table value at index 1:	10
Table value at index 1:	10
Table value at index 1:	10
Table value at index 1:	10
Table value at index 1:	10
Table value at index 1:	10
Table value at index 1:	10
Table value at index 1:	10
Table value at index 1:	10
Table value at index 1:	10
Table value at index 1:	10
Table value at index 1:	10
Table value at index 1:	10
Table value at index 1:	10
Table value at index 1:	10
Table value at index 1:	10
Table value at index 1:	10
Table value at index 1:	10
Table value at index 1:	10
Table value at index 1:	10
Table value at index 1:	10
Table value at index 1:	10
Table value at index 1:	10
Table value at index 1:	10
Table value at index 1:	10
Table value at index 1:	10
Table value at index 1:	10
Table value at index 1:	10
Table value at index 1:	10
Table value at index 1:	10
Table value at index 1:	10
Table value at index 1:	10
Table value at index 1:	10
Table value at index 1:	10
Table value at index 1:	10
Table value at index 1:	10
Table value at index 1:	10
Table value at index 1:	10
Table value at index 1:	10
Table value at index 1:	10
Table value at index 1:	10
Table value at index 1:	10
Table value at index 1:	10
Table value at index 1:	10
Table value at index 1:	10
Table value at index 1:	10
Table value at index 1:	10
Table value at index 1:	10
Table value at index 1:	10
Table value at index 1:	10
Table value at index 1:	10
Table value at index 1:	10
Table value at index 1:	10
Table value at index 1:	10
Table value at index 1:	10
Table value at index 1:	10
Table value at index 1:	10
Table value at index 1:	10
Table value at index 1:	10
Table value at index 1:	10
Table value at index 1:	10
Table value at index 1:	10
Table value at index 1:	10
Table value at index 1:	10
Table value at index 1:	10
Table value at index 1:	10
Table value at index 1:	10
Table value at index 1:	10
Table value at index 1:	10
Table value at index 1:	10
Table value at index 1:	10
Table value at index 1:	10
Table value at index 1:	10
Table value at index 1:	10
Table value at index 1:	10
Table value at index 1:	10
Table value at index 1:	10
Table value at index 1:	10
Table value at index 1:	10
Table value at index 1:	10
Table value at index 1:	10
Table value at index 1:	10
Table value at index 1:	10
Table value at index 1:	10
Table value at index 1:	10
Table value at index 1:	10
Table value at index 1:	10
Table value at index 1:	10
Table value at index 1:	10
Table value at index 1:	10
Table value at index 1:	10
Table value at index 1:	10
Table value at index 1:	10
Table value at index 1:	10
Table value at index 1:	10
Table value at index 1:	10
Table value at index 1:	10
Table value at index 1:	10
Table value at index 1:	10
Table value at index 1:	10
Table value at index 1:	10
Table value at index 1:	10
Table value at index 1:	10
Table value at index 1:	10
Table value at index 1:	10
Table value at index 1:	10
Table value at index 1:	10
Table value at index 1:	10
Table value at index 1:	10
Table value at index 1:	10
Table value at index 1:	10
Table value at index 1:	10
Table value at index 1:	10
Table value at index 1:	10
Table value at index 1:	10
Table value at index 1:	10
Table value at index 1:	10
Table value at index 1:	10
Table value at index 1:	10
Table value at index 1:	10
Table value at index 1:	10
Table value at index 1:	10
Table value at index 1:	10
Table value at index 1:	10
Table value at index 1:	10
Table value at index 1:	10
Table value at index 1:	10
Table value at index 1:	10
Table value at index 1:	10
Table value at index 1:	10
Table value at index 1:	10
Table value at index 1:	10
Table value at index 1:	10
Table value at index 1:	10
Table value at index 1:	10
Table value at index 1:	10
Table value at index 1:	10
Table value at index 1:	10
Table value at index 1:	10
Table value at index 1:	10
Table value at index 1:	10
Table value at index 1:	10
Table value at index 1:	10
Table value at index 1:	10
Table value at index 1:	10
Table value at index 1:	10
Table value at index 1:	10
Table value at index 1:	10
Table value at index 1:	10
Table value at index 1:	10
Table value at index 1:	10
Table value at index 1:	10
Table value at index 1:	10
Table value at index 1:	10
Table value at index 1:	10
Table value at index 1:	10
Table value at index 1:	10
Table value at index 1:	10
Table value at index 1:	10
Table value at index 1:	10
Table value at index 1:	10
Table value at index 1:	10
Table value at index 1:	10
Table value at index 1:	10
Table value at index 1:	10
Table value at index 1:	10
Table value at index 1:	10
Table value at index 1:	10
Table value at index 1:	10
Table value at index 1:	10
Table value at index 1:	10
Table value at index 1:	10
Table value at index 1:	10
Table value at index 1:	10
Table value at index 1:	10
Table value at index 1:	10
Table value at index 1:	10
Table value at index 1:	10
Table value at index 1:	10
Table value at index 1:	10
Table value at index 1:	10
Table value at index 1:	10
Table value at index 1:	10
Table value at index 1:	10
Table value at index 1:	10
Table value at index 1:	10
Table value at index 1:	10
Table value at index 1:	10
Table value at index 1:	10
Table value at index 1:	10
Table value at index 1:	10
Table value at index 1:	10
Table value at index 1:	10
Table value at index 1:	10
Table value at index 1:	10
Table value at index 1:	10
Table value at index 1:	10
Table value at index 1:	10
Table value at index 1:	10
Table value at index 1:	10
Table value at index 1:	10
Table value at index 1:	10
Table value at index 1:	10
Table value at index 1:	10
Table value at index 1:	10
Table value at index 1:	10
Table value at index 1:	10
Table value at index 1:	10
Table value at index 1:	10
Table value at index 1:	10
Table value at index 1:	10
Table value at index 1:	10
Table value at index 1:	10
Table value at index 1:	10
Table value at index 1:	10
Table value at index 1:	10
Table value at index 1:	10
Table value at index 1:	10
Table value at index 1:	10
Table value at index 1:	10
Table value at index 1:	10
Table value at index 1:	10
Table value at index 1:	10
Table value at index 1:	10
Table value at index 1:	10
Table value at index 1:	10
Table value at index 1:	10
Table value at index 1:	10
Table value at index 1:	10
Table value at index 1:	10
Table value at index 1:	10
Table value at index 1:	10
Table value at index 1:	10
Table value at index 1:	10
Table value at index 1:	10
Table value at index 1:	10
Table value at index 1:	10
Table value at index 1:	10
Table value at index 1:	10
Table value at index 1:	10
Table value at index 1:	10
Table value at index 1:	10
Table value at index 1:	10
Table value at index 1:	10
Table value at index 1:	10
Table value at index 1:	10
Table value at index 1:	10
Table value at index 1:	10
Table value at index 1:	10
Table value at index 1:	10
Table value at index 1:	10
Table value at index 1:	10
Table value at index 1:	10
Table value at index 1:	10
Table value at index 1:	10
Table value at index 1:	10
Table value at index 1:	10
Table value at index 1:	10
Table value at index 1:	10
Table value at index 1:	10
Table value at index 1:	10
Table value at index 1:	10
Table value at index 1:	10
Table value at index 1:	10
Table value at index 1:	10
Table value at index 1:	10
Table value at index 1:	10
Table value at index 1:	10
Table value at index 1:	10
Table value at index 1:	10
Table value at index 1:	10
Table value at index 1:	10
Table value at index 1:	10
Table value at index 1:	10
Table value at index 1:	10
Table value at index 1:	10
Table value at index 1:	10
Table value at index 1:	10
Table value at index 1:	10
Table value at index 1:	10
Table value at index 1:	10
Table value at index 1:	10
Table value at index 1:	10
Table value at index 1:	10
Table value at index 1:	10
Table value at index 1:	10
Table value at index 1:	10
Table value at index 1:	10
Table value at index 1:	10
Table value at index 1:	10
Table value at index 1:	10
Table value at index 1:	10
Table value at index 1:	10
Table value at index 1:	10
Table value at index 1:	10
Table value at index 1:	10
Table value at index 1:	10
Table value at index 1:	10
Table value at index 1:	10
Table value at index 1:	10
Table value at index 1:	10
Table value at index 1:	10
Table value at index 1:	10
Table value at index 1:	10
Table value at index 1:	10
Table value at index 1:	10
Table value at index 1:	10
Table value at index 1:	10
Table value at index 1:	10
Table value at index 1:	10
Table value at index 1:	10
Table value at index 1:	10
Table value at index 1:	10
Table value at index 1:	10
Table value at index 1:	10
Table value at index 1:	10
Table value at index 1:	10
Table value at index 1:	10
Table value at index 1:	10
Table value at index 1:	10
Table value at index 1:	10
Table value at index 1:	10
Table value at index 1:	10
Table value at index 1:	10
Table value at index 1:	10
Table value at index 1:	10
Table value at index 1:	10
Table value at index 1:	10
Table value at index 1:	10
Table value at index 1:	10
Table value at index 1:	10
Table value at index 1:	10
Table value at index 1:	10
Table value at index 1:	10
Table value at index 1:	10
Table value at index 1:	10
Table value at index 1:	10
Table value at index 1:	10
Table value at index 1:	10
Table value at index 1:	10
Table value at index 1:	10
Table value at index 1:	10
Table value at index 1:	10
Table value at index 1:	10
Table value at index 1:	10
Table value at index 1:	10
Table value at index 1:	10
Table value at index 1:	10
Table value at index 1:	10
Table value at index 1:	10
Table value at index 1:	10
Table value at index 1:	10
Table value at index 1:	10
Table value at index 1:	10
Table value at index 1:	10
Table value at index 1:	10
Table value at index 1:	10
Table value at index 1:	10
Table value at index 1:	10
Table value at index 1:	10
Table value at index 1:	10
Table value at index 1:	10
Table value at index 1:	10
Table value at index 1:	10
Table value at index 1:	10
Table value at index 1:	10
Table value at index 1:	10
Table value at index 1:	10
Table value at index 1:	10
Table value at index 1:	10
Table value at index 1:	10
Table value at index 1:	10
Table value at index 1:	10
Table value at index 1:	10
Table value at index 1:	10
Table value at index 1:	10
Table value at index 1:	10
Table value at index 1:	10
Table value at index 1:	10
Table value at index 1:	10
Table value at index 1:	10
Table value at index 1:	10
Table value at index 1:	10
Table value at index 1:	10
Table value at index 1:	10
Table value at index 1:	10
Table value at index 1:	10
Table value at index 1:	10
Table value at index 1:	10
Table value at index 1:	10
Table value at index 1:	10
Table value at index 1:	10
Table value at index 1:	10
Table value at index 1:	10
Table value at index 1:	10
Table value at index 1:	10
Table value at index 1:	10
Table value at index 1:	10
Table value at index 1:	10
Table value at index 1:	10
Table value at index 1:	10
Table value at index 1:	10
Table value at index 1:	10
Table value at index 1:	10
Table value at index 1:	10
Table value at index 1:	10
Table value at index 1:	10
Table value at index 1:	10
Table value at index 1:	10
Table value at index 1:	10
Table value at index 1:	10
Table value at index 1:	10
Table value at index 1:	10
Table value at index 1:	10
Table value at index 1:	10
Table value at index 1:	10
Table value at index 1:	10
Table value at index 1:	10
Table value at index 1:	10
Table value at index 1:	10
Table value at index 1:	10
Table value at index 1:	10
Table value at index 1:	10
Table value at index 1:	10
Table value at index 1:	10
Table value at index 1:	10
Table value at index 1:	10
Table value at index 1:	10
Table value at index 1:	10
Table value at index 1:	10
Table value at index 1:	10
Table value at index 1:	10
Table value at index 1:	10
Table value at index 1:	10
Table value at index 1:	10
Table value at index 1:	10
Table value at index 1:	10
Table value at index 1:	10
Table value at index 1:	10
Table value at index 1:	10
Table value at index 1:	10
Table value at index 1:	10
Table value at index 1:	10
Table value at index 1:	10
Table value at index 1:	10
Table value at index 1:	10
Table value at index 1:	10
Table value at index 1:	10
Table value at index 1:	10
Table value at index 1:	10
Table value at index 1:	10
Table value at index 1:	10
Table value at index 1:	10
Table value at index 1:	10
Table value at index 1:	10
Table value at index 1:	10
Table value at index 1:	10
Table value at index 1:	10
Table value at index 1:	10
Table value at index 1:	10
Table value at index 1:	10
Table value at index 1:	10
Table value at index 1:	10
Table value at index 1:	10
Table value at index 1:	10
Table value at index 1:	10
Table value at index 1:	10
Table value at index 1:	10
Table value at index 1:	10
Table value at index 1:	10
Table value at index 1:	10
Table value at index 1:	10
Table value at index 1:	10
Table value at index 1:	10
Table value at index 1:	10
Table value at index 1:	10
Table value at index 1:	10
Table value at index 1:	10
Table value at index 1:	10
Table value at index 1:	10
Table value at index 1:	10
Table value at index 1:	10
Table value at index 1:	10
Table value at index 1:	10
Table value at index 1:	10
Table value at index 1:	10
Table value at index 1:	10
Table value at index 1:	10
Table value at index 1:	10
Table value at index 1:	10
Table value at index 1:	10
Table value at index 1:	10
Table value at index 1:	10
Table value at index 1:	10
Table value at index 1:	10
Table value at index 1:	10
Table value at index 1:	10
Table value at index 1:	10
Table value at index 1:	10
Table value at index 1:	10
Table value at index 1:	10
Table value at index 1:	10
Table value at index 1:	10
Table value at index 1:	10
Table value at index 1:	10
Table value at index 1:	10
Table value at index 1:	10
Table value at index 1:	10
Table value at index 1:	10
Table value at index 1:	10
Table value at index 1:	10
Table value at index 1:	10
Table value at index 1:	10
Table value at index 1:	10
Table value at index 1:	10
Table value at index 1:	10
Table value at index 1:	10
Table value at index 1:	10
Table value at index 1:	10
Table value at index 1:	10
Table value at index 1:	10
Table value at index 1:	10
Table value at index 1:	10
Table value at index 1:	10
Table value at index 1:	10
Table value at index 1:	10
Table value at index 1:	10
Table value at index 1:	10
Table value at index 1:	10
Table value at index 1:	10
Table value at index 1:	10
Table value at index 1:	10
Table value at index 1:	10
Table value at index 1:	10
Table value at index 1:	10
Table value at index 1:	10
Table value at index 1:	10
Table value at index 1:	10
Table value at index 1:	10
Table value at index 1:	10
Table value at index 1:	10
Table value at index 1:	10
Table value at index 1:	10
Table value at index 1:	10
Table value at index 1:	10
Table value at index 1:	10
Table value at index 1:	10
Table value at index 1:	10
Table value at index 1:	10
Table value at index 1:	10
Table value at index 1:	10
Table value at index 1:	10
Table value at index 1:	10
Table value at index 1:	10
Table value at index 1:	10
Table value at index 1:	10
Table value at index 1:	10
Table value at index 1:	10
Table value at index 1:	10
Table value at index 1:	10
Table value at index 1:	10
Table value at index 1:	10
Table value at index 1:	10
Table value at index 1:	10
Table value at index 1:	10
Table value at index 1:	10
Table value at index 1:	10
Table value at index 1:	10
Table value at index 1:	10
Table value at index 1:	10
Table value at index 1:	10
Table value at index 1:	10
Table value at index 1:	10
Table value at index 1:	10
Table value at index 1:	10
Table value at index 1:	10
Table value at index 1:	10
Table value at index 1:	10
Table value at index 1:	10
Table value at index 1:	10
Table value at index 1:	10
Table value at index 1:	10
Table value at index 1:	10
Table value at index 1:	10
Table value at index 1:	10
Table value at index 1:	10
Table value at index 1:	10
Table value at index 1:	10
Table value at index 1:	10
Table value at index 1:	10
Table value at index 1:	10
Table value at index 1:	10
Table value at index 1:	10
Table value at index 1:	10
Table value at index 1:	10
Table value at index 1:	10
Table value at index 1:	10
Table value at index 1:	10
Table value at index 1:	10
Table value at index 1:	10
Table value at index 1:	10
Table value at index 1:	10
Table value at index 1:	10
Table value at index 1:	10
Table value at index 1:	10
Table value at index 1:	10
Table value at index 1:	10
Table value at index 1:	10
Table value at index 1:	10
Table value at index 1:	10
Table value at index 1:	10
Table value at index 1:	10
Table value at index 1:	10
Table value at index 1:	10
Table value at index 1:	10
Table value at index 1:	10
Table value at index 1:	10
Table value at index 1:	10
Table value at index 1:	10
Table value at index 1:	10
Table value at index 1:	10
Table value at index 1:	10
Table value at index 1:	10
Table value at index 1:	10
Table value at index 1:	10
Table value at index 1:	10
Table value at index 1:	10
Table value at index 1:	10
Table value at index 1:	10
Table value at index 1:	10
Table value at index 1:	10
Table value at index 1:	10
Table value at index 1:	10
Table value at index 1:	10
Table value at index 1:	10
Table value at index 1:	10
Table value at index 1:	10
Table value at index 1:	10
Table value at index 1:	10
Table value at index 1:	10
Table value at index 1:	10
Table value at index 1:	10
Table value at index 1:	10
Table value at index 1:	10
Table value at index 1:	10
Table value at index 1:	10
Table value at index 1:	10
Table value at index 1:	10
Table value at index 1:	10
Table value at index 1:	10
Table value at index 1:	10
Table value at index 1:	10
Table value at index 1:	10
Table value at index 1:	10
Table value at index 1:	10
Table value at index 1:	10
Table value at index 1:	10
Table value at index 1:	10
Table value at index 1:	10
Table value at index 1:	10
Table value at index 1:	10
Table value at index 1:	10
Table value at index 1:	10
Table value at index 1:	10
Table value at index 1:	10
Table value at index 1:	10
Table value at index 1:	10
Table value at index 1:	10
Table value at index 1:	10
Table value at index 1:	10
Table value at index 1:	10
Table value at index 1:	10
Table value at index 1:	10
Table value at index 1:	10
Table value at index 1:	10
Table value at index 1:	10
Table value at index 1:	10
Table value at index 1:	10
Table value at index 1:	10
Table value at index 1:	10
Table value at index 1:	10
Table value at index 1:	10
Table value at index 1:	10
Table value at index 1:	10
Table value at index 1:	10
Table value at index 1:	10
Table value at index 1:	10
Table value at index 1:	10
Table value at index 1:	10
Table value at index 1:	10
Table value at index 1:	10
Table value at index 1:	10
Table value at index 1:	10
Table value at index 1:	10
Table value at index 1:	10
Table value at index 1:	10
Table value at index 1:	10
Table value at index 1:	10
Table value at index 1:	10
Table value at index 1:	10
Table value at index 1:	10
Table value at index 1:	10
Table value at index 1:	10
Table value at index 1:	10
Table value at index 1:	10
Table value at index 1:	10
Table value at index 1:	10
Table value at index 1:	10
Table value at index 1:	10
Table value at index 1:	10
Table value at index 1:	10
Table value at index 1:	10
Table value at index 1:	10
Table value at index 1:	10
Table value at index 1:	10
Table value at index 1:	10
Table value at index 1:	10
Table value at index 1:	10
Table value at index 1:	10
Table value at index 1:	10
Table value at index 1:	10
Table value at index 1:	10
Table value at index 1:	10
Table value at index 1:	10
Table value at index 1:	10
Table value at index 1:	10
Table value at index 1:	10
Table value at index 1:	10
Table value at index 1:	10
Table value at index 1:	10
Table value at index 1:	10
Table value at index 1:	10
Table value at index 1:	10
Table value at index 1:	10
Table value at index 1:	10
Table value at index 1:	10
Table value at index 1:	10
Table value at index 1:	10
Table value at index 1:	10
Table value at index 1:	10
Table value at index 1:	10
Table value at index 1:	10
Table value at index 1:	10
Table value at index 1:	10
Table value at index 1:	10
Table value at index 1:	10
Table value at index 1:	10
Table value at index 1:	10
Table value at index 1:	10
Table value at index 1:	10
Table value at index 1:	10
Table value at index 1:	10
Table value at index 1:	10
Table value at index 1:	10
Table value at index 1:	10
Table value at index 1:	10
Table value at index 1:	10
Table value at index 1:	10
Table value at index 1:	10
Table value at index 1:	10
Table value at index 1:	10
Table value at index 1:	10
Table value at index 1:	10
Table value at index 1:	10
Table value at index 1:	10
Table value at index 1:	10
Table value at index 1:	10
Table value at index 1:	10
Table value at index 1:	10
Table value at index 1:	10
Table value at index 1:	10
Table value at index 1:	10
Table value at index 1:	10
Table value at index 1:	10
Table value at index 1:	10
Table value at index 1:	10
Table value at index 1:	10
Table value at index 1:	10
Table value at index 1:	10
Table value at index 1:	10
Table value at index 1:	10
Table value at index 1:	10
Table value at index 1:	10
Table value at index 1:	10
Table value at index 1:	10
Table value at index 1:	10
Table value at index 1:	10
Table value at index 1:	10
Table value at index 1:	10
Table value at index 1:	10
Table value at index 1:	10
Table value at index 1:	10
Table value at index 1:	10
Table value at index 1:	10
Table value at index 1:	10
Table value at index 1:	10
Table value at index 1:	10
Table value at index 1:	10
Table value at index 1:	10
Table value at index 1:	10
Table value at index 1:	10
Table value at index 1:	10
Table value at index 1:	10
Table value at index 1:	10
Table value at index 1:	10
Table value at index 1:	10
Table value at index 1:	10
Table value at index 1:	10
Table value at index 1:	10
Table value at index 1:	10
Table value at index 1:	10
Table value at index 1:	10
Table value at index 1:	10
Table value at index 1:	10
Table value at index 1:	10
Table value at index 1:	10
Table value at index 1:	10
Table value at index 1:	10
Table value at index 1:	10
Table value at index 1:	10
Table value at index 1:	10
Table value at index 1:	10
Table value at index 1:	10
Table value at index 1:	10
Table value at index 1:	10
Table value at index 1:	10
Table value at index 1:	10
Table value at index 1:	10
Table value at index 1:	10
Table value at index 1:	10
Table value at index 1:	10
Table value at index 1:	10
Table value at index 1:	10
Table value at index 1:	10
Table value at index 1:	10
Table value at index 1:	10
Table value at index 1:	10
Table value at index 1:	10
Table value at index 1:	10
Table value at index 1:	10
Table value at index 1:	10
Table value at index 1:	10
Table value at index 1:	10
Table value at index 1:	10
Table value at index 1:	10
Table value at index 1:	10
Table value at index 1:	10
Table value at index 1:	10
Table value at index 1:	10
Table value at index 1:	10
Table value at index 1:	10
Table value at index 1:	10
Table value at index 1:	10
Table value at index 1:	10
Table value at index 1:	10
Table value at index 1:	10
Table value at index 1:	10
Table value at index 1:	10
Table value at index 1:	10
Table value at index 1:	10
Table value at index 1:	10
Table value at index 1:	10
Table value at index 1:	10
Table value at index 1:	10
Table value at index 1:	10
Table value at index 1:	10
Table value at index 1:	10
Table value at index 1:	10
Table value at index 1:	10
Table value at index 1:	10
Table value at index 1:	10
Table value at index 1:	10
Table value at index 1:	10
Table value at index 1:	10
Table value at index 1:	10
Table value at index 1:	10
Table value at index 1:	10
Table value at index 1:	10
Table value at index 1:	10
Table value at index 1:	10
Table value at index 1:	10
Table value at index 1:	10
Table value at index 1:	10
Table value at index 1:	10
Table value at index 1:	10
Table value at index 1:	10
Table value at index 1:	10
Table value at index 1:	10
Table value at index 1:	10
Table value at index 1:	10
Table value at index 1:	10
Table value at index 1:	10
Table value at index 1:	10
Table value at index 1:	10
Table value at index 1:	10
Table value at index 1:	10
Table value at index 1:	10
Table value at index 1:	10
Table value at index 1:	10
Table value at index 1:	10
Table value at index 1:	10
Table value at index 1:	10
Table value at index 1:	10
Table value at index 1:	10
Table value at index 1:	10
Table value at index 1:	10
Table value at index 1:	10
Table value at index 1:	10
Table value at index 1:	10
Table value at index 1:	10
Table value at index 1:	10
Table value at index 1:	10
Table value at index 1:	10
Table value at index 1:	10
Table value at index 1:	10
Table value at index 1:	10
Table value at index 1:	10
Table value at index 1:	10
Table value at index 1:	10
Table value at index 1:	10
Table value at index 1:	10
Table value at index 1:	10
Table value at index 1:	10
Table value at index 1:	10
Table value at index 1:	10
Table value at index 1:	10
Table value at index 1:	10
Table value at index 1:	10
Table value at index 1:	10
Table value at index 1:	10
Table value at index 1:	10
Table value at index 1:	10
Table value at index 1:	10
Table value at index 1:	10
Table value at index 1:	10
Table value at index 1:	10
Table value at index 1:	10
Table value at index 1:	10
Table value at index 1:	10
Table value at index 1:	10
Table value at index 1:	10
Table value at index 1:	10
Table value at index 1:	10
Table value at index 1:	10
Table value at index 1:	10
Table value at index 1:	10
Table value at index 1:	10
Table value at index 1:	10
Table value at index 1:	10
Table value at index 1:	10
Table value at index 1:	10
Table value at index 1:	10
Table value at index 1:	10
Table value at index 1:	10
Table value at index 1:	10
Table value at index 1:	10
Table value at index 1:	10
Table value at index 1:	10
Table value at index 1:	10
Table value at index 1:	10
Table value at index 1:	10
Table value at index 1:	10
Table value at index 1:	10
Table value at index 1:	10
Table value at index 1:	10
Table value at index 1:	10
Table value at index 1:	10
Table value at index 1:	10
Table value at index 1:	10
Table value at index 1:	10
Table value at index 1:	10
Table value at index 1:	10
Table value at index 1:	10
Table value at index 1:	10
Table value at index 1:	10
Table value at index 1:	10
Table value at index 1:	10
Table value at index 1:	10
Table value at index 1:	10
Table value at index 1:	10
Table value at index 1:	10
Table value at index 1:	10
Table value at index 1:	10
Table value at index 1:	10
Table value at index 1:	10
Table value at index 1:	10
Table value at index 1:	10
Table value at index 1:	10
Table value at index 1:	10
Table value at index 1:	10
Table value at index 1:	10
Table value at index 1:	10
Table value at index 1:	10
Table value at index 1:	10
Table value at index 1:	10
Table value at index 1:	10
Table value at index 1:	10
Table value at index 1:	10
Table value at index 1:	10
Table value at index 1:	10
Table value at index 1:	10
Table value at index 1:	10
Table value at index 1:	10
Table value at index 1:	10
Table value at index 1:	10
Table value at index 1:	10
Table value at index 1:	10
Table value at index 1:	10
Table value at index 1:	10
Table value at index 1:	10
Table value at index 1:	10
Table value at index 1:	10
Table value at index 1:	10
Table value at index 1:	10
Table value at index 1:	10
Table value at index 1:	10
Table value at index 1:	10
Table value at index 1:	10
Table value at index 1:	10
Table value at index 1:	10
Table value at index 1:	10
Table value at index 1:	10
Table value at index 1:	10
Table value at index 1:	10
Table value at index 1:	10
Table value at index 1:	10
Table value at index 1:	10
Table value at index 1:	10
Table value at index 1:	10
Table value at index 1:	10
Table value at index 1:	10
Table value at index 1:	10
Table value at index 1:	10
Table value at index 1:	10
Table value at index 1:	10
Table value at index 1:	10
Table value at index 1:	10
Table value at index 1:	10
Table value at index 1:	10
Table value at index 1:	10
Table value at index 1:	10
Table value at index 1:	10
Table value at index 1:	10
Table value at index 1:	10
Table value at index 1:	10
Table value at index 1:	10
Table value at index 1:	10
Table value at index 1:	10
Table value at index 1:	10
Table value at index 1:	10
Table value at index 1:	10
Table value at index 1:	10
Table value at index 1:	10
Table value at index 1:	10
Table value at index 1:	10
Table value at index 1:	10
Table value at index 1:	10
Table value at index 1:	10
Table value at index 1:	10
Table value at index 1:	10
Table value at index 1:	10
Table value at index 1:	10
Table value at index 1:	10
Table value at index 1:	10
Table value at index 1:	10
Table value at index 1:	10
Table value at index 1:	10
Table value at index 1:	10
Table value at index 1:	10
Table value at index 1:	10
Table value at index 1:	10
Table value at index 1:	10
Table value at index 1:	10
Table value at index 1:	10
Table value at index 1:	10
Table value at index 1:	10
Table value at index 1:	10
Table value at index 1:	10
Table value at index 1:	10
Table value at index 1:	10
Table value at index 1:	10
Table value at index 1:	10
Table value at index 1:	10
Table value at index 1:	10
Table value at index 1:	10
Table value at index 1:	10
Table value at index 1:	10
Table value at index 1:	10
Table value at index 1:	10
Table value at index 1:	10
Table value at index 1:	10
Table value at index 1:	10
Table value at index 1:	10
Table value at index 1:	10
Table value at index 1:	10
Table value at index 1:	10
Table value at index 1:	10
Table value at index 1:	10
Table value at index 1:	10
Table value at index 1:	10
Table value at index 1:	10
Table value at index 1:	10
Table value at index 1:	10
Table value at index 1:	10
Table value at index 1:	10
Table value at index 1:	10
Table value at index 1:	10
Table value at index 1:	10
Table value at index 1:	10
Table value at index 1:	10
Table value at index 1:	10
Table value at index 1:	10
Table value at index 1:	10
Table value at index 1:	10
Table value at index 1:	10
Table value at index 1:	10
Table value at index 1:	10
Table value at index 1:	10
Table value at index 1:	10
Table value at index 1:	10
Table value at index 1:	10
Table value at index 1:	10
Table value at index 1:	10
Table value at index 1:	10
Table value at index 1:	10
Table value at index 1:	10
Table value at index 1:	10
Table value at index 1:	10
Table value at index 1:	10
Table value at index 1:	10
Table value at index 1:	10
Table value at index 1:	10
Table value at index 1:	10
Table value at index 1:	10
Table value at index 1:	10
Table value at index 1:	10
Table value at index 1:	10
Table value at index 1:	10
Table value at index 1:	10
Table value at index 1:	10
Table value at index 1:	10
Table value at index 1:	10
Table value at index 1:	10
Table value at index 1:	10
Table value at index 1:	10
Table value at index 1:	10
Table value at index 1:	10
Table value at index 1:	10
Table value at index 1:	10
Table value at index 1:	10
Table value at index 1:	10
Table value at index 1:	10
Table value at index 1:	10
Table value at index 1:	10
Table value at index 1:	10
Table value at index 1:	10
Table value at index 1:	10
Table value at index 1:	10
Table value at index 1:	10
Table value at index 1:	10
Table value at index 1:	10
Table value at index 1:	10
Table value at index 1:	10
Table value at index 1:	10
Table value at index 1:	10
Table value at index 1:	10
Table value at index 1:	10
Table value at index 1:	10
Table value at index 1:	10
Table value at index 1:	10
Table value at index 1:	10
Table value at index 1:	10
Table value at index 1:	10
Table value at index 1:	10
Table value at index 1:	10
Table value at index 1:	10
Table value at index 1:	10
Table value at index 1:	10
Table value at index 1:	10
Table value at index 1:	10
Table value at index 1:	10
Table value at index 1:	10
Table value at index 1:	10
Table value at index 1:	10
Table value at index 1:	10
Table value at index 1:	10
Table value at index 1:	10
Table value at index 1:	10
Table value at index 1:	10
Table value at index 1:	10
Table value at index 1:	10
Table value at index 1:	10
Table value at index 1:	10
Table value at index 1:	10
Table value at index 1:	10
Table value at index 1:	10
Table value at index 1:	10
Table value at index 1:	10
Table value at index 1:	10
Table value at index 1:	10
Table value at index 1:	10
Table value at index 1:	10
Table value at index 1:	10
Table value at index 1:	10
Table value at index 1:	10
Table value at index 1:	10
Table value at index 1:	10
Table value at index 1:	10
Table value at index 1:	10
Table value at index 1:	10
Table value at index 1:	10
Table value at index 1:	10
Table value at index 1:	10
Table value at index 1:	10
Table value at index 1:	10
Table value at index 1:	10
Table value at index 1:	10
Table value at index 1:	10
Table value at index 1:	10
Table value at index 1:	10
Table value at index 1:	10
Table value at index 1:	10
Table value at index 1:	10
Table value at index 1:	10
Table value at index 1:	10
Table value at index 1:	10
Table value at index 1:	10
Table value at index 1:	10
Table value at index 1:	10
Table value at index 1:	10
Table value at index 1:	10
Table value at index 1:	10
Table value at index 1:	10
Table value at index 1:	10
Table value at index 1:	10
Table value at index 1:	10
Table value at index 1:	10
Table value at index 1:	10
Table value at index 1:	10
Table value at index 1:	10
Table value at index 1:	10
Table value at index 1:	10
Table value at index 1:	10
Table value at index 1:	10
Table value at index 1:	10
Table value at index 1:	10
Table value at index 1:	10
Table value at index 1:	10
Table value at index 1:	10
Table value at index 1:	10
Table value at index 1:	10
Table value at index 1:	10
Table value at index 1:	10
Table value at index 1:	10
Table value at index 1:	10
Table value at index 1:	10
Table value at index 1:	10
Table value at index 1:	10
Table value at index 1:	10
Table value at index 1:	10
Table value at index 1:	10
Table value at index 1:	10
Table value at index 1:	10
Table value at index 1:	10
Table value at index 1:	10
Table value at index 1:	10
Table value at index 1:	10
Table value at index 1:	10
Table value at index 1:	10
Table value at index 1:	10
Table value at index 1:	10
Table value at index 1:	10
Table value at index 1:	10
Table value at index 1:	10
Table value at index 1:	10
Table value at index 1:	10
Table value at index 1:	10
Table value at index 1:	10
Table value at index 1:	10
Table value at index 1:	10
Table value at index 1:	10
Table value at index 1:	10
Table value at index 1:	10
Table value at index 1:	10
Table value at index 1:	10
Table value at index 1:	10
Table value at index 1:	10
Table value at index 1:	10
Table value at index 1:	10
Table value at index 1:	10
Table value at index 1:	10
Table value at index 1:	10
Table value at index 1:	10
Table value at index 1:	10
Table value at index 1:	10
Table value at index 1:	10
Table value at index 1:	10
Table value at index 1:	10
Table value at index 1:	10
Table value at index 1:	10
Table value at index 1:	10
Table value at index 1:	10
Table value at index 1:	10
Table value at index 1:	10
Table value at index 1:	10
Table value at index 1:	10
Table value at index 1:	10
Table value at index 1:	10
Table value at index 1:	10
Table value at index 1:	10
Table value at index 1:	10
Table value at index 1:	10
Table value at index 1:	10
Table value at index 1:	10
Table value at index 1:	10
Table value at index 1:	10
Table value at index 1:	10
Table value at index 1:	10
Table value at index 1:	10
Table value at index 1:	10
Table value at index 1:	10
Table value at index 1:	10
Table value at index 1:	10
Table value at index 1:	10
Table value at index 1:	10
Table value at index 1:	10
Table value at index 1:	10
Table value at index 1:	10
Table value at index 1:	10
Table value at index 1:	10
Table value at index 1:	10
Table value at index 1:	10
Table value at index 1:	10
Table value at index 1:	10
Table value at index 1:	10
Table value at index 1:	10
Table value at index 1:	10
Table value at index 1:	10
Table value at index 1:	10
Table value at index 1:	10
Table value at index 1:	10
Table value at index 1:	10
Table value at index 1:	10
Table value at index 1:	10
Table value at index 1:	10
Table value at index 1:	10
Table value at index 1:	10
Table value at index 1:	10
Table value at index 1:	10
Table value at index 1:	10
Table value at index 1:	10
Table value at index 1:	10
Table value at index 1:	10
Table value at index 1:	10
Table value at index 1:	10
Table value at index 1:	10
Table value at index 1:	10
Table value at index 1:	10
Table value at index 1:	10
Table value at index 1:	10
Table value at index 1:	10
Table value at index 1:	10
Table value at index 1:	10
Table value at index 1:	10
Table value at index 1:	10
Table value at index 1:	10
Table value at index 1:	10
Table value at index 1:	10
Table value at index 1:	10
Table value at index 1:	10
Table value at index 1:	10
Table value at index 1:	10
Table value at index 1:	10
Table value at index 1:	10
Table value at index 1:	10
Table value at index 1:	10
Table value at index 1:	10
Table value at index 1:	10
Table value at index 1:	10
Table value at index 1:	10
Table value at index 1:	10
Table value at index 1:	10
Table value at index 1:	10
Table value at index 1:	10
Table value at index 1:	10
Table value at index 1:	10
Table value at index 1:	10
Table value at index 1:	10
Table value at index 1:	10
Table value at index 1:	10
Table value at index 1:	10
Table value at index 1:	10
Table value at index 1:	10
Table value at index 1:	10
Table value at index 1:	10
Table value at index 1:	10
Table value at index 1:	10
Table value at index 1:	10
Table value at index 1:	10
Table value at index 1:	10
Table value at index 1:	10
Table value at index 1:	10
Table value at index 1:	10
Table value at index 1:	10
Table value at index 1:	10
Table value at index 1:	10
Table value at index 1:	10
Table value at index 1:	10
Table value at index 1:	10
Table value at index 1:	10
Table value at index 1:	10
Table value at index 1:	10
Table value at index 1:	10
Table value at index 1:	10
Table value at index 1:	10
Table value at index 1:	10
Table value at index 1:	10
Table value at index 1:	10
Table value at index 1:	10
Table value at index 1:	10
Table value at index 1:	10
Table value at index 1:	10
Table value at index 1:	10
Table value at index 1:	10
Table value at index 1:	10
Table value at index 1:	10
Table value at index 1:	10
Table value at index 1:	10
Table value at index 1:	10
Table value at index 1:	10
Table value at index 1:	10
Table value at index 1:	10
Table value at index 1:	10
Table value at index 1:	10
Table value at index 1:	10
Table value at index 1:	10
Table value at index 1:	10
Table value at index 1:	10
Table value at index 1:	10
Table value at index 1:	10
Table value at index 1:	10
Table value at index 1:	10
Table value at index 1:	10
Table value at index 1:	10
Table value at index 1:	10
Table value at index 1:	10
Table value at index 1:	10
Table value at index 1:	10
Table value at index 1:	10
Table value at index 1:	10
Table value at index 1:	10
Table value at index 1:	10
Table value at index 1:	10
Table value at index 1:	10
Table value at index 1:	10
Table value at index 1:	10
Table value at index 1:	10
Table value at index 1:	10
Table value at index 1:	10
Table value at index 1:	10
Table value at index 1:	10
Table value at index 1:	10
Table value at index 1:	10
Table value at index 1:	10
Table value at index 1:	10
Table value at index 1:	10
Table value at index 1:	10
Table value at index 1:	10
Table value at index 1:	10
Table value at index 1:	10
Table value at index 1:	10
Table value at index 1:	10
Table value at index 1:	10
Table value at index 1:	10
Table value at index 1:	10
Table value at index 1:	10
Table value at index 1:	10
Table value at index 1:	10
Table value at index 1:	10
Table value at index 1:	10
Table value at index 1:	10
Table value at index 1:	10
Table value at index 1:	10
Table value at index 1:	10
Table value at index 1:	10
Table value at index 1:	10
Table value at index 1:	10
Table value at index 1:	10
Table value at index 1:	10
Table value at index 1:	10
Table value at index 1:	10
Table value at index 1:	10
Table value at index 1:	10
Table value at index 1:	10
Table value at index 1:	10
Table value at index 1:	10
Table value at index 1:	10
Table value at index 1:	10
Table value at index 1:	10
Table value at index 1:	10
Table value at index 1:	10
Table value at index 1:	10
Table value at index 1:	10
Table value at index 1:	10
Table value at index 1:	10
Table value at index 1:	10
Table value at index 1:	10
Table value at index 1:	10
Table value at index 1:	10
Table value at index 1:	10
Table value at index 1:	10
Table value at index 1:	10
Table value at index 1:	10
Table value at index 1:	10
Table value at index 1:	10
Table value at index 1:	10
Table value at index 1:	10
Table value at index 1:	10
Table value at index 1:	10
Table value at index 1:	10
Table value at index 1:	10
Table value at index 1:	10
Table value at index 1:	10
Table value at index 1:	10
Table value at index 1:	10
Table value at index 1:	10
Table value at index 1:	10
Table value at index 1:	10
Table value at index 1:	10
Table value at index 1:	10
Table value at index 1:	10
Table value at index 1:	10
Table value at index 1:	10
Table value at index 1:	10
Table value at index 1:	10
Table value at index 1:	10
Table value at index 1:	10
Table value at index 1:	10
Table value at index 1:	10
Table value at index 1:	10
Table value at index 1:	10
Table value at index 1:	10
Table value at index 1:	10
Table value at index 1:	10
Table value at index 1:	10
Table value at index 1:	10
Table value at index 1:	10
Table value at index 1:	10
Table value at index 1:	10
Table value at index 1:	10
Table value at index 1:	10
Table value at index 1:	10
Table value at index 1:	10
Table value at index 1:	10
Table value at index 1:	10
Table value at index 1:	10
Table value at index 1:	10
Table value at index 1:	10
Table value at index 1:	10
Table value at index 1:	10
Table value at index 1:	10
Table value at index 1:	10
Table value at index 1:	10
Table value at index 1:	10
Table value at index 1:	10
Table value at index 1:	10
Table value at index 1:	10
Table value at index 1:	10
Table value at index 1:	10
Table value at index 1:	10
Table value at index 1:	10
Table value at index 1:	10
Table value at index 1:	10
Table value at index 1:	10
Table value at index 1:	10
Table value at index 1:	10
Table value at index 1:	10
Table value at index 1:	10
Table value at index 1:	10
Table value at index 1:	10
Table value at index 1:	10
Table value at index 1:	10
Table value at index 1:	10
Table value at index 1:	10
Table value at index 1:	10
Table value at index 1:	10
Table value at index 1:	10
Table value at index 1:	10
Table value at index 1:	10
Table value at index 1:	10
Table value at index 1:	10
Table value at index 1:	10
Table value at index 1:	10
Table value at index 1:	10
Table value at index 1:	10
Table value at index 1:	10
Table value at index 1:	10
Table value at index 1:	10
Table value at index 1:	10
Table value at index 1:	10
Table value at index 1:	10
Table value at index 1:	10
Table value at index 1:	10
Table value at index 1:	10
Table value at index 1:	10
